Archive member included to satisfy reference by file (symbol)

e:/ac6/systemworkbench20/plugins/fr.ac6.mcu.externaltools.arm-none.win32_1.13.2.201705091103/tools/compiler/bin/../lib/gcc/arm-none-eabi/5.4.1/armv7e-m/fpu\libgcc.a(_arm_addsubsf3.o)
                              IKSBSP/Components/lis3mdl/LIS3MDL_MAG_driver_HL.o (__aeabi_i2f)
e:/ac6/systemworkbench20/plugins/fr.ac6.mcu.externaltools.arm-none.win32_1.13.2.201705091103/tools/compiler/bin/../lib/gcc/arm-none-eabi/5.4.1/armv7e-m/fpu\libgcc.a(_arm_muldivsf3.o)
                              IKSBSP/Components/lis3mdl/LIS3MDL_MAG_driver_HL.o (__aeabi_fmul)
e:/ac6/systemworkbench20/plugins/fr.ac6.mcu.externaltools.arm-none.win32_1.13.2.201705091103/tools/compiler/bin/../lib/gcc/arm-none-eabi/5.4.1/armv7e-m/fpu\libgcc.a(_arm_cmpsf2.o)
                              IKSBSP/Components/lis3mdl/LIS3MDL_MAG_driver_HL.o (__aeabi_fcmple)
e:/ac6/systemworkbench20/plugins/fr.ac6.mcu.externaltools.arm-none.win32_1.13.2.201705091103/tools/compiler/bin/../lib/gcc/arm-none-eabi/5.4.1/armv7e-m/fpu\libgcc.a(_arm_fixsfsi.o)
                              IKSBSP/Components/lis3mdl/LIS3MDL_MAG_driver_HL.o (__aeabi_f2iz)
e:/ac6/systemworkbench20/plugins/fr.ac6.mcu.externaltools.arm-none.win32_1.13.2.201705091103/tools/compiler/bin/../lib/gcc/arm-none-eabi/5.4.1/armv7e-m/fpu\libgcc.a(_aeabi_ldivmod.o)
                              IKSBSP/Components/lsm6ds3/LSM6DS3_ACC_GYRO_driver.o (__aeabi_ldivmod)
e:/ac6/systemworkbench20/plugins/fr.ac6.mcu.externaltools.arm-none.win32_1.13.2.201705091103/tools/compiler/bin/../lib/gcc/arm-none-eabi/5.4.1/armv7e-m/fpu\libgcc.a(_udivmoddi4.o)
                              e:/ac6/systemworkbench20/plugins/fr.ac6.mcu.externaltools.arm-none.win32_1.13.2.201705091103/tools/compiler/bin/../lib/gcc/arm-none-eabi/5.4.1/armv7e-m/fpu\libgcc.a(_aeabi_ldivmod.o) (__udivmoddi4)
e:/ac6/systemworkbench20/plugins/fr.ac6.mcu.externaltools.arm-none.win32_1.13.2.201705091103/tools/compiler/bin/../lib/gcc/arm-none-eabi/5.4.1/armv7e-m/fpu\libgcc.a(_dvmd_tls.o)
                              e:/ac6/systemworkbench20/plugins/fr.ac6.mcu.externaltools.arm-none.win32_1.13.2.201705091103/tools/compiler/bin/../lib/gcc/arm-none-eabi/5.4.1/armv7e-m/fpu\libgcc.a(_aeabi_ldivmod.o) (__aeabi_ldiv0)
e:/ac6/systemworkbench20/plugins/fr.ac6.mcu.externaltools.arm-none.win32_1.13.2.201705091103/tools/compiler/bin/../lib/gcc/arm-none-eabi/5.4.1/../../../../arm-none-eabi/lib/armv7e-m/fpu\libc_nano.a(lib_a-exit.o)
                              e:/ac6/systemworkbench20/plugins/fr.ac6.mcu.externaltools.arm-none.win32_1.13.2.201705091103/tools/compiler/bin/../lib/gcc/arm-none-eabi/5.4.1/../../../../arm-none-eabi/lib/armv7e-m/fpu/crt0.o (exit)
e:/ac6/systemworkbench20/plugins/fr.ac6.mcu.externaltools.arm-none.win32_1.13.2.201705091103/tools/compiler/bin/../lib/gcc/arm-none-eabi/5.4.1/../../../../arm-none-eabi/lib/armv7e-m/fpu\libc_nano.a(lib_a-impure.o)
                              e:/ac6/systemworkbench20/plugins/fr.ac6.mcu.externaltools.arm-none.win32_1.13.2.201705091103/tools/compiler/bin/../lib/gcc/arm-none-eabi/5.4.1/../../../../arm-none-eabi/lib/armv7e-m/fpu\libc_nano.a(lib_a-exit.o) (_global_impure_ptr)
e:/ac6/systemworkbench20/plugins/fr.ac6.mcu.externaltools.arm-none.win32_1.13.2.201705091103/tools/compiler/bin/../lib/gcc/arm-none-eabi/5.4.1/../../../../arm-none-eabi/lib/armv7e-m/fpu\libc_nano.a(lib_a-init.o)
                              e:/ac6/systemworkbench20/plugins/fr.ac6.mcu.externaltools.arm-none.win32_1.13.2.201705091103/tools/compiler/bin/../lib/gcc/arm-none-eabi/5.4.1/../../../../arm-none-eabi/lib/armv7e-m/fpu/crt0.o (__libc_init_array)
e:/ac6/systemworkbench20/plugins/fr.ac6.mcu.externaltools.arm-none.win32_1.13.2.201705091103/tools/compiler/bin/../lib/gcc/arm-none-eabi/5.4.1/../../../../arm-none-eabi/lib/armv7e-m/fpu\libc_nano.a(lib_a-memset.o)
                              e:/ac6/systemworkbench20/plugins/fr.ac6.mcu.externaltools.arm-none.win32_1.13.2.201705091103/tools/compiler/bin/../lib/gcc/arm-none-eabi/5.4.1/../../../../arm-none-eabi/lib/armv7e-m/fpu/crt0.o (memset)
e:/ac6/systemworkbench20/plugins/fr.ac6.mcu.externaltools.arm-none.win32_1.13.2.201705091103/tools/compiler/bin/../lib/gcc/arm-none-eabi/5.4.1/../../../../arm-none-eabi/lib/armv7e-m/fpu\libc_nano.a(lib_a-sprintf.o)
                              Src/main.o (sprintf)
e:/ac6/systemworkbench20/plugins/fr.ac6.mcu.externaltools.arm-none.win32_1.13.2.201705091103/tools/compiler/bin/../lib/gcc/arm-none-eabi/5.4.1/../../../../arm-none-eabi/lib/armv7e-m/fpu\libc_nano.a(lib_a-strlen.o)
                              Src/main.o (strlen)
e:/ac6/systemworkbench20/plugins/fr.ac6.mcu.externaltools.arm-none.win32_1.13.2.201705091103/tools/compiler/bin/../lib/gcc/arm-none-eabi/5.4.1/../../../../arm-none-eabi/lib/armv7e-m/fpu\libc_nano.a(lib_a-nano-svfprintf.o)
[...]
Memory Configuration

Name             Origin             Length             Attributes
RAM              0x20000000         0x00018000         xrw
FLASH            0x08000000         0x00080000         xr
*default*        0x00000000         0xffffffff

Linker script and memory map

LOAD e:/ac6/systemworkbench20/plugins/fr.ac6.mcu.externaltools.arm-none.win32_1.13.2.201705091103/tools/compiler/bin/../lib/gcc/arm-none-eabi/5.4.1/armv7e-m/fpu/crti.o
LOAD e:/ac6/systemworkbench20/plugins/fr.ac6.mcu.externaltools.arm-none.win32_1.13.2.201705091103/tools/compiler/bin/../lib/gcc/arm-none-eabi/5.4.1/armv7e-m/fpu/crtbegin.o
LOAD e:/ac6/systemworkbench20/plugins/fr.ac6.mcu.externaltools.arm-none.win32_1.13.2.201705091103/tools/compiler/bin/../lib/gcc/arm-none-eabi/5.4.1/../../../../arm-none-eabi/lib/armv7e-m/fpu/crt0.o
LOAD Drivers/STM32F4xx_HAL_Driver/Src/stm32f4xx_hal.o
LOAD Drivers/STM32F4xx_HAL_Driver/Src/stm32f4xx_hal_cortex.o
LOAD Drivers/STM32F4xx_HAL_Driver/Src/stm32f4xx_hal_dma.o
LOAD Drivers/STM32F4xx_HAL_Driver/Src/stm32f4xx_hal_dma_ex.o
LOAD Drivers/STM32F4xx_HAL_Driver/Src/stm32f4xx_hal_flash.o
LOAD Drivers/STM32F4xx_HAL_Driver/Src/stm32f4xx_hal_flash_ex.o
LOAD Drivers/STM32F4xx_HAL_Driver/Src/stm32f4xx_hal_flash_ramfunc.o
LOAD Drivers/STM32F4xx_HAL_Driver/Src/stm32f4xx_hal_gpio.o
LOAD Drivers/STM32F4xx_HAL_Driver/Src/stm32f4xx_hal_i2c.o
LOAD Drivers/STM32F4xx_HAL_Driver/Src/stm32f4xx_hal_i2c_ex.o
LOAD Drivers/STM32F4xx_HAL_Driver/Src/stm32f4xx_hal_pwr.o
LOAD Drivers/STM32F4xx_HAL_Driver/Src/stm32f4xx_hal_pwr_ex.o
LOAD Drivers/STM32F4xx_HAL_Driver/Src/stm32f4xx_hal_rcc.o
LOAD Drivers/STM32F4xx_HAL_Driver/Src/stm32f4xx_hal_rcc_ex.o
LOAD Drivers/STM32F4xx_HAL_Driver/Src/stm32f4xx_hal_tim.o
LOAD Drivers/STM32F4xx_HAL_Driver/Src/stm32f4xx_hal_tim_ex.o
LOAD Drivers/STM32F4xx_HAL_Driver/Src/stm32f4xx_hal_uart.o
LOAD IKSBSP/Components/lis3mdl/LIS3MDL_MAG_driver.o
LOAD IKSBSP/Components/lis3mdl/LIS3MDL_MAG_driver_HL.o
LOAD IKSBSP/Components/lsm6ds0/LSM6DS0_ACC_GYRO_driver.o
LOAD IKSBSP/Components/lsm6ds0/LSM6DS0_ACC_GYRO_driver_HL.o
LOAD IKSBSP/Components/lsm6ds3/LSM6DS3_ACC_GYRO_driver.o
LOAD IKSBSP/Components/lsm6ds3/LSM6DS3_ACC_GYRO_driver_HL.o
LOAD IKSBSP/Components/lsm6dsl/LSM6DSL_ACC_GYRO_driver.o
LOAD IKSBSP/Components/lsm6dsl/LSM6DSL_ACC_GYRO_driver_HL.o
LOAD IKSBSP/X_NUCLEO_IKS01A1/x_nucleo_iks01a1.o
LOAD IKSBSP/X_NUCLEO_IKS01A1/x_nucleo_iks01a1_accelero.o
LOAD IKSBSP/X_NUCLEO_IKS01A1/x_nucleo_iks01a1_gyro.o
LOAD IKSBSP/X_NUCLEO_IKS01A1/x_nucleo_iks01a1_humidity.o
LOAD IKSBSP/X_NUCLEO_IKS01A1/x_nucleo_iks01a1_magneto.o
LOAD IKSBSP/X_NUCLEO_IKS01A1/x_nucleo_iks01a1_pressure.o
LOAD IKSBSP/X_NUCLEO_IKS01A1/x_nucleo_iks01a1_temperature.o
LOAD Src/gpio.o
LOAD Src/i2c.o
LOAD Src/main.o
LOAD Src/stm32f4xx_hal_msp.o
LOAD Src/stm32f4xx_it.o
LOAD Src/system_stm32f4xx.o
LOAD Src/usart.o
LOAD startup/startup_stm32f401xe.o
LOAD e:/ac6/systemworkbench20/plugins/fr.ac6.mcu.externaltools.arm-none.win32_1.13.2.201705091103/tools/compiler/bin/../lib/gcc/arm-none-eabi/5.4.1/../../../../arm-none-eabi/lib/armv7e-m/fpu\libstdc++_nano.a
LOAD e:/ac6/systemworkbench20/plugins/fr.ac6.mcu.externaltools.arm-none.win32_1.13.2.201705091103/tools/compiler/bin/../lib/gcc/arm-none-eabi/5.4.1/../../../../arm-none-eabi/lib/armv7e-m/fpu\libm.a
START GROUP
LOAD e:/ac6/systemworkbench20/plugins/fr.ac6.mcu.externaltools.arm-none.win32_1.13.2.201705091103/tools/compiler/bin/../lib/gcc/arm-none-eabi/5.4.1/armv7e-m/fpu\libgcc.a
LOAD e:/ac6/systemworkbench20/plugins/fr.ac6.mcu.externaltools.arm-none.win32_1.13.2.201705091103/tools/compiler/bin/../lib/gcc/arm-none-eabi/5.4.1/../../../../arm-none-eabi/lib/armv7e-m/fpu\libc_nano.a
END GROUP
START GROUP
LOAD e:/ac6/systemworkbench20/plugins/fr.ac6.mcu.externaltools.arm-none.win32_1.13.2.201705091103/tools/compiler/bin/../lib/gcc/arm-none-eabi/5.4.1/armv7e-m/fpu\libgcc.a
LOAD e:/ac6/systemworkbench20/plugins/fr.ac6.mcu.externaltools.arm-none.win32_1.13.2.201705091103/tools/compiler/bin/../lib/gcc/arm-none-eabi/5.4.1/../../../../arm-none-eabi/lib/armv7e-m/fpu\libc_nano.a
LOAD e:/ac6/systemworkbench20/plugins/fr.ac6.mcu.externaltools.arm-none.win32_1.13.2.201705091103/tools/compiler/bin/../lib/gcc/arm-none-eabi/5.4.1/../../../../arm-none-eabi/lib/armv7e-m/fpu\libnosys.a
END GROUP
START GROUP
LOAD e:/ac6/systemworkbench20/plugins/fr.ac6.mcu.externaltools.arm-none.win32_1.13.2.201705091103/tools/compiler/bin/../lib/gcc/arm-none-eabi/5.4.1/armv7e-m/fpu\libgcc.a
LOAD e:/ac6/systemworkbench20/plugins/fr.ac6.mcu.externaltools.arm-none.win32_1.13.2.201705091103/tools/compiler/bin/../lib/gcc/arm-none-eabi/5.4.1/../../../../arm-none-eabi/lib/armv7e-m/fpu\libc_nano.a
LOAD e:/ac6/systemworkbench20/plugins/fr.ac6.mcu.externaltools.arm-none.win32_1.13.2.201705091103/tools/compiler/bin/../lib/gcc/arm-none-eabi/5.4.1/../../../../arm-none-eabi/lib/armv7e-m/fpu\libnosys.a
END GROUP
LOAD e:/ac6/systemworkbench20/plugins/fr.ac6.mcu.externaltools.arm-none.win32_1.13.2.201705091103/tools/compiler/bin/../lib/gcc/arm-none-eabi/5.4.1/armv7e-m/fpu/crtend.o
LOAD e:/ac6/systemworkbench20/plugins/fr.ac6.mcu.externaltools.arm-none.win32_1.13.2.201705091103/tools/compiler/bin/../lib/gcc/arm-none-eabi/5.4.1/armv7e-m/fpu/crtn.o
                0x20018000                _estack = 0x20018000
                0x00000200                _Min_Heap_Size = 0x200
                0x00000400                _Min_Stack_Size = 0x400

.isr_vector     0x08000000      0x194
                0x08000000                . = ALIGN (0x4)
 *(.isr_vector)
 .isr_vector    0x08000000      0x194 startup/startup_stm32f401xe.o
                0x08000000                g_pfnVectors
                0x08000194                . = ALIGN (0x4)

.text           0x080001a0     0x7fc8
                0x080001a0                . = ALIGN (0x4)
 *(.text)
 .text          0x080001a0       0x5c e:/ac6/systemworkbench20/plugins/fr.ac6.mcu.externaltools.arm-none.win32_1.13.2.201705091103/tools/compiler/bin/../lib/gcc/arm-none-eabi/5.4.1/armv7e-m/fpu/crtbegin.o
 .text          0x080001fc      0x21c e:/ac6/systemworkbench20/plugins/fr.ac6.mcu.externaltools.arm-none.win32_1.13.2.201705091103/tools/compiler/bin/../lib/gcc/arm-none-eabi/5.4.1/armv7e-m/fpu\libgcc.a(_arm_addsubsf3.o)
                0x080001fc                __aeabi_frsub
                0x08000204                __subsf3
                0x08000204                __aeabi_fsub
                0x08000208                __aeabi_fadd
                0x08000208                __addsf3
                0x08000368                __aeabi_ui2f
                0x08000368                __floatunsisf
                0x08000370                __aeabi_i2f
                0x08000370                __floatsisf
                0x0800038c                __aeabi_ul2f
                0x0800038c                __floatundisf
                0x0800039c                __aeabi_l2f
                0x0800039c                __floatdisf
 .text          0x08000418      0x2a0 e:/ac6/systemworkbench20/plugins/fr.ac6.mcu.externaltools.arm-none.win32_1.13.2.201705091103/tools/compiler/bin/../lib/gcc/arm-none-eabi/5.4.1/armv7e-m/fpu\libgcc.a(_arm_muldivsf3.o)
                0x08000418                __mulsf3
                0x08000418                __aeabi_fmul
                0x08000580                __aeabi_fdiv
                0x08000580                __divsf3
 .text          0x080006b8       0xec e:/ac6/systemworkbench20/plugins/fr.ac6.mcu.externaltools.arm-none.win32_1.13.2.201705091103/tools/compiler/bin/../lib/gcc/arm-none-eabi/5.4.1/armv7e-m/fpu\libgcc.a(_arm_cmpsf2.o)
                0x080006b8                __gesf2
                0x080006b8                __gtsf2
                0x080006c0                __lesf2
                0x080006c0                __ltsf2
                0x080006c8                __nesf2
                0x080006c8                __eqsf2
                0x080006c8                __cmpsf2
                0x08000728                __aeabi_cfrcmple
                0x08000730                __aeabi_cfcmpeq
                0x08000730                __aeabi_cfcmple
                0x08000740                __aeabi_fcmpeq
                0x08000754                __aeabi_fcmplt
                0x08000768                __aeabi_fcmple
                0x0800077c                __aeabi_fcmpge
                0x08000790                __aeabi_fcmpgt
 .text          0x080007a4       0x4c e:/ac6/systemworkbench20/plugins/fr.ac6.mcu.externaltools.arm-none.win32_1.13.2.201705091103/tools/compiler/bin/../lib/gcc/arm-none-eabi/5.4.1/armv7e-m/fpu\libgcc.a(_arm_fixsfsi.o)
                0x080007a4                __aeabi_f2iz
                0x080007a4                __fixsfsi
 .text          0x080007f0       0x10 e:/ac6/systemworkbench20/plugins/fr.ac6.mcu.externaltools.arm-none.win32_1.13.2.201705091103/tools/compiler/bin/../lib/gcc/arm-none-eabi/5.4.1/../../../../arm-none-eabi/lib/armv7e-m/fpu\libc_nano.a(lib_a-strlen.o)
                0x080007f0                strlen
 .text          0x08000800       0xa0 e:/ac6/systemworkbench20/plugins/fr.ac6.mcu.externaltools.arm-none.win32_1.13.2.201705091103/tools/compiler/bin/../lib/gcc/arm-none-eabi/5.4.1/../../../../arm-none-eabi/lib/armv7e-m/fpu\libc_nano.a(lib_a-memchr.o)
                0x08000800                memchr
 *(.text*)
 .text.HAL_InitTick
                0x080008a0       0x2c Drivers/STM32F4xx_HAL_Driver/Src/stm32f4xx_hal.o
                0x080008a0                HAL_InitTick
 .text.HAL_Init
                0x080008cc       0x34 Drivers/STM32F4xx_HAL_Driver/Src/stm32f4xx_hal.o
                0x080008cc                HAL_Init
 .text.HAL_IncTick
                0x08000900       0x10 Drivers/STM32F4xx_HAL_Driver/Src/stm32f4xx_hal.o
                0x08000900                HAL_IncTick
 .text.HAL_GetTick
                0x08000910        0xc Drivers/STM32F4xx_HAL_Driver/Src/stm32f4xx_hal.o
                0x08000910                HAL_GetTick
 .text.HAL_Delay
                0x0800091c       0x24 Drivers/STM32F4xx_HAL_Driver/Src/stm32f4xx_hal.o
                0x0800091c                HAL_Delay
 .text.HAL_NVIC_SetPriorityGrouping
                0x08000940       0x24 Drivers/STM32F4xx_HAL_Driver/Src/stm32f4xx_hal_cortex.o
                0x08000940                HAL_NVIC_SetPriorityGrouping
 .text.HAL_NVIC_SetPriority
                0x08000964       0x64 Drivers/STM32F4xx_HAL_Driver/Src/stm32f4xx_hal_cortex.o
                0x08000964                HAL_NVIC_SetPriority
 .text.HAL_NVIC_EnableIRQ
                0x080009c8       0x18 Drivers/STM32F4xx_HAL_Driver/Src/stm32f4xx_hal_cortex.o
                0x080009c8                HAL_NVIC_EnableIRQ
 .text.HAL_NVIC_DisableIRQ
                0x080009e0       0x1c Drivers/STM32F4xx_HAL_Driver/Src/stm32f4xx_hal_cortex.o
                0x080009e0                HAL_NVIC_DisableIRQ
 .text.HAL_SYSTICK_Config
                0x080009fc       0x2c Drivers/STM32F4xx_HAL_Driver/Src/stm32f4xx_hal_cortex.o
                0x080009fc                HAL_SYSTICK_Config
 .text.HAL_SYSTICK_CLKSourceConfig
                0x08000a28       0x20 Drivers/STM32F4xx_HAL_Driver/Src/stm32f4xx_hal_cortex.o
                0x08000a28                HAL_SYSTICK_CLKSourceConfig
 .text.HAL_SYSTICK_Callback
                0x08000a48        0x4 Drivers/STM32F4xx_HAL_Driver/Src/stm32f4xx_hal_cortex.o
                0x08000a48                HAL_SYSTICK_Callback
 .text.HAL_SYSTICK_IRQHandler
                0x08000a4c        0x8 Drivers/STM32F4xx_HAL_Driver/Src/stm32f4xx_hal_cortex.o
                0x08000a4c                HAL_SYSTICK_IRQHandler
 .text.HAL_DMA_Abort_IT
                0x08000a54       0x28 Drivers/STM32F4xx_HAL_Driver/Src/stm32f4xx_hal_dma.o
                0x08000a54                HAL_DMA_Abort_IT
 .text.HAL_GPIO_Init
                0x08000a7c      0x19c Drivers/STM32F4xx_HAL_Driver/Src/stm32f4xx_hal_gpio.o
                0x08000a7c                HAL_GPIO_Init
 .text.HAL_GPIO_DeInit
                0x08000c18       0xf4 Drivers/STM32F4xx_HAL_Driver/Src/stm32f4xx_hal_gpio.o
                0x08000c18                HAL_GPIO_DeInit
 .text.HAL_GPIO_WritePin
                0x08000d0c        0xc Drivers/STM32F4xx_HAL_Driver/Src/stm32f4xx_hal_gpio.o
                0x08000d0c                HAL_GPIO_WritePin
 .text.HAL_GPIO_EXTI_Callback
                0x08000d18        0x4 Drivers/STM32F4xx_HAL_Driver/Src/stm32f4xx_hal_gpio.o
                0x08000d18                HAL_GPIO_EXTI_Callback
 .text.HAL_GPIO_EXTI_IRQHandler
                0x08000d1c       0x18 Drivers/STM32F4xx_HAL_Driver/Src/stm32f4xx_hal_gpio.o
                0x08000d1c                HAL_GPIO_EXTI_IRQHandler
 .text.I2C_Master_SB
                0x08000d34       0x84 Drivers/STM32F4xx_HAL_Driver/Src/stm32f4xx_hal_i2c.o
 .text.I2C_Master_ADD10
                0x08000db8        0xc Drivers/STM32F4xx_HAL_Driver/Src/stm32f4xx_hal_i2c.o
 .text.I2C_Master_ADDR
                0x08000dc4      0x1cc Drivers/STM32F4xx_HAL_Driver/Src/stm32f4xx_hal_i2c.o
 .text.I2C_SlaveTransmit_BTF
                0x08000f90       0x20 Drivers/STM32F4xx_HAL_Driver/Src/stm32f4xx_hal_i2c.o
 .text.I2C_SlaveReceive_BTF
                0x08000fb0       0x20 Drivers/STM32F4xx_HAL_Driver/Src/stm32f4xx_hal_i2c.o
 .text.I2C_IsAcknowledgeFailed
                0x08000fd0       0x2c Drivers/STM32F4xx_HAL_Driver/Src/stm32f4xx_hal_i2c.o
 .text.I2C_WaitOnFlagUntilTimeout
                0x08000ffc       0x68 Drivers/STM32F4xx_HAL_Driver/Src/stm32f4xx_hal_i2c.o
 .text.I2C_WaitOnMasterAddressFlagUntilTimeout
                0x08001064       0x94 Drivers/STM32F4xx_HAL_Driver/Src/stm32f4xx_hal_i2c.o
 .text.I2C_WaitOnTXEFlagUntilTimeout
                0x080010f8       0x50 Drivers/STM32F4xx_HAL_Driver/Src/stm32f4xx_hal_i2c.o
 .text.I2C_RequestMemoryWrite
                0x08001148       0xd4 Drivers/STM32F4xx_HAL_Driver/Src/stm32f4xx_hal_i2c.o
 .text.I2C_RequestMemoryRead
                0x0800121c      0x148 Drivers/STM32F4xx_HAL_Driver/Src/stm32f4xx_hal_i2c.o
 .text.I2C_WaitOnBTFFlagUntilTimeout
                0x08001364       0x50 Drivers/STM32F4xx_HAL_Driver/Src/stm32f4xx_hal_i2c.o
 .text.I2C_WaitOnRXNEFlagUntilTimeout
                0x080013b4       0x60 Drivers/STM32F4xx_HAL_Driver/Src/stm32f4xx_hal_i2c.o
 .text.HAL_I2C_Init
                0x08001414      0x11c Drivers/STM32F4xx_HAL_Driver/Src/stm32f4xx_hal_i2c.o
                0x08001414                HAL_I2C_Init
 .text.HAL_I2C_DeInit
                0x08001530       0x34 Drivers/STM32F4xx_HAL_Driver/Src/stm32f4xx_hal_i2c.o
                0x08001530                HAL_I2C_DeInit
 .text.HAL_I2C_Mem_Write
                0x08001564      0x17c Drivers/STM32F4xx_HAL_Driver/Src/stm32f4xx_hal_i2c.o
                0x08001564                HAL_I2C_Mem_Write
 .text.HAL_I2C_Mem_Read
                0x080016e0      0x300 Drivers/STM32F4xx_HAL_Driver/Src/stm32f4xx_hal_i2c.o
                0x080016e0                HAL_I2C_Mem_Read
 .text.HAL_I2C_MasterTxCpltCallback
                0x080019e0        0x4 Drivers/STM32F4xx_HAL_Driver/Src/stm32f4xx_hal_i2c.o
                0x080019e0                HAL_I2C_MasterTxCpltCallback
 .text.HAL_I2C_MasterRxCpltCallback
                0x080019e4        0x4 Drivers/STM32F4xx_HAL_Driver/Src/stm32f4xx_hal_i2c.o
                0x080019e4                HAL_I2C_MasterRxCpltCallback
 .text.HAL_I2C_SlaveTxCpltCallback
                0x080019e8        0x4 Drivers/STM32F4xx_HAL_Driver/Src/stm32f4xx_hal_i2c.o
                0x080019e8                HAL_I2C_SlaveTxCpltCallback
 .text.I2C_SlaveTransmit_TXE
                0x080019ec       0x50 Drivers/STM32F4xx_HAL_Driver/Src/stm32f4xx_hal_i2c.o
 .text.HAL_I2C_SlaveRxCpltCallback
                0x08001a3c        0x4 Drivers/STM32F4xx_HAL_Driver/Src/stm32f4xx_hal_i2c.o
                0x08001a3c                HAL_I2C_SlaveRxCpltCallback
 .text.I2C_SlaveReceive_RXNE
                0x08001a40       0x4c Drivers/STM32F4xx_HAL_Driver/Src/stm32f4xx_hal_i2c.o
 .text.HAL_I2C_AddrCallback
                0x08001a8c        0x4 Drivers/STM32F4xx_HAL_Driver/Src/stm32f4xx_hal_i2c.o
                0x08001a8c                HAL_I2C_AddrCallback
 .text.I2C_Slave_ADDR
                0x08001a90       0x28 Drivers/STM32F4xx_HAL_Driver/Src/stm32f4xx_hal_i2c.o
 .text.HAL_I2C_ListenCpltCallback
                0x08001ab8        0x4 Drivers/STM32F4xx_HAL_Driver/Src/stm32f4xx_hal_i2c.o
                0x08001ab8                HAL_I2C_ListenCpltCallback
 .text.I2C_Slave_AF
                0x08001abc       0x94 Drivers/STM32F4xx_HAL_Driver/Src/stm32f4xx_hal_i2c.o
 .text.HAL_I2C_MemTxCpltCallback
                0x08001b50        0x4 Drivers/STM32F4xx_HAL_Driver/Src/stm32f4xx_hal_i2c.o
                0x08001b50                HAL_I2C_MemTxCpltCallback
 .text.I2C_MasterTransmit_TXE
                0x08001b54      0x14c Drivers/STM32F4xx_HAL_Driver/Src/stm32f4xx_hal_i2c.o
 .text.I2C_MasterTransmit_BTF
                0x08001ca0       0x9c Drivers/STM32F4xx_HAL_Driver/Src/stm32f4xx_hal_i2c.o
 .text.HAL_I2C_MemRxCpltCallback
                0x08001d3c        0x4 Drivers/STM32F4xx_HAL_Driver/Src/stm32f4xx_hal_i2c.o
                0x08001d3c                HAL_I2C_MemRxCpltCallback
 .text.I2C_MasterReceive_RXNE
                0x08001d40       0xbc Drivers/STM32F4xx_HAL_Driver/Src/stm32f4xx_hal_i2c.o
 .text.I2C_MasterReceive_BTF
                0x08001dfc       0xf4 Drivers/STM32F4xx_HAL_Driver/Src/stm32f4xx_hal_i2c.o
 .text.HAL_I2C_ErrorCallback
                0x08001ef0        0x4 Drivers/STM32F4xx_HAL_Driver/Src/stm32f4xx_hal_i2c.o
                0x08001ef0                HAL_I2C_ErrorCallback
 .text.HAL_I2C_AbortCpltCallback
                0x08001ef4        0x4 Drivers/STM32F4xx_HAL_Driver/Src/stm32f4xx_hal_i2c.o
                0x08001ef4                HAL_I2C_AbortCpltCallback
 .text.I2C_ITError
                0x08001ef8      0x14c Drivers/STM32F4xx_HAL_Driver/Src/stm32f4xx_hal_i2c.o
 .text.I2C_Slave_STOPF
                0x08002044      0x104 Drivers/STM32F4xx_HAL_Driver/Src/stm32f4xx_hal_i2c.o
 .text.HAL_I2C_EV_IRQHandler
                0x08002148      0x160 Drivers/STM32F4xx_HAL_Driver/Src/stm32f4xx_hal_i2c.o
                0x08002148                HAL_I2C_EV_IRQHandler
 .text.HAL_I2C_ER_IRQHandler
                0x080022a8       0xcc Drivers/STM32F4xx_HAL_Driver/Src/stm32f4xx_hal_i2c.o
                0x080022a8                HAL_I2C_ER_IRQHandler
 .text.I2C_DMAAbort
                0x08002374       0x60 Drivers/STM32F4xx_HAL_Driver/Src/stm32f4xx_hal_i2c.o
 .text.HAL_I2C_GetState
                0x080023d4        0x8 Drivers/STM32F4xx_HAL_Driver/Src/stm32f4xx_hal_i2c.o
                0x080023d4                HAL_I2C_GetState
 .text.HAL_RCC_OscConfig
                0x080023dc      0x3c8 Drivers/STM32F4xx_HAL_Driver/Src/stm32f4xx_hal_rcc.o
                0x080023dc                HAL_RCC_OscConfig
 .text.HAL_RCC_GetSysClockFreq
                0x080027a4       0xa4 Drivers/STM32F4xx_HAL_Driver/Src/stm32f4xx_hal_rcc.o
                0x080027a4                HAL_RCC_GetSysClockFreq
 .text.HAL_RCC_ClockConfig
                0x08002848      0x1b0 Drivers/STM32F4xx_HAL_Driver/Src/stm32f4xx_hal_rcc.o
                0x08002848                HAL_RCC_ClockConfig
 .text.HAL_RCC_GetHCLKFreq
                0x080029f8        0xc Drivers/STM32F4xx_HAL_Driver/Src/stm32f4xx_hal_rcc.o
                0x080029f8                HAL_RCC_GetHCLKFreq
 .text.HAL_RCC_GetPCLK1Freq
                0x08002a04       0x30 Drivers/STM32F4xx_HAL_Driver/Src/stm32f4xx_hal_rcc.o
                0x08002a04                HAL_RCC_GetPCLK1Freq
 .text.HAL_RCC_GetPCLK2Freq
                0x08002a34       0x30 Drivers/STM32F4xx_HAL_Driver/Src/stm32f4xx_hal_rcc.o
                0x08002a34                HAL_RCC_GetPCLK2Freq
 .text.UART_SetConfig
                0x08002a64      0x32c Drivers/STM32F4xx_HAL_Driver/Src/stm32f4xx_hal_uart.o
 .text.UART_WaitOnFlagUntilTimeout
                0x08002d90       0x68 Drivers/STM32F4xx_HAL_Driver/Src/stm32f4xx_hal_uart.o
 .text.HAL_UART_Init
                0x08002df8       0x64 Drivers/STM32F4xx_HAL_Driver/Src/stm32f4xx_hal_uart.o
                0x08002df8                HAL_UART_Init
 .text.HAL_UART_Transmit
                0x08002e5c       0xe4 Drivers/STM32F4xx_HAL_Driver/Src/stm32f4xx_hal_uart.o
                0x08002e5c                HAL_UART_Transmit
 .text.LSM6DS0_ACC_GYRO_WriteReg
                0x08002f40       0x10 IKSBSP/Components/lsm6ds0/LSM6DS0_ACC_GYRO_driver.o
                0x08002f40                LSM6DS0_ACC_GYRO_WriteReg
 .text.LSM6DS0_ACC_GYRO_ReadReg
                0x08002f50       0x10 IKSBSP/Components/lsm6ds0/LSM6DS0_ACC_GYRO_driver.o
                0x08002f50                LSM6DS0_ACC_GYRO_ReadReg
 .text.LSM6DS0_ACC_GYRO_R_WHO_AM_I_
                0x08002f60       0x18 IKSBSP/Components/lsm6ds0/LSM6DS0_ACC_GYRO_driver.o
                0x08002f60                LSM6DS0_ACC_GYRO_R_WHO_AM_I_
 .text.LSM6DS0_ACC_GYRO_W_GyroFullScale
                0x08002f78       0x40 IKSBSP/Components/lsm6ds0/LSM6DS0_ACC_GYRO_driver.o
                0x08002f78                LSM6DS0_ACC_GYRO_W_GyroFullScale
 .text.LSM6DS0_ACC_GYRO_R_GyroFullScale
                0x08002fb8       0x20 IKSBSP/Components/lsm6ds0/LSM6DS0_ACC_GYRO_driver.o
                0x08002fb8                LSM6DS0_ACC_GYRO_R_GyroFullScale
 .text.LSM6DS0_ACC_GYRO_W_GyroDataRate
                0x08002fd8       0x40 IKSBSP/Components/lsm6ds0/LSM6DS0_ACC_GYRO_driver.o
                0x08002fd8                LSM6DS0_ACC_GYRO_W_GyroDataRate
 .text.LSM6DS0_ACC_GYRO_R_GyroDataRate
                0x08003018       0x20 IKSBSP/Components/lsm6ds0/LSM6DS0_ACC_GYRO_driver.o
                0x08003018                LSM6DS0_ACC_GYRO_R_GyroDataRate
 .text.LSM6DS0_ACC_GYRO_W_AccelerometerFullScale
                0x08003038       0x40 IKSBSP/Components/lsm6ds0/LSM6DS0_ACC_GYRO_driver.o
                0x08003038                LSM6DS0_ACC_GYRO_W_AccelerometerFullScale
 .text.LSM6DS0_ACC_GYRO_R_AccelerometerFullScale
                0x08003078       0x20 IKSBSP/Components/lsm6ds0/LSM6DS0_ACC_GYRO_driver.o
                0x08003078                LSM6DS0_ACC_GYRO_R_AccelerometerFullScale
 .text.LSM6DS0_ACC_GYRO_W_AccelerometerDataRate
                0x08003098       0x40 IKSBSP/Components/lsm6ds0/LSM6DS0_ACC_GYRO_driver.o
                0x08003098                LSM6DS0_ACC_GYRO_W_AccelerometerDataRate
 .text.LSM6DS0_ACC_GYRO_R_AccelerometerDataRate
                0x080030d8       0x20 IKSBSP/Components/lsm6ds0/LSM6DS0_ACC_GYRO_driver.o
                0x080030d8                LSM6DS0_ACC_GYRO_R_AccelerometerDataRate
 .text.LSM6DS0_ACC_GYRO_W_BlockDataUpdate
                0x080030f8       0x40 IKSBSP/Components/lsm6ds0/LSM6DS0_ACC_GYRO_driver.o
                0x080030f8                LSM6DS0_ACC_GYRO_W_BlockDataUpdate
 .text.LSM6DS0_ACC_GYRO_Get_AngularRate
                0x08003138       0x4c IKSBSP/Components/lsm6ds0/LSM6DS0_ACC_GYRO_driver.o
                0x08003138                LSM6DS0_ACC_GYRO_Get_AngularRate
 .text.LSM6DS0_ACC_GYRO_Get_Acceleration
                0x08003184       0x4c IKSBSP/Components/lsm6ds0/LSM6DS0_ACC_GYRO_driver.o
                0x08003184                LSM6DS0_ACC_GYRO_Get_Acceleration
 .text.LSM6DS0_ACC_GYRO_R_AccelerometerDataReadyFlag
                0x080031d0       0x20 IKSBSP/Components/lsm6ds0/LSM6DS0_ACC_GYRO_driver.o
                0x080031d0                LSM6DS0_ACC_GYRO_R_AccelerometerDataReadyFlag
 .text.LSM6DS0_ACC_GYRO_R_GyroDataReadyFlag
                0x080031f0       0x20 IKSBSP/Components/lsm6ds0/LSM6DS0_ACC_GYRO_driver.o
                0x080031f0                LSM6DS0_ACC_GYRO_R_GyroDataReadyFlag
 .text.LSM6DS0_ACC_GYRO_W_GyroAxisX
                0x08003210       0x40 IKSBSP/Components/lsm6ds0/LSM6DS0_ACC_GYRO_driver.o
                0x08003210                LSM6DS0_ACC_GYRO_W_GyroAxisX
 .text.LSM6DS0_ACC_GYRO_R_GyroAxisX
                0x08003250       0x20 IKSBSP/Components/lsm6ds0/LSM6DS0_ACC_GYRO_driver.o
                0x08003250                LSM6DS0_ACC_GYRO_R_GyroAxisX
 .text.LSM6DS0_ACC_GYRO_W_GyroAxisY
                0x08003270       0x40 IKSBSP/Components/lsm6ds0/LSM6DS0_ACC_GYRO_driver.o
                0x08003270                LSM6DS0_ACC_GYRO_W_GyroAxisY
 .text.LSM6DS0_ACC_GYRO_R_GyroAxisY
                0x080032b0       0x20 IKSBSP/Components/lsm6ds0/LSM6DS0_ACC_GYRO_driver.o
                0x080032b0                LSM6DS0_ACC_GYRO_R_GyroAxisY
 .text.LSM6DS0_ACC_GYRO_W_GyroAxisZ
                0x080032d0       0x40 IKSBSP/Components/lsm6ds0/LSM6DS0_ACC_GYRO_driver.o
                0x080032d0                LSM6DS0_ACC_GYRO_W_GyroAxisZ
 .text.LSM6DS0_ACC_GYRO_R_GyroAxisZ
                0x08003310       0x20 IKSBSP/Components/lsm6ds0/LSM6DS0_ACC_GYRO_driver.o
                0x08003310                LSM6DS0_ACC_GYRO_R_GyroAxisZ
 .text.LSM6DS0_ACC_GYRO_W_AccelerometerAxisX
                0x08003330       0x40 IKSBSP/Components/lsm6ds0/LSM6DS0_ACC_GYRO_driver.o
                0x08003330                LSM6DS0_ACC_GYRO_W_AccelerometerAxisX
 .text.LSM6DS0_ACC_GYRO_R_AccelerometerAxisX
                0x08003370       0x20 IKSBSP/Components/lsm6ds0/LSM6DS0_ACC_GYRO_driver.o
                0x08003370                LSM6DS0_ACC_GYRO_R_AccelerometerAxisX
 .text.LSM6DS0_ACC_GYRO_W_AccelerometerAxisY
                0x08003390       0x40 IKSBSP/Components/lsm6ds0/LSM6DS0_ACC_GYRO_driver.o
                0x08003390                LSM6DS0_ACC_GYRO_W_AccelerometerAxisY
 .text.LSM6DS0_ACC_GYRO_R_AccelerometerAxisY
                0x080033d0       0x20 IKSBSP/Components/lsm6ds0/LSM6DS0_ACC_GYRO_driver.o
                0x080033d0                LSM6DS0_ACC_GYRO_R_AccelerometerAxisY
 .text.LSM6DS0_ACC_GYRO_W_AccelerometerAxisZ
                0x080033f0       0x40 IKSBSP/Components/lsm6ds0/LSM6DS0_ACC_GYRO_driver.o
                0x080033f0                LSM6DS0_ACC_GYRO_W_AccelerometerAxisZ
 .text.LSM6DS0_ACC_GYRO_R_AccelerometerAxisZ
                0x08003430       0x20 IKSBSP/Components/lsm6ds0/LSM6DS0_ACC_GYRO_driver.o
                0x08003430                LSM6DS0_ACC_GYRO_R_AccelerometerAxisZ
 .text.LSM6DS0_ACC_GYRO_W_AutoIndexOnMultiAccess
                0x08003450       0x40 IKSBSP/Components/lsm6ds0/LSM6DS0_ACC_GYRO_driver.o
                0x08003450                LSM6DS0_ACC_GYRO_W_AutoIndexOnMultiAccess
 .text.LSM6DS0_X_Set_ODR_When_Disabled
                0x08003490       0x4c IKSBSP/Components/lsm6ds0/LSM6DS0_ACC_GYRO_driver_HL.o
 .text.LSM6DS0_X_Set_ODR_Value_When_Disabled
                0x080034dc       0x70 IKSBSP/Components/lsm6ds0/LSM6DS0_ACC_GYRO_driver_HL.o
 .text.LSM6DS0_G_Set_ODR_When_Disabled
                0x0800354c       0x60 IKSBSP/Components/lsm6ds0/LSM6DS0_ACC_GYRO_driver_HL.o
 .text.LSM6DS0_G_Set_ODR_Value_When_Disabled
                0x080035ac       0xbc IKSBSP/Components/lsm6ds0/LSM6DS0_ACC_GYRO_driver_HL.o
 .text.LSM6DS0_X_Get_DRDY_Status
                0x08003668       0x30 IKSBSP/Components/lsm6ds0/LSM6DS0_ACC_GYRO_driver_HL.o
 .text.LSM6DS0_Write_Reg
                0x08003698       0x20 IKSBSP/Components/lsm6ds0/LSM6DS0_ACC_GYRO_driver_HL.o
 .text.LSM6DS0_X_Write_Reg
                0x080036b8       0x10 IKSBSP/Components/lsm6ds0/LSM6DS0_ACC_GYRO_driver_HL.o
 .text.LSM6DS0_G_Write_Reg
                0x080036c8       0x10 IKSBSP/Components/lsm6ds0/LSM6DS0_ACC_GYRO_driver_HL.o
 .text.LSM6DS0_Read_Reg
                0x080036d8       0x14 IKSBSP/Components/lsm6ds0/LSM6DS0_ACC_GYRO_driver_HL.o
 .text.LSM6DS0_X_Read_Reg
                0x080036ec       0x10 IKSBSP/Components/lsm6ds0/LSM6DS0_ACC_GYRO_driver_HL.o
 .text.LSM6DS0_G_Read_Reg
                0x080036fc       0x10 IKSBSP/Components/lsm6ds0/LSM6DS0_ACC_GYRO_driver_HL.o
 .text.LSM6DS0_X_Set_Axes_Status
                0x0800370c       0x54 IKSBSP/Components/lsm6ds0/LSM6DS0_ACC_GYRO_driver_HL.o
 .text.LSM6DS0_X_Get_Axes_Status
                0x08003760       0x68 IKSBSP/Components/lsm6ds0/LSM6DS0_ACC_GYRO_driver_HL.o
 .text.LSM6DS0_X_Set_FS_Value
                0x080037c8       0x48 IKSBSP/Components/lsm6ds0/LSM6DS0_ACC_GYRO_driver_HL.o
 .text.LSM6DS0_X_Set_FS
                0x08003810       0x28 IKSBSP/Components/lsm6ds0/LSM6DS0_ACC_GYRO_driver_HL.o
 .text.LSM6DS0_X_Get_FS
                0x08003838       0x70 IKSBSP/Components/lsm6ds0/LSM6DS0_ACC_GYRO_driver_HL.o
 .text.LSM6DS0_X_Get_Sensitivity
                0x080038a8       0x78 IKSBSP/Components/lsm6ds0/LSM6DS0_ACC_GYRO_driver_HL.o
 .text.LSM6DS0_X_Set_ODR_Value_When_Enabled
                0x08003920       0x74 IKSBSP/Components/lsm6ds0/LSM6DS0_ACC_GYRO_driver_HL.o
 .text.LSM6DS0_X_Set_ODR_Value
                0x08003994       0x24 IKSBSP/Components/lsm6ds0/LSM6DS0_ACC_GYRO_driver_HL.o
 .text.LSM6DS0_X_Sensor_Enable
                0x080039b8       0x28 IKSBSP/Components/lsm6ds0/LSM6DS0_ACC_GYRO_driver_HL.o
 .text.LSM6DS0_X_Set_ODR_When_Enabled
                0x080039e0       0x2c IKSBSP/Components/lsm6ds0/LSM6DS0_ACC_GYRO_driver_HL.o
 .text.LSM6DS0_X_Set_ODR
                0x08003a0c       0x24 IKSBSP/Components/lsm6ds0/LSM6DS0_ACC_GYRO_driver_HL.o
 .text.LSM6DS0_X_Get_ODR
                0x08003a30       0xac IKSBSP/Components/lsm6ds0/LSM6DS0_ACC_GYRO_driver_HL.o
 .text.LSM6DS0_X_Sensor_Disable
                0x08003adc       0x2c IKSBSP/Components/lsm6ds0/LSM6DS0_ACC_GYRO_driver_HL.o
 .text.LSM6DS0_X_Get_Axes_Raw
                0x08003b08       0x4c IKSBSP/Components/lsm6ds0/LSM6DS0_ACC_GYRO_driver_HL.o
 .text.LSM6DS0_X_Get_AxesRaw
                0x08003b54       0x28 IKSBSP/Components/lsm6ds0/LSM6DS0_ACC_GYRO_driver_HL.o
 .text.LSM6DS0_X_Get_Axes
                0x08003b7c       0x68 IKSBSP/Components/lsm6ds0/LSM6DS0_ACC_GYRO_driver_HL.o
 .text.LSM6DS0_Get_WhoAmI
                0x08003be4       0x10 IKSBSP/Components/lsm6ds0/LSM6DS0_ACC_GYRO_driver_HL.o
 .text.LSM6DS0_Check_WhoAmI
                0x08003bf4       0x2c IKSBSP/Components/lsm6ds0/LSM6DS0_ACC_GYRO_driver_HL.o
 .text.LSM6DS0_X_Check_WhoAmI
                0x08003c20        0x8 IKSBSP/Components/lsm6ds0/LSM6DS0_ACC_GYRO_driver_HL.o
 .text.LSM6DS0_X_DeInit
                0x08003c28       0x24 IKSBSP/Components/lsm6ds0/LSM6DS0_ACC_GYRO_driver_HL.o
 .text.LSM6DS0_G_Check_WhoAmI
                0x08003c4c        0x8 IKSBSP/Components/lsm6ds0/LSM6DS0_ACC_GYRO_driver_HL.o
 .text.LSM6DS0_X_Get_WhoAmI
                0x08003c54        0x8 IKSBSP/Components/lsm6ds0/LSM6DS0_ACC_GYRO_driver_HL.o
 .text.LSM6DS0_G_Get_WhoAmI
                0x08003c5c        0x8 IKSBSP/Components/lsm6ds0/LSM6DS0_ACC_GYRO_driver_HL.o
 .text.LSM6DS0_X_Init
                0x08003c64       0x78 IKSBSP/Components/lsm6ds0/LSM6DS0_ACC_GYRO_driver_HL.o
 .text.LSM6DS0_G_Get_DRDY_Status
                0x08003cdc       0x34 IKSBSP/Components/lsm6ds0/LSM6DS0_ACC_GYRO_driver_HL.o
 .text.LSM6DS0_G_Set_Axes_Status
                0x08003d10       0x54 IKSBSP/Components/lsm6ds0/LSM6DS0_ACC_GYRO_driver_HL.o
 .text.LSM6DS0_G_Get_Axes_Status
                0x08003d64       0x68 IKSBSP/Components/lsm6ds0/LSM6DS0_ACC_GYRO_driver_HL.o
 .text.LSM6DS0_G_Set_FS_Value
                0x08003dcc       0x3c IKSBSP/Components/lsm6ds0/LSM6DS0_ACC_GYRO_driver_HL.o
 .text.LSM6DS0_G_Set_FS
                0x08003e08       0x28 IKSBSP/Components/lsm6ds0/LSM6DS0_ACC_GYRO_driver_HL.o
 .text.LSM6DS0_G_Get_FS
                0x08003e30       0x54 IKSBSP/Components/lsm6ds0/LSM6DS0_ACC_GYRO_driver_HL.o
 .text.LSM6DS0_G_Get_Sensitivity
                0x08003e84       0x54 IKSBSP/Components/lsm6ds0/LSM6DS0_ACC_GYRO_driver_HL.o
 .text.LSM6DS0_G_Init
                0x08003ed8       0x78 IKSBSP/Components/lsm6ds0/LSM6DS0_ACC_GYRO_driver_HL.o
 .text.LSM6DS0_G_Get_ODR
                0x08003f50       0x98 IKSBSP/Components/lsm6ds0/LSM6DS0_ACC_GYRO_driver_HL.o
 .text.LSM6DS0_G_Set_ODR_Value_When_Enabled
                0x08003fe8       0x88 IKSBSP/Components/lsm6ds0/LSM6DS0_ACC_GYRO_driver_HL.o
 .text.LSM6DS0_G_Set_ODR_Value
                0x08004070       0x24 IKSBSP/Components/lsm6ds0/LSM6DS0_ACC_GYRO_driver_HL.o
 .text.LSM6DS0_G_Sensor_Enable
                0x08004094       0x28 IKSBSP/Components/lsm6ds0/LSM6DS0_ACC_GYRO_driver_HL.o
 .text.LSM6DS0_G_Set_ODR_When_Enabled
                0x080040bc       0x44 IKSBSP/Components/lsm6ds0/LSM6DS0_ACC_GYRO_driver_HL.o
 .text.LSM6DS0_G_Set_ODR
                0x08004100       0x24 IKSBSP/Components/lsm6ds0/LSM6DS0_ACC_GYRO_driver_HL.o
 .text.LSM6DS0_G_Sensor_Disable
                0x08004124       0x38 IKSBSP/Components/lsm6ds0/LSM6DS0_ACC_GYRO_driver_HL.o
 .text.LSM6DS0_G_DeInit
                0x0800415c       0x24 IKSBSP/Components/lsm6ds0/LSM6DS0_ACC_GYRO_driver_HL.o
 .text.LSM6DS0_G_Get_Axes_Raw
                0x08004180       0x4c IKSBSP/Components/lsm6ds0/LSM6DS0_ACC_GYRO_driver_HL.o
 .text.LSM6DS0_G_Get_AxesRaw
                0x080041cc       0x28 IKSBSP/Components/lsm6ds0/LSM6DS0_ACC_GYRO_driver_HL.o
 .text.LSM6DS0_G_Get_Axes
                0x080041f4       0x68 IKSBSP/Components/lsm6ds0/LSM6DS0_ACC_GYRO_driver_HL.o
 .text.LSM6DS3_ACC_GYRO_WriteReg
                0x0800425c       0x10 IKSBSP/Components/lsm6ds3/LSM6DS3_ACC_GYRO_driver.o
                0x0800425c                LSM6DS3_ACC_GYRO_WriteReg
 .text.LSM6DS3_ACC_GYRO_ReadReg
                0x0800426c       0x10 IKSBSP/Components/lsm6ds3/LSM6DS3_ACC_GYRO_driver.o
                0x0800426c                LSM6DS3_ACC_GYRO_ReadReg
 .text.LSM6DS3_ACC_GYRO_R_WHO_AM_I
                0x0800427c       0x18 IKSBSP/Components/lsm6ds3/LSM6DS3_ACC_GYRO_driver.o
                0x0800427c                LSM6DS3_ACC_GYRO_R_WHO_AM_I
 .text.LSM6DS3_ACC_GYRO_W_BDU
                0x08004294       0x40 IKSBSP/Components/lsm6ds3/LSM6DS3_ACC_GYRO_driver.o
                0x08004294                LSM6DS3_ACC_GYRO_W_BDU
 .text.LSM6DS3_ACC_GYRO_W_FS_XL
                0x080042d4       0x40 IKSBSP/Components/lsm6ds3/LSM6DS3_ACC_GYRO_driver.o
                0x080042d4                LSM6DS3_ACC_GYRO_W_FS_XL
 .text.LSM6DS3_ACC_GYRO_R_FS_XL
                0x08004314       0x20 IKSBSP/Components/lsm6ds3/LSM6DS3_ACC_GYRO_driver.o
                0x08004314                LSM6DS3_ACC_GYRO_R_FS_XL
 .text.LSM6DS3_ACC_GYRO_GetRawAccData
                0x08004334       0x4c IKSBSP/Components/lsm6ds3/LSM6DS3_ACC_GYRO_driver.o
                0x08004334                LSM6DS3_ACC_GYRO_GetRawAccData
 .text.LSM6DS3_ACC_GYRO_W_ODR_XL
                0x08004380       0x40 IKSBSP/Components/lsm6ds3/LSM6DS3_ACC_GYRO_driver.o
                0x08004380                LSM6DS3_ACC_GYRO_W_ODR_XL
 .text.LSM6DS3_ACC_GYRO_R_ODR_XL
                0x080043c0       0x20 IKSBSP/Components/lsm6ds3/LSM6DS3_ACC_GYRO_driver.o
                0x080043c0                LSM6DS3_ACC_GYRO_R_ODR_XL
 .text.LSM6DS3_ACC_GYRO_W_FS_G
                0x080043e0       0x40 IKSBSP/Components/lsm6ds3/LSM6DS3_ACC_GYRO_driver.o
                0x080043e0                LSM6DS3_ACC_GYRO_W_FS_G
 .text.LSM6DS3_ACC_GYRO_R_FS_G
                0x08004420       0x20 IKSBSP/Components/lsm6ds3/LSM6DS3_ACC_GYRO_driver.o
                0x08004420                LSM6DS3_ACC_GYRO_R_FS_G
 .text.LSM6DS3_ACC_GYRO_W_ODR_G
                0x08004440       0x40 IKSBSP/Components/lsm6ds3/LSM6DS3_ACC_GYRO_driver.o
                0x08004440                LSM6DS3_ACC_GYRO_W_ODR_G
 .text.LSM6DS3_ACC_GYRO_R_ODR_G
                0x08004480       0x20 IKSBSP/Components/lsm6ds3/LSM6DS3_ACC_GYRO_driver.o
                0x08004480                LSM6DS3_ACC_GYRO_R_ODR_G
 .text.LSM6DS3_ACC_GYRO_GetRawGyroData
                0x080044a0       0x4c IKSBSP/Components/lsm6ds3/LSM6DS3_ACC_GYRO_driver.o
                0x080044a0                LSM6DS3_ACC_GYRO_GetRawGyroData
 .text.LSM6DS3_ACC_GYRO_W_FS_125
                0x080044ec       0x40 IKSBSP/Components/lsm6ds3/LSM6DS3_ACC_GYRO_driver.o
                0x080044ec                LSM6DS3_ACC_GYRO_W_FS_125
 .text.LSM6DS3_ACC_GYRO_R_FS_125
                0x0800452c       0x20 IKSBSP/Components/lsm6ds3/LSM6DS3_ACC_GYRO_driver.o
                0x0800452c                LSM6DS3_ACC_GYRO_R_FS_125
 .text.LSM6DS3_ACC_GYRO_W_EmbeddedAccess
                0x0800454c       0x40 IKSBSP/Components/lsm6ds3/LSM6DS3_ACC_GYRO_driver.o
                0x0800454c                LSM6DS3_ACC_GYRO_W_EmbeddedAccess
 .text.LSM6DS3_ACC_GYRO_W_FIFO_Watermark
                0x0800458c       0x6c IKSBSP/Components/lsm6ds3/LSM6DS3_ACC_GYRO_driver.o
                0x0800458c                LSM6DS3_ACC_GYRO_W_FIFO_Watermark
 .text.LSM6DS3_ACC_GYRO_W_DEC_FIFO_XL
                0x080045f8       0x40 IKSBSP/Components/lsm6ds3/LSM6DS3_ACC_GYRO_driver.o
                0x080045f8                LSM6DS3_ACC_GYRO_W_DEC_FIFO_XL
 .text.LSM6DS3_ACC_GYRO_W_DEC_FIFO_G
                0x08004638       0x40 IKSBSP/Components/lsm6ds3/LSM6DS3_ACC_GYRO_driver.o
                0x08004638                LSM6DS3_ACC_GYRO_W_DEC_FIFO_G
 .text.LSM6DS3_ACC_GYRO_W_FIFO_MODE
                0x08004678       0x40 IKSBSP/Components/lsm6ds3/LSM6DS3_ACC_GYRO_driver.o
                0x08004678                LSM6DS3_ACC_GYRO_W_FIFO_MODE
 .text.LSM6DS3_ACC_GYRO_W_ODR_FIFO
                0x080046b8       0x40 IKSBSP/Components/lsm6ds3/LSM6DS3_ACC_GYRO_driver.o
                0x080046b8                LSM6DS3_ACC_GYRO_W_ODR_FIFO
 .text.LSM6DS3_ACC_GYRO_W_FSS5_on_INT1
                0x080046f8       0x40 IKSBSP/Components/lsm6ds3/LSM6DS3_ACC_GYRO_driver.o
                0x080046f8                LSM6DS3_ACC_GYRO_W_FSS5_on_INT1
 .text.LSM6DS3_ACC_GYRO_W_PEDO_STEP_on_INT1
                0x08004738       0x40 IKSBSP/Components/lsm6ds3/LSM6DS3_ACC_GYRO_driver.o
                0x08004738                LSM6DS3_ACC_GYRO_W_PEDO_STEP_on_INT1
 .text.LSM6DS3_ACC_GYRO_W_IF_Addr_Incr
                0x08004778       0x40 IKSBSP/Components/lsm6ds3/LSM6DS3_ACC_GYRO_driver.o
                0x08004778                LSM6DS3_ACC_GYRO_W_IF_Addr_Incr
 .text.LSM6DS3_ACC_GYRO_W_STOP_ON_FTH
                0x080047b8       0x40 IKSBSP/Components/lsm6ds3/LSM6DS3_ACC_GYRO_driver.o
                0x080047b8                LSM6DS3_ACC_GYRO_W_STOP_ON_FTH
 .text.LSM6DS3_ACC_GYRO_W_SelfTest_XL
                0x080047f8       0x40 IKSBSP/Components/lsm6ds3/LSM6DS3_ACC_GYRO_driver.o
                0x080047f8                LSM6DS3_ACC_GYRO_W_SelfTest_XL
 .text.LSM6DS3_ACC_GYRO_W_SelfTest_G
                0x08004838       0x40 IKSBSP/Components/lsm6ds3/LSM6DS3_ACC_GYRO_driver.o
                0x08004838                LSM6DS3_ACC_GYRO_W_SelfTest_G
 .text.LSM6DS3_ACC_GYRO_W_XEN_XL
                0x08004878       0x40 IKSBSP/Components/lsm6ds3/LSM6DS3_ACC_GYRO_driver.o
                0x08004878                LSM6DS3_ACC_GYRO_W_XEN_XL
 .text.LSM6DS3_ACC_GYRO_R_XEN_XL
                0x080048b8       0x20 IKSBSP/Components/lsm6ds3/LSM6DS3_ACC_GYRO_driver.o
                0x080048b8                LSM6DS3_ACC_GYRO_R_XEN_XL
 .text.LSM6DS3_ACC_GYRO_W_YEN_XL
                0x080048d8       0x40 IKSBSP/Components/lsm6ds3/LSM6DS3_ACC_GYRO_driver.o
                0x080048d8                LSM6DS3_ACC_GYRO_W_YEN_XL
 .text.LSM6DS3_ACC_GYRO_R_YEN_XL
                0x08004918       0x20 IKSBSP/Components/lsm6ds3/LSM6DS3_ACC_GYRO_driver.o
                0x08004918                LSM6DS3_ACC_GYRO_R_YEN_XL
 .text.LSM6DS3_ACC_GYRO_W_ZEN_XL
                0x08004938       0x40 IKSBSP/Components/lsm6ds3/LSM6DS3_ACC_GYRO_driver.o
                0x08004938                LSM6DS3_ACC_GYRO_W_ZEN_XL
 .text.LSM6DS3_ACC_GYRO_R_ZEN_XL
                0x08004978       0x20 IKSBSP/Components/lsm6ds3/LSM6DS3_ACC_GYRO_driver.o
                0x08004978                LSM6DS3_ACC_GYRO_R_ZEN_XL
 .text.LSM6DS3_ACC_GYRO_W_PedoStepReset
                0x08004998       0x40 IKSBSP/Components/lsm6ds3/LSM6DS3_ACC_GYRO_driver.o
                0x08004998                LSM6DS3_ACC_GYRO_W_PedoStepReset
 .text.LSM6DS3_ACC_GYRO_W_XEN_G
                0x080049d8       0x40 IKSBSP/Components/lsm6ds3/LSM6DS3_ACC_GYRO_driver.o
                0x080049d8                LSM6DS3_ACC_GYRO_W_XEN_G
 .text.LSM6DS3_ACC_GYRO_R_XEN_G
                0x08004a18       0x20 IKSBSP/Components/lsm6ds3/LSM6DS3_ACC_GYRO_driver.o
                0x08004a18                LSM6DS3_ACC_GYRO_R_XEN_G
 .text.LSM6DS3_ACC_GYRO_W_YEN_G
                0x08004a38       0x40 IKSBSP/Components/lsm6ds3/LSM6DS3_ACC_GYRO_driver.o
                0x08004a38                LSM6DS3_ACC_GYRO_W_YEN_G
 .text.LSM6DS3_ACC_GYRO_R_YEN_G
                0x08004a78       0x20 IKSBSP/Components/lsm6ds3/LSM6DS3_ACC_GYRO_driver.o
                0x08004a78                LSM6DS3_ACC_GYRO_R_YEN_G
 .text.LSM6DS3_ACC_GYRO_W_ZEN_G
                0x08004a98       0x40 IKSBSP/Components/lsm6ds3/LSM6DS3_ACC_GYRO_driver.o
                0x08004a98                LSM6DS3_ACC_GYRO_W_ZEN_G
 .text.LSM6DS3_ACC_GYRO_R_ZEN_G
                0x08004ad8       0x20 IKSBSP/Components/lsm6ds3/LSM6DS3_ACC_GYRO_driver.o
                0x08004ad8                LSM6DS3_ACC_GYRO_R_ZEN_G
 .text.LSM6DS3_ACC_GYRO_W_FUNC_EN
                0x08004af8       0x40 IKSBSP/Components/lsm6ds3/LSM6DS3_ACC_GYRO_driver.o
                0x08004af8                LSM6DS3_ACC_GYRO_W_FUNC_EN
 .text.LSM6DS3_ACC_GYRO_R_WU_EV_STATUS
                0x08004b38       0x20 IKSBSP/Components/lsm6ds3/LSM6DS3_ACC_GYRO_driver.o
                0x08004b38                LSM6DS3_ACC_GYRO_R_WU_EV_STATUS
 .text.LSM6DS3_ACC_GYRO_R_FF_EV_STATUS
                0x08004b58       0x20 IKSBSP/Components/lsm6ds3/LSM6DS3_ACC_GYRO_driver.o
                0x08004b58                LSM6DS3_ACC_GYRO_R_FF_EV_STATUS
 .text.LSM6DS3_ACC_GYRO_R_DOUBLE_TAP_EV_STATUS
                0x08004b78       0x20 IKSBSP/Components/lsm6ds3/LSM6DS3_ACC_GYRO_driver.o
                0x08004b78                LSM6DS3_ACC_GYRO_R_DOUBLE_TAP_EV_STATUS
 .text.LSM6DS3_ACC_GYRO_R_SINGLE_TAP_EV_STATUS
                0x08004b98       0x20 IKSBSP/Components/lsm6ds3/LSM6DS3_ACC_GYRO_driver.o
                0x08004b98                LSM6DS3_ACC_GYRO_R_SINGLE_TAP_EV_STATUS
 .text.LSM6DS3_ACC_GYRO_R_DSD_XL
                0x08004bb8       0x20 IKSBSP/Components/lsm6ds3/LSM6DS3_ACC_GYRO_driver.o
                0x08004bb8                LSM6DS3_ACC_GYRO_R_DSD_XL
 .text.LSM6DS3_ACC_GYRO_R_DSD_XH
                0x08004bd8       0x20 IKSBSP/Components/lsm6ds3/LSM6DS3_ACC_GYRO_driver.o
                0x08004bd8                LSM6DS3_ACC_GYRO_R_DSD_XH
 .text.LSM6DS3_ACC_GYRO_R_DSD_YL
                0x08004bf8       0x20 IKSBSP/Components/lsm6ds3/LSM6DS3_ACC_GYRO_driver.o
                0x08004bf8                LSM6DS3_ACC_GYRO_R_DSD_YL
 .text.LSM6DS3_ACC_GYRO_R_DSD_YH
                0x08004c18       0x20 IKSBSP/Components/lsm6ds3/LSM6DS3_ACC_GYRO_driver.o
                0x08004c18                LSM6DS3_ACC_GYRO_R_DSD_YH
 .text.LSM6DS3_ACC_GYRO_R_DSD_ZL
                0x08004c38       0x20 IKSBSP/Components/lsm6ds3/LSM6DS3_ACC_GYRO_driver.o
                0x08004c38                LSM6DS3_ACC_GYRO_R_DSD_ZL
 .text.LSM6DS3_ACC_GYRO_R_DSD_ZH
                0x08004c58       0x20 IKSBSP/Components/lsm6ds3/LSM6DS3_ACC_GYRO_driver.o
                0x08004c58                LSM6DS3_ACC_GYRO_R_DSD_ZH
 .text.LSM6DS3_ACC_GYRO_R_D6D_EV_STATUS
                0x08004c78       0x20 IKSBSP/Components/lsm6ds3/LSM6DS3_ACC_GYRO_driver.o
                0x08004c78                LSM6DS3_ACC_GYRO_R_D6D_EV_STATUS
 .text.LSM6DS3_ACC_GYRO_R_XLDA
                0x08004c98       0x20 IKSBSP/Components/lsm6ds3/LSM6DS3_ACC_GYRO_driver.o
                0x08004c98                LSM6DS3_ACC_GYRO_R_XLDA
 .text.LSM6DS3_ACC_GYRO_R_GDA
                0x08004cb8       0x20 IKSBSP/Components/lsm6ds3/LSM6DS3_ACC_GYRO_driver.o
                0x08004cb8                LSM6DS3_ACC_GYRO_R_GDA
 .text.LSM6DS3_ACC_GYRO_R_FIFONumOfEntries
                0x08004cd8       0x44 IKSBSP/Components/lsm6ds3/LSM6DS3_ACC_GYRO_driver.o
                0x08004cd8                LSM6DS3_ACC_GYRO_R_FIFONumOfEntries
 .text.LSM6DS3_ACC_GYRO_R_FIFOEmpty
                0x08004d1c       0x20 IKSBSP/Components/lsm6ds3/LSM6DS3_ACC_GYRO_driver.o
                0x08004d1c                LSM6DS3_ACC_GYRO_R_FIFOEmpty
 .text.LSM6DS3_ACC_GYRO_R_FIFOFull
                0x08004d3c       0x20 IKSBSP/Components/lsm6ds3/LSM6DS3_ACC_GYRO_driver.o
                0x08004d3c                LSM6DS3_ACC_GYRO_R_FIFOFull
 .text.LSM6DS3_ACC_GYRO_R_OVERRUN
                0x08004d5c       0x20 IKSBSP/Components/lsm6ds3/LSM6DS3_ACC_GYRO_driver.o
                0x08004d5c                LSM6DS3_ACC_GYRO_R_OVERRUN
 .text.LSM6DS3_ACC_GYRO_R_FIFOPattern
                0x08004d7c       0x44 IKSBSP/Components/lsm6ds3/LSM6DS3_ACC_GYRO_driver.o
                0x08004d7c                LSM6DS3_ACC_GYRO_R_FIFOPattern
 .text.LSM6DS3_ACC_GYRO_R_PEDO_EV_STATUS
                0x08004dc0       0x20 IKSBSP/Components/lsm6ds3/LSM6DS3_ACC_GYRO_driver.o
                0x08004dc0                LSM6DS3_ACC_GYRO_R_PEDO_EV_STATUS
 .text.LSM6DS3_ACC_GYRO_R_TILT_EV_STATUS
                0x08004de0       0x20 IKSBSP/Components/lsm6ds3/LSM6DS3_ACC_GYRO_driver.o
                0x08004de0                LSM6DS3_ACC_GYRO_R_TILT_EV_STATUS
 .text.LSM6DS3_ACC_GYRO_W_LIR
                0x08004e00       0x40 IKSBSP/Components/lsm6ds3/LSM6DS3_ACC_GYRO_driver.o
                0x08004e00                LSM6DS3_ACC_GYRO_W_LIR
 .text.LSM6DS3_ACC_GYRO_W_TAP_Z_EN
                0x08004e40       0x40 IKSBSP/Components/lsm6ds3/LSM6DS3_ACC_GYRO_driver.o
                0x08004e40                LSM6DS3_ACC_GYRO_W_TAP_Z_EN
 .text.LSM6DS3_ACC_GYRO_W_TAP_Y_EN
                0x08004e80       0x40 IKSBSP/Components/lsm6ds3/LSM6DS3_ACC_GYRO_driver.o
                0x08004e80                LSM6DS3_ACC_GYRO_W_TAP_Y_EN
 .text.LSM6DS3_ACC_GYRO_W_TAP_X_EN
                0x08004ec0       0x40 IKSBSP/Components/lsm6ds3/LSM6DS3_ACC_GYRO_driver.o
                0x08004ec0                LSM6DS3_ACC_GYRO_W_TAP_X_EN
 .text.LSM6DS3_ACC_GYRO_W_TILT_EN
                0x08004f00       0x40 IKSBSP/Components/lsm6ds3/LSM6DS3_ACC_GYRO_driver.o
                0x08004f00                LSM6DS3_ACC_GYRO_W_TILT_EN
 .text.LSM6DS3_ACC_GYRO_W_PEDO_EN
                0x08004f40       0x40 IKSBSP/Components/lsm6ds3/LSM6DS3_ACC_GYRO_driver.o
                0x08004f40                LSM6DS3_ACC_GYRO_W_PEDO_EN
 .text.LSM6DS3_ACC_GYRO_W_TAP_THS
                0x08004f80       0x40 IKSBSP/Components/lsm6ds3/LSM6DS3_ACC_GYRO_driver.o
                0x08004f80                LSM6DS3_ACC_GYRO_W_TAP_THS
 .text.LSM6DS3_ACC_GYRO_W_SIXD_THS
                0x08004fc0       0x40 IKSBSP/Components/lsm6ds3/LSM6DS3_ACC_GYRO_driver.o
                0x08004fc0                LSM6DS3_ACC_GYRO_W_SIXD_THS
 .text.LSM6DS3_ACC_GYRO_W_SHOCK_Duration
                0x08005000       0x40 IKSBSP/Components/lsm6ds3/LSM6DS3_ACC_GYRO_driver.o
                0x08005000                LSM6DS3_ACC_GYRO_W_SHOCK_Duration
 .text.LSM6DS3_ACC_GYRO_W_QUIET_Duration
                0x08005040       0x44 IKSBSP/Components/lsm6ds3/LSM6DS3_ACC_GYRO_driver.o
                0x08005040                LSM6DS3_ACC_GYRO_W_QUIET_Duration
 .text.LSM6DS3_ACC_GYRO_W_DUR
                0x08005084       0x40 IKSBSP/Components/lsm6ds3/LSM6DS3_ACC_GYRO_driver.o
                0x08005084                LSM6DS3_ACC_GYRO_W_DUR
 .text.LSM6DS3_ACC_GYRO_W_WK_THS
                0x080050c4       0x40 IKSBSP/Components/lsm6ds3/LSM6DS3_ACC_GYRO_driver.o
                0x080050c4                LSM6DS3_ACC_GYRO_W_WK_THS
 .text.LSM6DS3_ACC_GYRO_W_SINGLE_DOUBLE_TAP_EV
                0x08005104       0x40 IKSBSP/Components/lsm6ds3/LSM6DS3_ACC_GYRO_driver.o
                0x08005104                LSM6DS3_ACC_GYRO_W_SINGLE_DOUBLE_TAP_EV
 .text.LSM6DS3_ACC_GYRO_W_SLEEP_DUR
                0x08005144       0x40 IKSBSP/Components/lsm6ds3/LSM6DS3_ACC_GYRO_driver.o
                0x08005144                LSM6DS3_ACC_GYRO_W_SLEEP_DUR
 .text.LSM6DS3_ACC_GYRO_W_TIMER_HR
                0x08005184       0x40 IKSBSP/Components/lsm6ds3/LSM6DS3_ACC_GYRO_driver.o
                0x08005184                LSM6DS3_ACC_GYRO_W_TIMER_HR
 .text.LSM6DS3_ACC_GYRO_W_WAKE_DUR
                0x080051c4       0x44 IKSBSP/Components/lsm6ds3/LSM6DS3_ACC_GYRO_driver.o
                0x080051c4                LSM6DS3_ACC_GYRO_W_WAKE_DUR
 .text.LSM6DS3_ACC_GYRO_W_FF_THS
                0x08005208       0x40 IKSBSP/Components/lsm6ds3/LSM6DS3_ACC_GYRO_driver.o
                0x08005208                LSM6DS3_ACC_GYRO_W_FF_THS
 .text.LSM6DS3_ACC_GYRO_W_FF_Duration
                0x08005248       0x78 IKSBSP/Components/lsm6ds3/LSM6DS3_ACC_GYRO_driver.o
                0x08005248                LSM6DS3_ACC_GYRO_W_FF_Duration
 .text.LSM6DS3_ACC_GYRO_W_TiltEvOnInt1
                0x080052c0       0x40 IKSBSP/Components/lsm6ds3/LSM6DS3_ACC_GYRO_driver.o
                0x080052c0                LSM6DS3_ACC_GYRO_W_TiltEvOnInt1
 .text.LSM6DS3_ACC_GYRO_W_6DEvOnInt1
                0x08005300       0x40 IKSBSP/Components/lsm6ds3/LSM6DS3_ACC_GYRO_driver.o
                0x08005300                LSM6DS3_ACC_GYRO_W_6DEvOnInt1
 .text.LSM6DS3_ACC_GYRO_W_TapEvOnInt1
                0x08005340       0x40 IKSBSP/Components/lsm6ds3/LSM6DS3_ACC_GYRO_driver.o
                0x08005340                LSM6DS3_ACC_GYRO_W_TapEvOnInt1
 .text.LSM6DS3_ACC_GYRO_W_FFEvOnInt1
                0x08005380       0x40 IKSBSP/Components/lsm6ds3/LSM6DS3_ACC_GYRO_driver.o
                0x08005380                LSM6DS3_ACC_GYRO_W_FFEvOnInt1
 .text.LSM6DS3_ACC_GYRO_W_WUEvOnInt1
                0x080053c0       0x40 IKSBSP/Components/lsm6ds3/LSM6DS3_ACC_GYRO_driver.o
                0x080053c0                LSM6DS3_ACC_GYRO_W_WUEvOnInt1
 .text.LSM6DS3_ACC_GYRO_W_SingleTapOnInt1
                0x08005400       0x40 IKSBSP/Components/lsm6ds3/LSM6DS3_ACC_GYRO_driver.o
                0x08005400                LSM6DS3_ACC_GYRO_W_SingleTapOnInt1
 .text.LSM6DS3_ACC_GYRO_Get_GetFIFOData
                0x08005440       0x44 IKSBSP/Components/lsm6ds3/LSM6DS3_ACC_GYRO_driver.o
                0x08005440                LSM6DS3_ACC_GYRO_Get_GetFIFOData
 .text.LSM6DS3_ACC_GYRO_Get_GetStepCounter
                0x08005484       0x44 IKSBSP/Components/lsm6ds3/LSM6DS3_ACC_GYRO_driver.o
                0x08005484                LSM6DS3_ACC_GYRO_Get_GetStepCounter
 .text.LSM6DS3_ACC_GYRO_W_PedoThreshold
                0x080054c8       0x4c IKSBSP/Components/lsm6ds3/LSM6DS3_ACC_GYRO_driver.o
                0x080054c8                LSM6DS3_ACC_GYRO_W_PedoThreshold
 .text.LSM6DS3_X_Set_ODR_When_Disabled
                0x08005514       0x50 IKSBSP/Components/lsm6ds3/LSM6DS3_ACC_GYRO_driver_HL.o
 .text.LSM6DS3_X_Set_ODR_Value_When_Disabled
                0x08005564       0xb8 IKSBSP/Components/lsm6ds3/LSM6DS3_ACC_GYRO_driver_HL.o
 .text.LSM6DS3_G_Set_ODR_When_Disabled
                0x0800561c       0x50 IKSBSP/Components/lsm6ds3/LSM6DS3_ACC_GYRO_driver_HL.o
 .text.LSM6DS3_G_Set_ODR_Value_When_Disabled
                0x0800566c       0x94 IKSBSP/Components/lsm6ds3/LSM6DS3_ACC_GYRO_driver_HL.o
 .text.LSM6DS3_X_Set_SelfTest
                0x08005700       0x18 IKSBSP/Components/lsm6ds3/LSM6DS3_ACC_GYRO_driver_HL.o
 .text.LSM6DS3_Set_Interrupt_Latch
                0x08005718       0x18 IKSBSP/Components/lsm6ds3/LSM6DS3_ACC_GYRO_driver_HL.o
 .text.LSM6DS3_X_Set_Interrupt_Latch
                0x08005730        0x8 IKSBSP/Components/lsm6ds3/LSM6DS3_ACC_GYRO_driver_HL.o
 .text.LSM6DS3_G_Set_Interrupt_Latch
                0x08005738        0x8 IKSBSP/Components/lsm6ds3/LSM6DS3_ACC_GYRO_driver_HL.o
 .text.LSM6DS3_FIFO_Set_Stop_On_Fth
                0x08005740       0x18 IKSBSP/Components/lsm6ds3/LSM6DS3_ACC_GYRO_driver_HL.o
 .text.LSM6DS3_FIFO_Set_Watermark_Level
                0x08005758       0x10 IKSBSP/Components/lsm6ds3/LSM6DS3_ACC_GYRO_driver_HL.o
 .text.LSM6DS3_FIFO_Set_INT1_FIFO_Full
                0x08005768       0x20 IKSBSP/Components/lsm6ds3/LSM6DS3_ACC_GYRO_driver_HL.o
 .text.LSM6DS3_FIFO_Set_Mode
                0x08005788       0x24 IKSBSP/Components/lsm6ds3/LSM6DS3_ACC_GYRO_driver_HL.o
 .text.LSM6DS3_X_Get_Sensitivity
                0x080057ac       0x6c IKSBSP/Components/lsm6ds3/LSM6DS3_ACC_GYRO_driver_HL.o
 .text.LSM6DS3_X_Get_FS
                0x08005818       0x64 IKSBSP/Components/lsm6ds3/LSM6DS3_ACC_GYRO_driver_HL.o
 .text.LSM6DS3_FIFO_X_Set_Decimation
                0x0800587c       0x18 IKSBSP/Components/lsm6ds3/LSM6DS3_ACC_GYRO_driver_HL.o
 .text.LSM6DS3_FIFO_Get_Num_Of_Samples
                0x08005894       0x10 IKSBSP/Components/lsm6ds3/LSM6DS3_ACC_GYRO_driver_HL.o
 .text.LSM6DS3_FIFO_Get_Data
                0x080058a4       0x10 IKSBSP/Components/lsm6ds3/LSM6DS3_ACC_GYRO_driver_HL.o
 .text.LSM6DS3_FIFO_X_Get_Axis
                0x080058b4       0x48 IKSBSP/Components/lsm6ds3/LSM6DS3_ACC_GYRO_driver_HL.o
 .text.LSM6DS3_FIFO_Get_Pattern
                0x080058fc       0x10 IKSBSP/Components/lsm6ds3/LSM6DS3_ACC_GYRO_driver_HL.o
 .text.LSM6DS3_FIFO_Get_Overrun_Status
                0x0800590c       0x34 IKSBSP/Components/lsm6ds3/LSM6DS3_ACC_GYRO_driver_HL.o
 .text.LSM6DS3_FIFO_Get_Empty_Status
                0x08005940       0x34 IKSBSP/Components/lsm6ds3/LSM6DS3_ACC_GYRO_driver_HL.o
 .text.LSM6DS3_FIFO_Get_Full_Status
                0x08005974       0x34 IKSBSP/Components/lsm6ds3/LSM6DS3_ACC_GYRO_driver_HL.o
 .text.LSM6DS3_FIFO_Set_ODR_Value
                0x080059a8       0xbc IKSBSP/Components/lsm6ds3/LSM6DS3_ACC_GYRO_driver_HL.o
 .text.LSM6DS3_X_Get_6D_Orientation_ZH
                0x08005a64       0x34 IKSBSP/Components/lsm6ds3/LSM6DS3_ACC_GYRO_driver_HL.o
 .text.LSM6DS3_X_Get_6D_Orientation_ZL
                0x08005a98       0x34 IKSBSP/Components/lsm6ds3/LSM6DS3_ACC_GYRO_driver_HL.o
 .text.LSM6DS3_X_Get_6D_Orientation_YH
                0x08005acc       0x34 IKSBSP/Components/lsm6ds3/LSM6DS3_ACC_GYRO_driver_HL.o
 .text.LSM6DS3_X_Get_6D_Orientation_YL
                0x08005b00       0x34 IKSBSP/Components/lsm6ds3/LSM6DS3_ACC_GYRO_driver_HL.o
 .text.LSM6DS3_X_Get_6D_Orientation_XH
                0x08005b34       0x34 IKSBSP/Components/lsm6ds3/LSM6DS3_ACC_GYRO_driver_HL.o
 .text.LSM6DS3_X_Get_6D_Orientation_XL
                0x08005b68       0x30 IKSBSP/Components/lsm6ds3/LSM6DS3_ACC_GYRO_driver_HL.o
 .text.LSM6DS3_X_Get_6D_Orientation_Status
                0x08005b98       0x34 IKSBSP/Components/lsm6ds3/LSM6DS3_ACC_GYRO_driver_HL.o
 .text.LSM6DS3_X_Disable_6D_Orientation
                0x08005bcc       0x24 IKSBSP/Components/lsm6ds3/LSM6DS3_ACC_GYRO_driver_HL.o
 .text.LSM6DS3_X_Set_FS_Value
                0x08005bf0       0x48 IKSBSP/Components/lsm6ds3/LSM6DS3_ACC_GYRO_driver_HL.o
 .text.LSM6DS3_X_Set_FS
                0x08005c38       0x28 IKSBSP/Components/lsm6ds3/LSM6DS3_ACC_GYRO_driver_HL.o
 .text.LSM6DS3_X_Set_ODR_Value_When_Enabled
                0x08005c60       0xbc IKSBSP/Components/lsm6ds3/LSM6DS3_ACC_GYRO_driver_HL.o
 .text.LSM6DS3_X_Set_ODR_Value
                0x08005d1c       0x24 IKSBSP/Components/lsm6ds3/LSM6DS3_ACC_GYRO_driver_HL.o
 .text.LSM6DS3_X_Enable_6D_Orientation
                0x08005d40       0x40 IKSBSP/Components/lsm6ds3/LSM6DS3_ACC_GYRO_driver_HL.o
 .text.LSM6DS3_X_Sensor_Enable
                0x08005d80       0x28 IKSBSP/Components/lsm6ds3/LSM6DS3_ACC_GYRO_driver_HL.o
 .text.LSM6DS3_X_Set_ODR_When_Enabled
                0x08005da8       0x30 IKSBSP/Components/lsm6ds3/LSM6DS3_ACC_GYRO_driver_HL.o
 .text.LSM6DS3_X_Set_ODR
                0x08005dd8       0x24 IKSBSP/Components/lsm6ds3/LSM6DS3_ACC_GYRO_driver_HL.o
 .text.LSM6DS3_X_Set_Tap_Duration_Time
                0x08005dfc       0x10 IKSBSP/Components/lsm6ds3/LSM6DS3_ACC_GYRO_driver_HL.o
 .text.LSM6DS3_X_Set_Tap_Quiet_Time
                0x08005e0c       0x10 IKSBSP/Components/lsm6ds3/LSM6DS3_ACC_GYRO_driver_HL.o
 .text.LSM6DS3_X_Set_Tap_Shock_Time
                0x08005e1c       0x10 IKSBSP/Components/lsm6ds3/LSM6DS3_ACC_GYRO_driver_HL.o
 .text.LSM6DS3_X_Set_Tap_Threshold
                0x08005e2c       0x10 IKSBSP/Components/lsm6ds3/LSM6DS3_ACC_GYRO_driver_HL.o
 .text.LSM6DS3_X_Get_Double_Tap_Detection_Status
                0x08005e3c       0x34 IKSBSP/Components/lsm6ds3/LSM6DS3_ACC_GYRO_driver_HL.o
 .text.LSM6DS3_X_Disable_Double_Tap_Detection
                0x08005e70       0x7c IKSBSP/Components/lsm6ds3/LSM6DS3_ACC_GYRO_driver_HL.o
 .text.LSM6DS3_X_Enable_Double_Tap_Detection
                0x08005eec       0x9c IKSBSP/Components/lsm6ds3/LSM6DS3_ACC_GYRO_driver_HL.o
 .text.LSM6DS3_X_Get_Single_Tap_Detection_Status
                0x08005f88       0x34 IKSBSP/Components/lsm6ds3/LSM6DS3_ACC_GYRO_driver_HL.o
 .text.LSM6DS3_X_Disable_Single_Tap_Detection
                0x08005fbc       0x64 IKSBSP/Components/lsm6ds3/LSM6DS3_ACC_GYRO_driver_HL.o
 .text.LSM6DS3_X_Enable_Single_Tap_Detection
                0x08006020       0x80 IKSBSP/Components/lsm6ds3/LSM6DS3_ACC_GYRO_driver_HL.o
 .text.LSM6DS3_X_Set_Wake_Up_Threshold
                0x080060a0       0x10 IKSBSP/Components/lsm6ds3/LSM6DS3_ACC_GYRO_driver_HL.o
 .text.LSM6DS3_X_Get_Wake_Up_Detection_Status
                0x080060b0       0x34 IKSBSP/Components/lsm6ds3/LSM6DS3_ACC_GYRO_driver_HL.o
 .text.LSM6DS3_X_Disable_Wake_Up_Detection
                0x080060e4       0x30 IKSBSP/Components/lsm6ds3/LSM6DS3_ACC_GYRO_driver_HL.o
 .text.LSM6DS3_X_Enable_Wake_Up_Detection
                0x08006114       0x50 IKSBSP/Components/lsm6ds3/LSM6DS3_ACC_GYRO_driver_HL.o
 .text.LSM6DS3_X_Get_Tilt_Detection_Status
                0x08006164       0x34 IKSBSP/Components/lsm6ds3/LSM6DS3_ACC_GYRO_driver_HL.o
 .text.LSM6DS3_X_Disable_Tilt_Detection
                0x08006198       0x30 IKSBSP/Components/lsm6ds3/LSM6DS3_ACC_GYRO_driver_HL.o
 .text.LSM6DS3_X_Enable_Tilt_Detection
                0x080061c8       0x50 IKSBSP/Components/lsm6ds3/LSM6DS3_ACC_GYRO_driver_HL.o
 .text.LSM6DS3_X_Set_Pedometer_Threshold
                0x08006218       0x10 IKSBSP/Components/lsm6ds3/LSM6DS3_ACC_GYRO_driver_HL.o
 .text.LSM6DS3_X_Disable_Step_Counter_Reset
                0x08006228       0x14 IKSBSP/Components/lsm6ds3/LSM6DS3_ACC_GYRO_driver_HL.o
 .text.LSM6DS3_X_Enable_Step_Counter_Reset
                0x0800623c       0x14 IKSBSP/Components/lsm6ds3/LSM6DS3_ACC_GYRO_driver_HL.o
 .text.LSM6DS3_X_Get_Step_Count
                0x08006250       0x10 IKSBSP/Components/lsm6ds3/LSM6DS3_ACC_GYRO_driver_HL.o
 .text.LSM6DS3_X_Get_Pedometer_Status
                0x08006260       0x34 IKSBSP/Components/lsm6ds3/LSM6DS3_ACC_GYRO_driver_HL.o
 .text.LSM6DS3_X_Disable_Pedometer
                0x08006294       0x40 IKSBSP/Components/lsm6ds3/LSM6DS3_ACC_GYRO_driver_HL.o
 .text.LSM6DS3_X_Enable_Pedometer
                0x080062d4       0x5c IKSBSP/Components/lsm6ds3/LSM6DS3_ACC_GYRO_driver_HL.o
 .text.LSM6DS3_X_Set_Free_Fall_Threshold
                0x08006330       0x10 IKSBSP/Components/lsm6ds3/LSM6DS3_ACC_GYRO_driver_HL.o
 .text.LSM6DS3_X_Get_Free_Fall_Detection_Status
                0x08006340       0x34 IKSBSP/Components/lsm6ds3/LSM6DS3_ACC_GYRO_driver_HL.o
 .text.LSM6DS3_X_Disable_Free_Fall_Detection
                0x08006374       0x30 IKSBSP/Components/lsm6ds3/LSM6DS3_ACC_GYRO_driver_HL.o
 .text.LSM6DS3_X_Enable_Free_Fall_Detection
                0x080063a4       0x78 IKSBSP/Components/lsm6ds3/LSM6DS3_ACC_GYRO_driver_HL.o
 .text.LSM6DS3_G_Set_SelfTest
                0x0800641c       0x2c IKSBSP/Components/lsm6ds3/LSM6DS3_ACC_GYRO_driver_HL.o
 .text.LSM6DS3_G_Get_Sensitivity
                0x08006448       0x94 IKSBSP/Components/lsm6ds3/LSM6DS3_ACC_GYRO_driver_HL.o
 .text.LSM6DS3_FIFO_G_Get_Axis
                0x080064dc       0x48 IKSBSP/Components/lsm6ds3/LSM6DS3_ACC_GYRO_driver_HL.o
 .text.LSM6DS3_G_Get_FS
                0x08006524       0x94 IKSBSP/Components/lsm6ds3/LSM6DS3_ACC_GYRO_driver_HL.o
 .text.LSM6DS3_FIFO_G_Set_Decimation
                0x080065b8       0x58 IKSBSP/Components/lsm6ds3/LSM6DS3_ACC_GYRO_driver_HL.o
 .text.LSM6DS3_X_Get_DRDY_Status
                0x08006610       0x30 IKSBSP/Components/lsm6ds3/LSM6DS3_ACC_GYRO_driver_HL.o
 .text.LSM6DS3_Write_Reg
                0x08006640       0x20 IKSBSP/Components/lsm6ds3/LSM6DS3_ACC_GYRO_driver_HL.o
 .text.LSM6DS3_X_Write_Reg
                0x08006660       0x10 IKSBSP/Components/lsm6ds3/LSM6DS3_ACC_GYRO_driver_HL.o
 .text.LSM6DS3_G_Write_Reg
                0x08006670       0x10 IKSBSP/Components/lsm6ds3/LSM6DS3_ACC_GYRO_driver_HL.o
 .text.LSM6DS3_Read_Reg
                0x08006680       0x14 IKSBSP/Components/lsm6ds3/LSM6DS3_ACC_GYRO_driver_HL.o
 .text.LSM6DS3_X_Read_Reg
                0x08006694       0x10 IKSBSP/Components/lsm6ds3/LSM6DS3_ACC_GYRO_driver_HL.o
 .text.LSM6DS3_G_Read_Reg
                0x080066a4       0x10 IKSBSP/Components/lsm6ds3/LSM6DS3_ACC_GYRO_driver_HL.o
 .text.LSM6DS3_X_Set_Axes_Status
                0x080066b4       0x54 IKSBSP/Components/lsm6ds3/LSM6DS3_ACC_GYRO_driver_HL.o
 .text.LSM6DS3_X_Get_Axes_Status
                0x08006708       0x68 IKSBSP/Components/lsm6ds3/LSM6DS3_ACC_GYRO_driver_HL.o
 .text.LSM6DS3_X_Get_ODR
                0x08006770       0xe0 IKSBSP/Components/lsm6ds3/LSM6DS3_ACC_GYRO_driver_HL.o
 .text.LSM6DS3_X_Sensor_Disable
                0x08006850       0x2c IKSBSP/Components/lsm6ds3/LSM6DS3_ACC_GYRO_driver_HL.o
 .text.LSM6DS3_X_Get_Axes_Raw
                0x0800687c       0x4c IKSBSP/Components/lsm6ds3/LSM6DS3_ACC_GYRO_driver_HL.o
 .text.LSM6DS3_X_Get_AxesRaw
                0x080068c8       0x28 IKSBSP/Components/lsm6ds3/LSM6DS3_ACC_GYRO_driver_HL.o
 .text.LSM6DS3_X_Get_Axes
                0x080068f0       0x68 IKSBSP/Components/lsm6ds3/LSM6DS3_ACC_GYRO_driver_HL.o
 .text.LSM6DS3_Get_WhoAmI
                0x08006958       0x10 IKSBSP/Components/lsm6ds3/LSM6DS3_ACC_GYRO_driver_HL.o
 .text.LSM6DS3_Check_WhoAmI
                0x08006968       0x2c IKSBSP/Components/lsm6ds3/LSM6DS3_ACC_GYRO_driver_HL.o
 .text.LSM6DS3_X_Check_WhoAmI
                0x08006994        0x8 IKSBSP/Components/lsm6ds3/LSM6DS3_ACC_GYRO_driver_HL.o
 .text.LSM6DS3_X_DeInit
                0x0800699c       0x6c IKSBSP/Components/lsm6ds3/LSM6DS3_ACC_GYRO_driver_HL.o
 .text.LSM6DS3_G_Check_WhoAmI
                0x08006a08        0x8 IKSBSP/Components/lsm6ds3/LSM6DS3_ACC_GYRO_driver_HL.o
 .text.LSM6DS3_X_Get_WhoAmI
                0x08006a10        0x8 IKSBSP/Components/lsm6ds3/LSM6DS3_ACC_GYRO_driver_HL.o
 .text.LSM6DS3_G_Get_WhoAmI
                0x08006a18        0x8 IKSBSP/Components/lsm6ds3/LSM6DS3_ACC_GYRO_driver_HL.o
 .text.LSM6DS3_X_Init
                0x08006a20       0x88 IKSBSP/Components/lsm6ds3/LSM6DS3_ACC_GYRO_driver_HL.o
 .text.LSM6DS3_G_Get_DRDY_Status
                0x08006aa8       0x34 IKSBSP/Components/lsm6ds3/LSM6DS3_ACC_GYRO_driver_HL.o
 .text.LSM6DS3_G_Set_Axes_Status
                0x08006adc       0x54 IKSBSP/Components/lsm6ds3/LSM6DS3_ACC_GYRO_driver_HL.o
 .text.LSM6DS3_G_Get_Axes_Status
                0x08006b30       0x68 IKSBSP/Components/lsm6ds3/LSM6DS3_ACC_GYRO_driver_HL.o
 .text.LSM6DS3_G_Set_FS_Value
                0x08006b98       0x80 IKSBSP/Components/lsm6ds3/LSM6DS3_ACC_GYRO_driver_HL.o
 .text.LSM6DS3_G_Set_FS
                0x08006c18       0x28 IKSBSP/Components/lsm6ds3/LSM6DS3_ACC_GYRO_driver_HL.o
 .text.LSM6DS3_G_Set_ODR_Value_When_Enabled
                0x08006c40       0x98 IKSBSP/Components/lsm6ds3/LSM6DS3_ACC_GYRO_driver_HL.o
 .text.LSM6DS3_G_Set_ODR_Value
                0x08006cd8       0x24 IKSBSP/Components/lsm6ds3/LSM6DS3_ACC_GYRO_driver_HL.o
 .text.LSM6DS3_G_Sensor_Enable
                0x08006cfc       0x28 IKSBSP/Components/lsm6ds3/LSM6DS3_ACC_GYRO_driver_HL.o
 .text.LSM6DS3_G_Set_ODR_When_Enabled
                0x08006d24       0x30 IKSBSP/Components/lsm6ds3/LSM6DS3_ACC_GYRO_driver_HL.o
 .text.LSM6DS3_G_Set_ODR
                0x08006d54       0x24 IKSBSP/Components/lsm6ds3/LSM6DS3_ACC_GYRO_driver_HL.o
 .text.LSM6DS3_G_Init
                0x08006d78       0x88 IKSBSP/Components/lsm6ds3/LSM6DS3_ACC_GYRO_driver_HL.o
 .text.LSM6DS3_G_Get_ODR
                0x08006e00       0xc0 IKSBSP/Components/lsm6ds3/LSM6DS3_ACC_GYRO_driver_HL.o
 .text.LSM6DS3_G_Sensor_Disable
                0x08006ec0       0x2c IKSBSP/Components/lsm6ds3/LSM6DS3_ACC_GYRO_driver_HL.o
 .text.LSM6DS3_G_DeInit
                0x08006eec       0x24 IKSBSP/Components/lsm6ds3/LSM6DS3_ACC_GYRO_driver_HL.o
 .text.LSM6DS3_G_Get_Axes_Raw
                0x08006f10       0x4c IKSBSP/Components/lsm6ds3/LSM6DS3_ACC_GYRO_driver_HL.o
 .text.LSM6DS3_G_Get_AxesRaw
                0x08006f5c       0x28 IKSBSP/Components/lsm6ds3/LSM6DS3_ACC_GYRO_driver_HL.o
 .text.LSM6DS3_G_Get_Axes
                0x08006f84       0x68 IKSBSP/Components/lsm6ds3/LSM6DS3_ACC_GYRO_driver_HL.o
 .text.I2C_EXPBD_MspInit
                0x08006fec       0x88 IKSBSP/X_NUCLEO_IKS01A1/x_nucleo_iks01a1.o
 .text.I2C_EXPBD_Init
                0x08007074       0x4c IKSBSP/X_NUCLEO_IKS01A1/x_nucleo_iks01a1.o
 .text.I2C_EXPBD_Error
                0x080070c0       0x14 IKSBSP/X_NUCLEO_IKS01A1/x_nucleo_iks01a1.o
 .text.I2C_EXPBD_WriteData
                0x080070d4       0x34 IKSBSP/X_NUCLEO_IKS01A1/x_nucleo_iks01a1.o
 .text.I2C_EXPBD_ReadData
                0x08007108       0x34 IKSBSP/X_NUCLEO_IKS01A1/x_nucleo_iks01a1.o
 .text.Sensor_IO_Init
                0x0800713c       0x10 IKSBSP/X_NUCLEO_IKS01A1/x_nucleo_iks01a1.o
                0x0800713c                Sensor_IO_Init
 .text.LSM6DS0_Sensor_IO_ITConfig
                0x0800714c        0x4 IKSBSP/X_NUCLEO_IKS01A1/x_nucleo_iks01a1.o
                0x0800714c                LSM6DS0_Sensor_IO_ITConfig
 .text.LSM6DS3_Sensor_IO_ITConfig
                0x08007150       0x8c IKSBSP/X_NUCLEO_IKS01A1/x_nucleo_iks01a1.o
                0x08007150                LSM6DS3_Sensor_IO_ITConfig
 .text.Sensor_IO_Write
                0x080071dc       0x14 IKSBSP/X_NUCLEO_IKS01A1/x_nucleo_iks01a1.o
                0x080071dc                Sensor_IO_Write
 .text.Sensor_IO_Read
                0x080071f0       0x14 IKSBSP/X_NUCLEO_IKS01A1/x_nucleo_iks01a1.o
                0x080071f0                Sensor_IO_Read
 .text.BSP_LSM6DS0_ACCELERO_Init
                0x08007204       0x94 IKSBSP/X_NUCLEO_IKS01A1/x_nucleo_iks01a1_accelero.o
 .text.BSP_LSM6DS3_ACCELERO_Init
                0x08007298       0x98 IKSBSP/X_NUCLEO_IKS01A1/x_nucleo_iks01a1_accelero.o
 .text.BSP_ACCELERO_Init
                0x08007330       0x4c IKSBSP/X_NUCLEO_IKS01A1/x_nucleo_iks01a1_accelero.o
                0x08007330                BSP_ACCELERO_Init
 .text.BSP_ACCELERO_Sensor_Enable
                0x0800737c       0x20 IKSBSP/X_NUCLEO_IKS01A1/x_nucleo_iks01a1_accelero.o
                0x0800737c                BSP_ACCELERO_Sensor_Enable
 .text.BSP_ACCELERO_IsInitialized
                0x0800739c       0x14 IKSBSP/X_NUCLEO_IKS01A1/x_nucleo_iks01a1_accelero.o
                0x0800739c                BSP_ACCELERO_IsInitialized
 .text.BSP_ACCELERO_Get_Axes
                0x080073b0       0x24 IKSBSP/X_NUCLEO_IKS01A1/x_nucleo_iks01a1_accelero.o
                0x080073b0                BSP_ACCELERO_Get_Axes
 .text.MX_GPIO_Init
                0x080073d4       0xb0 Src/gpio.o
                0x080073d4                MX_GPIO_Init
 .text.MX_I2C3_Init
                0x08007484       0x3c Src/i2c.o
                0x08007484                MX_I2C3_Init
 .text.HAL_I2C_MspInit
                0x080074c0       0x94 Src/i2c.o
                0x080074c0                HAL_I2C_MspInit
 .text.HAL_I2C_MspDeInit
                0x08007554       0x48 Src/i2c.o
                0x08007554                HAL_I2C_MspDeInit
 .text.Error_Handler
                0x0800759c        0x4 Src/main.o
                0x0800759c                Error_Handler
 .text.SystemClock_Config
                0x080075a0       0xb8 Src/main.o
                0x080075a0                SystemClock_Config
 .text.main     0x08007658       0x90 Src/main.o
                0x08007658                main
 .text.HAL_MspInit
                0x080076e8       0x60 Src/stm32f4xx_hal_msp.o
                0x080076e8                HAL_MspInit
 .text.SysTick_Handler
                0x08007748        0xc Src/stm32f4xx_it.o
                0x08007748                SysTick_Handler
 .text.EXTI15_10_IRQHandler
                0x08007754        0xc Src/stm32f4xx_it.o
                0x08007754                EXTI15_10_IRQHandler
 .text.I2C3_EV_IRQHandler
                0x08007760       0x10 Src/stm32f4xx_it.o
                0x08007760                I2C3_EV_IRQHandler
 .text.I2C3_ER_IRQHandler
                0x08007770       0x10 Src/stm32f4xx_it.o
                0x08007770                I2C3_ER_IRQHandler
 .text.SystemInit
                0x08007780       0x4c Src/system_stm32f4xx.o
                0x08007780                SystemInit
 .text.MX_USART2_UART_Init
                0x080077cc       0x34 Src/usart.o
                0x080077cc                MX_USART2_UART_Init
 .text.HAL_UART_MspInit
                0x08007800       0x50 Src/usart.o
                0x08007800                HAL_UART_MspInit
 .text.Reset_Handler
                0x08007850       0x50 startup/startup_stm32f401xe.o
                0x08007850                Reset_Handler
 .text.Default_Handler
                0x080078a0        0x2 startup/startup_stm32f401xe.o
                0x080078a0                RTC_Alarm_IRQHandler
                0x080078a0                EXTI2_IRQHandler
                0x080078a0                DebugMon_Handler
                0x080078a0                SPI4_IRQHandler
                0x080078a0                TIM1_CC_IRQHandler
                0x080078a0                DMA2_Stream5_IRQHandler
                0x080078a0                HardFault_Handler
                0x080078a0                DMA1_Stream5_IRQHandler
                0x080078a0                PVD_IRQHandler
                0x080078a0                SDIO_IRQHandler
                0x080078a0                TAMP_STAMP_IRQHandler
                0x080078a0                PendSV_Handler
                0x080078a0                NMI_Handler
                0x080078a0                EXTI3_IRQHandler
                0x080078a0                TIM1_UP_TIM10_IRQHandler
                0x080078a0                EXTI0_IRQHandler
                0x080078a0                I2C2_EV_IRQHandler
                0x080078a0                DMA1_Stream2_IRQHandler
                0x080078a0                FPU_IRQHandler
                0x080078a0                UsageFault_Handler
                0x080078a0                DMA2_Stream2_IRQHandler
                0x080078a0                SPI1_IRQHandler
                0x080078a0                TIM1_BRK_TIM9_IRQHandler
                0x080078a0                DMA2_Stream3_IRQHandler
                0x080078a0                USART6_IRQHandler
                0x080078a0                DMA2_Stream0_IRQHandler
                0x080078a0                TIM4_IRQHandler
                0x080078a0                I2C1_EV_IRQHandler
                0x080078a0                DMA1_Stream6_IRQHandler
                0x080078a0                DMA1_Stream1_IRQHandler
                0x080078a0                TIM3_IRQHandler
                0x080078a0                RCC_IRQHandler
                0x080078a0                Default_Handler
                0x080078a0                ADC_IRQHandler
                0x080078a0                DMA1_Stream7_IRQHandler
                0x080078a0                TIM5_IRQHandler
                0x080078a0                DMA2_Stream7_IRQHandler
                0x080078a0                EXTI9_5_IRQHandler
                0x080078a0                RTC_WKUP_IRQHandler
                0x080078a0                SPI2_IRQHandler
                0x080078a0                MemManage_Handler
                0x080078a0                DMA1_Stream0_IRQHandler
                0x080078a0                SVC_Handler
                0x080078a0                EXTI4_IRQHandler
                0x080078a0                WWDG_IRQHandler
                0x080078a0                TIM2_IRQHandler
                0x080078a0                OTG_FS_WKUP_IRQHandler
                0x080078a0                TIM1_TRG_COM_TIM11_IRQHandler
                0x080078a0                EXTI1_IRQHandler
                0x080078a0                USART2_IRQHandler
                0x080078a0                I2C2_ER_IRQHandler
                0x080078a0                DMA2_Stream1_IRQHandler
                0x080078a0                FLASH_IRQHandler
                0x080078a0                DMA2_Stream4_IRQHandler
                0x080078a0                BusFault_Handler
                0x080078a0                USART1_IRQHandler
                0x080078a0                OTG_FS_IRQHandler
                0x080078a0                SPI3_IRQHandler
                0x080078a0                DMA1_Stream4_IRQHandler
                0x080078a0                I2C1_ER_IRQHandler
                0x080078a0                DMA2_Stream6_IRQHandler
                0x080078a0                DMA1_Stream3_IRQHandler
 *fill*         0x080078a2        0x2 
 .text.__libc_init_array
                0x080078a4       0x4c e:/ac6/systemworkbench20/plugins/fr.ac6.mcu.externaltools.arm-none.win32_1.13.2.201705091103/tools/compiler/bin/../lib/gcc/arm-none-eabi/5.4.1/../../../../arm-none-eabi/lib/armv7e-m/fpu\libc_nano.a(lib_a-init.o)
                0x080078a4                __libc_init_array
 .text.sprintf  0x080078f0       0x48 e:/ac6/systemworkbench20/plugins/fr.ac6.mcu.externaltools.arm-none.win32_1.13.2.201705091103/tools/compiler/bin/../lib/gcc/arm-none-eabi/5.4.1/../../../../arm-none-eabi/lib/armv7e-m/fpu\libc_nano.a(lib_a-sprintf.o)
                0x080078f0                siprintf
                0x080078f0                sprintf
 .text.__ssputs_r
                0x08007938       0xb2 e:/ac6/systemworkbench20/plugins/fr.ac6.mcu.externaltools.arm-none.win32_1.13.2.201705091103/tools/compiler/bin/../lib/gcc/arm-none-eabi/5.4.1/../../../../arm-none-eabi/lib/armv7e-m/fpu\libc_nano.a(lib_a-nano-svfprintf.o)
                0x08007938                __ssputs_r
 *fill*         0x080079ea        0x2 
 .text._svfprintf_r
                0x080079ec      0x1e8 e:/ac6/systemworkbench20/plugins/fr.ac6.mcu.externaltools.arm-none.win32_1.13.2.201705091103/tools/compiler/bin/../lib/gcc/arm-none-eabi/5.4.1/../../../../arm-none-eabi/lib/armv7e-m/fpu\libc_nano.a(lib_a-nano-svfprintf.o)
                0x080079ec                _svfiprintf_r
                0x080079ec                _svfprintf_r
 .text._printf_common
                0x08007bd4       0xec e:/ac6/systemworkbench20/plugins/fr.ac6.mcu.externaltools.arm-none.win32_1.13.2.201705091103/tools/compiler/bin/../lib/gcc/arm-none-eabi/5.4.1/../../../../arm-none-eabi/lib/armv7e-m/fpu\libc_nano.a(lib_a-nano-vfprintf_i.o)
                0x08007bd4                _printf_common
 .text._printf_i
                0x08007cc0      0x24c e:/ac6/systemworkbench20/plugins/fr.ac6.mcu.externaltools.arm-none.win32_1.13.2.201705091103/tools/compiler/bin/../lib/gcc/arm-none-eabi/5.4.1/../../../../arm-none-eabi/lib/armv7e-m/fpu\libc_nano.a(lib_a-nano-vfprintf_i.o)
                0x08007cc0                _printf_i
 .text.memcpy   0x08007f0c       0x16 e:/ac6/systemworkbench20/plugins/fr.ac6.mcu.externaltools.arm-none.win32_1.13.2.201705091103/tools/compiler/bin/../lib/gcc/arm-none-eabi/5.4.1/../../../../arm-none-eabi/lib/armv7e-m/fpu\libc_nano.a(lib_a-memcpy-stub.o)
                0x08007f0c                memcpy
 .text.memmove  0x08007f22       0x36 e:/ac6/systemworkbench20/plugins/fr.ac6.mcu.externaltools.arm-none.win32_1.13.2.201705091103/tools/compiler/bin/../lib/gcc/arm-none-eabi/5.4.1/../../../../arm-none-eabi/lib/armv7e-m/fpu\libc_nano.a(lib_a-memmove.o)
                0x08007f22                memmove
 .text._free_r  0x08007f58       0x9c e:/ac6/systemworkbench20/plugins/fr.ac6.mcu.externaltools.arm-none.win32_1.13.2.201705091103/tools/compiler/bin/../lib/gcc/arm-none-eabi/5.4.1/../../../../arm-none-eabi/lib/armv7e-m/fpu\libc_nano.a(lib_a-nano-freer.o)
                0x08007f58                _free_r
 .text._malloc_r
                0x08007ff4       0xbc e:/ac6/systemworkbench20/plugins/fr.ac6.mcu.externaltools.arm-none.win32_1.13.2.201705091103/tools/compiler/bin/../lib/gcc/arm-none-eabi/5.4.1/../../../../arm-none-eabi/lib/armv7e-m/fpu\libc_nano.a(lib_a-nano-mallocr.o)
                0x08007ff4                _malloc_r
 .text._realloc_r
                0x080080b0       0x4c e:/ac6/systemworkbench20/plugins/fr.ac6.mcu.externaltools.arm-none.win32_1.13.2.201705091103/tools/compiler/bin/../lib/gcc/arm-none-eabi/5.4.1/../../../../arm-none-eabi/lib/armv7e-m/fpu\libc_nano.a(lib_a-nano-reallocr.o)
                0x080080b0                _realloc_r
 .text._sbrk_r  0x080080fc       0x20 e:/ac6/systemworkbench20/plugins/fr.ac6.mcu.externaltools.arm-none.win32_1.13.2.201705091103/tools/compiler/bin/../lib/gcc/arm-none-eabi/5.4.1/../../../../arm-none-eabi/lib/armv7e-m/fpu\libc_nano.a(lib_a-sbrkr.o)
                0x080080fc                _sbrk_r
 .text.__malloc_lock
                0x0800811c        0x2 e:/ac6/systemworkbench20/plugins/fr.ac6.mcu.externaltools.arm-none.win32_1.13.2.201705091103/tools/compiler/bin/../lib/gcc/arm-none-eabi/5.4.1/../../../../arm-none-eabi/lib/armv7e-m/fpu\libc_nano.a(lib_a-mlock.o)
                0x0800811c                __malloc_lock
 .text.__malloc_unlock
                0x0800811e        0x2 e:/ac6/systemworkbench20/plugins/fr.ac6.mcu.externaltools.arm-none.win32_1.13.2.201705091103/tools/compiler/bin/../lib/gcc/arm-none-eabi/5.4.1/../../../../arm-none-eabi/lib/armv7e-m/fpu\libc_nano.a(lib_a-mlock.o)
                0x0800811e                __malloc_unlock
 .text._malloc_usable_size_r
                0x08008120       0x14 e:/ac6/systemworkbench20/plugins/fr.ac6.mcu.externaltools.arm-none.win32_1.13.2.201705091103/tools/compiler/bin/../lib/gcc/arm-none-eabi/5.4.1/../../../../arm-none-eabi/lib/armv7e-m/fpu\libc_nano.a(lib_a-nano-msizer.o)
                0x08008120                _malloc_usable_size_r
 .text._sbrk    0x08008134       0x1c e:/ac6/systemworkbench20/plugins/fr.ac6.mcu.externaltools.arm-none.win32_1.13.2.201705091103/tools/compiler/bin/../lib/gcc/arm-none-eabi/5.4.1/../../../../arm-none-eabi/lib/armv7e-m/fpu\libnosys.a(sbrk.o)
                0x08008134                _sbrk
 *(.glue_7)
 .glue_7        0x08008150        0x0 linker stubs
 *(.glue_7t)
 .glue_7t       0x08008150        0x0 linker stubs
 *(.eh_frame)
 .eh_frame      0x08008150        0x0 e:/ac6/systemworkbench20/plugins/fr.ac6.mcu.externaltools.arm-none.win32_1.13.2.201705091103/tools/compiler/bin/../lib/gcc/arm-none-eabi/5.4.1/armv7e-m/fpu/crtbegin.o
 *(.init)
 .init          0x08008150        0x4 e:/ac6/systemworkbench20/plugins/fr.ac6.mcu.externaltools.arm-none.win32_1.13.2.201705091103/tools/compiler/bin/../lib/gcc/arm-none-eabi/5.4.1/armv7e-m/fpu/crti.o
                0x08008150                _init
 .init          0x08008154        0x8 e:/ac6/systemworkbench20/plugins/fr.ac6.mcu.externaltools.arm-none.win32_1.13.2.201705091103/tools/compiler/bin/../lib/gcc/arm-none-eabi/5.4.1/armv7e-m/fpu/crtn.o
 *(.fini)
 .fini          0x0800815c        0x4 e:/ac6/systemworkbench20/plugins/fr.ac6.mcu.externaltools.arm-none.win32_1.13.2.201705091103/tools/compiler/bin/../lib/gcc/arm-none-eabi/5.4.1/armv7e-m/fpu/crti.o
                0x0800815c                _fini
 .fini          0x08008160        0x8 e:/ac6/systemworkbench20/plugins/fr.ac6.mcu.externaltools.arm-none.win32_1.13.2.201705091103/tools/compiler/bin/../lib/gcc/arm-none-eabi/5.4.1/armv7e-m/fpu/crtn.o
                0x08008168                . = ALIGN (0x4)
                0x08008168                _etext = .

.vfp11_veneer   0x08008168        0x0
 .vfp11_veneer  0x08008168        0x0 linker stubs

.v4_bx          0x08008168        0x0
 .v4_bx         0x08008168        0x0 linker stubs

.iplt           0x08008168        0x0
 .iplt          0x08008168        0x0 e:/ac6/systemworkbench20/plugins/fr.ac6.mcu.externaltools.arm-none.win32_1.13.2.201705091103/tools/compiler/bin/../lib/gcc/arm-none-eabi/5.4.1/armv7e-m/fpu/crtbegin.o

.rodata         0x08008168       0x84
                0x08008168                . = ALIGN (0x4)
 *(.rodata)
 .rodata        0x08008168        0x3 IKSBSP/Components/lsm6ds0/LSM6DS0_ACC_GYRO_driver_HL.o
 *fill*         0x0800816b        0x1 
 .rodata        0x0800816c        0x3 IKSBSP/Components/lsm6ds3/LSM6DS3_ACC_GYRO_driver_HL.o
 *fill*         0x0800816f        0x1 
 .rodata        0x08008170       0x18 Src/system_stm32f4xx.o
                0x08008170                AHBPrescTable
                0x08008180                APBPrescTable
 *(.rodata*)
 .rodata.str1.4
                0x08008188       0x30 Src/main.o
 .rodata.str1.1
                0x080081b8       0x11 e:/ac6/systemworkbench20/plugins/fr.ac6.mcu.externaltools.arm-none.win32_1.13.2.201705091103/tools/compiler/bin/../lib/gcc/arm-none-eabi/5.4.1/../../../../arm-none-eabi/lib/armv7e-m/fpu\libc_nano.a(lib_a-nano-svfprintf.o)
 .rodata.str1.1
                0x080081c9       0x22 e:/ac6/systemworkbench20/plugins/fr.ac6.mcu.externaltools.arm-none.win32_1.13.2.201705091103/tools/compiler/bin/../lib/gcc/arm-none-eabi/5.4.1/../../../../arm-none-eabi/lib/armv7e-m/fpu\libc_nano.a(lib_a-nano-vfprintf_i.o)
                0x080081ec                . = ALIGN (0x4)
 *fill*         0x080081eb        0x1 

.rel.dyn        0x080081ec        0x0
 .rel.iplt      0x080081ec        0x0 e:/ac6/systemworkbench20/plugins/fr.ac6.mcu.externaltools.arm-none.win32_1.13.2.201705091103/tools/compiler/bin/../lib/gcc/arm-none-eabi/5.4.1/armv7e-m/fpu/crtbegin.o

.ARM.extab
 *(.ARM.extab* .gnu.linkonce.armextab.*)

.ARM            0x080081ec        0x0
                0x080081ec                __exidx_start = .
 *(.ARM.exidx*)
                0x080081ec                __exidx_end = .

.preinit_array  0x080081ec        0x0
                0x080081ec                PROVIDE (__preinit_array_start, .)
 *(.preinit_array*)
                0x080081ec                PROVIDE (__preinit_array_end, .)

.init_array     0x080081ec        0x4
                0x080081ec                PROVIDE (__init_array_start, .)
 *(SORT(.init_array.*))
 *(.init_array*)
 .init_array    0x080081ec        0x4 e:/ac6/systemworkbench20/plugins/fr.ac6.mcu.externaltools.arm-none.win32_1.13.2.201705091103/tools/compiler/bin/../lib/gcc/arm-none-eabi/5.4.1/armv7e-m/fpu/crtbegin.o
                0x080081f0                PROVIDE (__init_array_end, .)

.fini_array     0x080081f0        0x4
                [!provide]                PROVIDE (__fini_array_start, .)
 *(SORT(.fini_array.*))
 *(.fini_array*)
 .fini_array    0x080081f0        0x4 e:/ac6/systemworkbench20/plugins/fr.ac6.mcu.externaltools.arm-none.win32_1.13.2.201705091103/tools/compiler/bin/../lib/gcc/arm-none-eabi/5.4.1/armv7e-m/fpu/crtbegin.o
                [!provide]                PROVIDE (__fini_array_end, .)
                0x080081f4                _sidata = LOADADDR (.data)

.data           0x20000000      0x2b4 load address 0x080081f4
                0x20000000                . = ALIGN (0x4)
                0x20000000                _sdata = .
 *(.data)
 .data          0x20000000       0xa0 IKSBSP/Components/lsm6ds0/LSM6DS0_ACC_GYRO_driver_HL.o
                0x20000000                LSM6DS0_G_Drv
                0x20000050                LSM6DS0_X_Drv
 .data          0x200000a0      0x1ac IKSBSP/Components/lsm6ds3/LSM6DS3_ACC_GYRO_driver_HL.o
                0x200000a0                LSM6DS3_G_Drv
                0x200000f0                LSM6DS3_X_Drv
                0x20000140                LSM6DS3_G_ExtDrv
                0x2000017c                LSM6DS3_X_ExtDrv
 .data          0x2000024c        0x4 Src/system_stm32f4xx.o
                0x2000024c                SystemCoreClock
 *(.data*)
 .data.impure_data
                0x20000250       0x60 e:/ac6/systemworkbench20/plugins/fr.ac6.mcu.externaltools.arm-none.win32_1.13.2.201705091103/tools/compiler/bin/../lib/gcc/arm-none-eabi/5.4.1/../../../../arm-none-eabi/lib/armv7e-m/fpu\libc_nano.a(lib_a-impure.o)
 .data._impure_ptr
                0x200002b0        0x4 e:/ac6/systemworkbench20/plugins/fr.ac6.mcu.externaltools.arm-none.win32_1.13.2.201705091103/tools/compiler/bin/../lib/gcc/arm-none-eabi/5.4.1/../../../../arm-none-eabi/lib/armv7e-m/fpu\libc_nano.a(lib_a-impure.o)
                0x200002b0                _impure_ptr
                0x200002b4                . = ALIGN (0x4)
                0x200002b4                _edata = .

.jcr            0x200002b4        0x0 load address 0x080084a8
 .jcr           0x200002b4        0x0 e:/ac6/systemworkbench20/plugins/fr.ac6.mcu.externaltools.arm-none.win32_1.13.2.201705091103/tools/compiler/bin/../lib/gcc/arm-none-eabi/5.4.1/armv7e-m/fpu/crtbegin.o

.igot.plt       0x200002b4        0x0 load address 0x080084a8
 .igot.plt      0x200002b4        0x0 e:/ac6/systemworkbench20/plugins/fr.ac6.mcu.externaltools.arm-none.win32_1.13.2.201705091103/tools/compiler/bin/../lib/gcc/arm-none-eabi/5.4.1/armv7e-m/fpu/crtbegin.o
                0x200002b4                . = ALIGN (0x4)

.bss            0x200002b4      0x268 load address 0x080084a8
                0x200002b4                _sbss = .
                0x200002b4                __bss_start__ = _sbss
 *(.bss)
 .bss           0x200002b4       0x1c e:/ac6/systemworkbench20/plugins/fr.ac6.mcu.externaltools.arm-none.win32_1.13.2.201705091103/tools/compiler/bin/../lib/gcc/arm-none-eabi/5.4.1/armv7e-m/fpu/crtbegin.o
 .bss           0x200002d0       0x54 IKSBSP/X_NUCLEO_IKS01A1/x_nucleo_iks01a1.o
 .bss           0x20000324       0x44 IKSBSP/X_NUCLEO_IKS01A1/x_nucleo_iks01a1_accelero.o
 .bss           0x20000368      0x104 Src/main.o
 *(.bss*)
 .bss.__malloc_sbrk_start
                0x2000046c        0x4 e:/ac6/systemworkbench20/plugins/fr.ac6.mcu.externaltools.arm-none.win32_1.13.2.201705091103/tools/compiler/bin/../lib/gcc/arm-none-eabi/5.4.1/../../../../arm-none-eabi/lib/armv7e-m/fpu\libc_nano.a(lib_a-nano-mallocr.o)
                0x2000046c                __malloc_sbrk_start
 .bss.__malloc_free_list
                0x20000470        0x4 e:/ac6/systemworkbench20/plugins/fr.ac6.mcu.externaltools.arm-none.win32_1.13.2.201705091103/tools/compiler/bin/../lib/gcc/arm-none-eabi/5.4.1/../../../../arm-none-eabi/lib/armv7e-m/fpu\libc_nano.a(lib_a-nano-mallocr.o)
                0x20000470                __malloc_free_list
 .bss.heap_end.4169
                0x20000474        0x4 e:/ac6/systemworkbench20/plugins/fr.ac6.mcu.externaltools.arm-none.win32_1.13.2.201705091103/tools/compiler/bin/../lib/gcc/arm-none-eabi/5.4.1/../../../../arm-none-eabi/lib/armv7e-m/fpu\libnosys.a(sbrk.o)
 *(COMMON)
 COMMON         0x20000478        0x4 Drivers/STM32F4xx_HAL_Driver/Src/stm32f4xx_hal.o
                0x20000478                uwTick
 COMMON         0x2000047c        0x8 IKSBSP/Components/lsm6ds0/LSM6DS0_ACC_GYRO_driver_HL.o
                0x2000047c                LSM6DS0_Combo_Data
 COMMON         0x20000484       0x54 Src/i2c.o
                0x20000484                hi2c3
 COMMON         0x200004d8       0x40 Src/usart.o
                0x200004d8                huart2
 COMMON         0x20000518        0x4 e:/ac6/systemworkbench20/plugins/fr.ac6.mcu.externaltools.arm-none.win32_1.13.2.201705091103/tools/compiler/bin/../lib/gcc/arm-none-eabi/5.4.1/../../../../arm-none-eabi/lib/armv7e-m/fpu\libc_nano.a(lib_a-reent.o)
                0x20000518                errno
                0x2000051c                . = ALIGN (0x4)
                0x2000051c                _ebss = .
                0x2000051c                __bss_end__ = _ebss

._user_heap_stack
                0x2000051c      0x604 load address 0x080084a8
                0x20000520                . = ALIGN (0x8)
 *fill*         0x2000051c        0x4 
                0x20000520                PROVIDE (end, .)
                [!provide]                PROVIDE (_end, .)
                0x20000720                . = (. + _Min_Heap_Size)
 *fill*         0x20000520      0x200 
                0x20000b20                . = (. + _Min_Stack_Size)
 *fill*         0x20000720      0x400 
                0x20000b20                . = ALIGN (0x8)

/DISCARD/
 libc.a(*)
 libm.a(*)
 libgcc.a(*)

.ARM.attributes
                0x00000000       0x30
 *(.ARM.attributes)
 .ARM.attributes
                0x00000000       0x22 e:/ac6/systemworkbench20/plugins/fr.ac6.mcu.externaltools.arm-none.win32_1.13.2.201705091103/tools/compiler/bin/../lib/gcc/arm-none-eabi/5.4.1/armv7e-m/fpu/crti.o
 .ARM.attributes
                0x00000022       0x34 e:/ac6/systemworkbench20/plugins/fr.ac6.mcu.externaltools.arm-none.win32_1.13.2.201705091103/tools/compiler/bin/../lib/gcc/arm-none-eabi/5.4.1/armv7e-m/fpu/crtbegin.o
 .ARM.attributes
                0x00000056       0x39 Drivers/STM32F4xx_HAL_Driver/Src/stm32f4xx_hal.o
 .ARM.attributes
                0x0000008f       0x39 Drivers/STM32F4xx_HAL_Driver/Src/stm32f4xx_hal_cortex.o
 .ARM.attributes
                0x000000c8       0x39 Drivers/STM32F4xx_HAL_Driver/Src/stm32f4xx_hal_dma.o
 .ARM.attributes
                0x00000101       0x39 Drivers/STM32F4xx_HAL_Driver/Src/stm32f4xx_hal_gpio.o
 .ARM.attributes
                0x0000013a       0x39 Drivers/STM32F4xx_HAL_Driver/Src/stm32f4xx_hal_i2c.o
 .ARM.attributes
                0x00000173       0x39 Drivers/STM32F4xx_HAL_Driver/Src/stm32f4xx_hal_rcc.o
 .ARM.attributes
                0x000001ac       0x39 Drivers/STM32F4xx_HAL_Driver/Src/stm32f4xx_hal_uart.o
 .ARM.attributes
                0x000001e5       0x33 IKSBSP/Components/lsm6ds0/LSM6DS0_ACC_GYRO_driver.o
 .ARM.attributes
                0x00000218       0x33 IKSBSP/Components/lsm6ds0/LSM6DS0_ACC_GYRO_driver_HL.o
 .ARM.attributes
                0x0000024b       0x33 IKSBSP/Components/lsm6ds3/LSM6DS3_ACC_GYRO_driver.o
 .ARM.attributes
                0x0000027e       0x33 IKSBSP/Components/lsm6ds3/LSM6DS3_ACC_GYRO_driver_HL.o
 .ARM.attributes
                0x000002b1       0x33 IKSBSP/X_NUCLEO_IKS01A1/x_nucleo_iks01a1.o
 .ARM.attributes
                0x000002e4       0x33 IKSBSP/X_NUCLEO_IKS01A1/x_nucleo_iks01a1_accelero.o
 .ARM.attributes
                0x00000317       0x39 Src/gpio.o
 .ARM.attributes
                0x00000350       0x39 Src/i2c.o
 .ARM.attributes
                0x00000389       0x39 Src/main.o
 .ARM.attributes
                0x000003c2       0x39 Src/stm32f4xx_hal_msp.o
 .ARM.attributes
                0x000003fb       0x39 Src/stm32f4xx_it.o
 .ARM.attributes
                0x00000434       0x39 Src/system_stm32f4xx.o
 .ARM.attributes
                0x0000046d       0x39 Src/usart.o
 .ARM.attributes
                0x000004a6       0x21 startup/startup_stm32f401xe.o
 .ARM.attributes
                0x000004c7       0x22 e:/ac6/systemworkbench20/plugins/fr.ac6.mcu.externaltools.arm-none.win32_1.13.2.201705091103/tools/compiler/bin/../lib/gcc/arm-none-eabi/5.4.1/armv7e-m/fpu\libgcc.a(_arm_addsubsf3.o)
 .ARM.attributes
                0x000004e9       0x22 e:/ac6/systemworkbench20/plugins/fr.ac6.mcu.externaltools.arm-none.win32_1.13.2.201705091103/tools/compiler/bin/../lib/gcc/arm-none-eabi/5.4.1/armv7e-m/fpu\libgcc.a(_arm_muldivsf3.o)
 .ARM.attributes
                0x0000050b       0x22 e:/ac6/systemworkbench20/plugins/fr.ac6.mcu.externaltools.arm-none.win32_1.13.2.201705091103/tools/compiler/bin/../lib/gcc/arm-none-eabi/5.4.1/armv7e-m/fpu\libgcc.a(_arm_cmpsf2.o)
 .ARM.attributes
                0x0000052d       0x22 e:/ac6/systemworkbench20/plugins/fr.ac6.mcu.externaltools.arm-none.win32_1.13.2.201705091103/tools/compiler/bin/../lib/gcc/arm-none-eabi/5.4.1/armv7e-m/fpu\libgcc.a(_arm_fixsfsi.o)
 .ARM.attributes
                0x0000054f       0x34 e:/ac6/systemworkbench20/plugins/fr.ac6.mcu.externaltools.arm-none.win32_1.13.2.201705091103/tools/compiler/bin/../lib/gcc/arm-none-eabi/5.4.1/../../../../arm-none-eabi/lib/armv7e-m/fpu\libc_nano.a(lib_a-impure.o)
 .ARM.attributes
                0x00000583       0x34 e:/ac6/systemworkbench20/plugins/fr.ac6.mcu.externaltools.arm-none.win32_1.13.2.201705091103/tools/compiler/bin/../lib/gcc/arm-none-eabi/5.4.1/../../../../arm-none-eabi/lib/armv7e-m/fpu\libc_nano.a(lib_a-init.o)
 .ARM.attributes
                0x000005b7       0x34 e:/ac6/systemworkbench20/plugins/fr.ac6.mcu.externaltools.arm-none.win32_1.13.2.201705091103/tools/compiler/bin/../lib/gcc/arm-none-eabi/5.4.1/../../../../arm-none-eabi/lib/armv7e-m/fpu\libc_nano.a(lib_a-sprintf.o)
 .ARM.attributes
                0x000005eb       0x1b e:/ac6/systemworkbench20/plugins/fr.ac6.mcu.externaltools.arm-none.win32_1.13.2.201705091103/tools/compiler/bin/../lib/gcc/arm-none-eabi/5.4.1/../../../../arm-none-eabi/lib/armv7e-m/fpu\libc_nano.a(lib_a-strlen.o)
 .ARM.attributes
                0x00000606       0x34 e:/ac6/systemworkbench20/plugins/fr.ac6.mcu.externaltools.arm-none.win32_1.13.2.201705091103/tools/compiler/bin/../lib/gcc/arm-none-eabi/5.4.1/../../../../arm-none-eabi/lib/armv7e-m/fpu\libc_nano.a(lib_a-nano-svfprintf.o)
 .ARM.attributes
                0x0000063a       0x34 e:/ac6/systemworkbench20/plugins/fr.ac6.mcu.externaltools.arm-none.win32_1.13.2.201705091103/tools/compiler/bin/../lib/gcc/arm-none-eabi/5.4.1/../../../../arm-none-eabi/lib/armv7e-m/fpu\libc_nano.a(lib_a-nano-vfprintf_i.o)
 .ARM.attributes
                0x0000066e       0x20 e:/ac6/systemworkbench20/plugins/fr.ac6.mcu.externaltools.arm-none.win32_1.13.2.201705091103/tools/compiler/bin/../lib/gcc/arm-none-eabi/5.4.1/../../../../arm-none-eabi/lib/armv7e-m/fpu\libc_nano.a(lib_a-memchr.o)
 .ARM.attributes
                0x0000068e       0x34 e:/ac6/systemworkbench20/plugins/fr.ac6.mcu.externaltools.arm-none.win32_1.13.2.201705091103/tools/compiler/bin/../lib/gcc/arm-none-eabi/5.4.1/../../../../arm-none-eabi/lib/armv7e-m/fpu\libc_nano.a(lib_a-memcpy-stub.o)
 .ARM.attributes
                0x000006c2       0x34 e:/ac6/systemworkbench20/plugins/fr.ac6.mcu.externaltools.arm-none.win32_1.13.2.201705091103/tools/compiler/bin/../lib/gcc/arm-none-eabi/5.4.1/../../../../arm-none-eabi/lib/armv7e-m/fpu\libc_nano.a(lib_a-memmove.o)
 .ARM.attributes
                0x000006f6       0x34 e:/ac6/systemworkbench20/plugins/fr.ac6.mcu.externaltools.arm-none.win32_1.13.2.201705091103/tools/compiler/bin/../lib/gcc/arm-none-eabi/5.4.1/../../../../arm-none-eabi/lib/armv7e-m/fpu\libc_nano.a(lib_a-nano-freer.o)
 .ARM.attributes
                0x0000072a       0x34 e:/ac6/systemworkbench20/plugins/fr.ac6.mcu.externaltools.arm-none.win32_1.13.2.201705091103/tools/compiler/bin/../lib/gcc/arm-none-eabi/5.4.1/../../../../arm-none-eabi/lib/armv7e-m/fpu\libc_nano.a(lib_a-nano-mallocr.o)
 .ARM.attributes