Archive member included because of file (symbol)

../../../../ports/win32/dbg/libqp.a(qwin_gui.o)
                              dbg/bsp.o (CreateCustDialog)
../../../../ports/win32/dbg/libqp.a(qf_port.o)
                              dbg/philo.o (QP::QActive::start(unsigned char, QP::QEvt const**, unsigned short, void*, unsigned short, QP::QEvt const*))
../../../../ports/win32/dbg/libqp.a(qf_time.o)
                              dbg/bsp.o (QP::QF::tickX_(unsigned char))
../../../../ports/win32/dbg/libqp.a(qf_ps.o)
                              dbg/main.o (QP::QF::psInit(QP::QPSet*, int))
../../../../ports/win32/dbg/libqp.a(qf_dyn.o)
                              dbg/main.o (QP::QF::poolInit(void*, unsigned int, unsigned short))
../../../../ports/win32/dbg/libqp.a(qep_hsm.o)
                              dbg/philo.o (QP::QHsm::~QHsm())
../../../../ports/win32/dbg/libqp.a(qf_qact.o)
                              dbg/philo.o (QP::QActive::QActive(unsigned char (*)(void*, QP::QEvt const*)))
../../../../ports/win32/dbg/libqp.a(qf_actq.o)
                              dbg/philo.o (QP::QActive::post_(QP::QEvt const*, unsigned short))
../../../../ports/win32/dbg/libqp.a(qf_act.o)
                              ../../../../ports/win32/dbg/libqp.a(qf_port.o) (QP::QF::add_(QP::QActive*))
../../../../ports/win32/dbg/libqp.a(qf_qeq.o)
                              ../../../../ports/win32/dbg/libqp.a(qf_qact.o) (QP::QEQueue::QEQueue())
../../../../ports/win32/dbg/libqp.a(qf_mem.o)
                              ../../../../ports/win32/dbg/libqp.a(qf_dyn.o) (QP::QMPool::QMPool())
c:/qp/qtools/bin/../lib/gcc/mingw32/4.5.2/libstdc++.a(eh_personality.o)
                              dbg/philo.o (__gxx_personality_v0)
c:/qp/qtools/bin/../lib/gcc/mingw32/4.5.2/libstdc++.a(si_class_type_info.o)
                              dbg/philo.o (vtable for __cxxabiv1::__si_class_type_info)
c:/qp/qtools/bin/../lib/gcc/mingw32/4.5.2/libstdc++.a(class_type_info.o)
                              c:/qp/qtools/bin/../lib/gcc/mingw32/4.5.2/libstdc++.a(si_class_type_info.o) (__cxxabiv1::__class_type_info::__do_upcast(__cxxabiv1::__class_type_info const*, void**) const)
c:/qp/qtools/bin/../lib/gcc/mingw32/4.5.2/libstdc++.a(del_op.o)
                              dbg/philo.o (operator delete(void*))
c:/qp/qtools/bin/../lib/gcc/mingw32/4.5.2/libstdc++.a(eh_exception.o)
                              c:/qp/qtools/bin/../lib/gcc/mingw32/4.5.2/libstdc++.a(eh_personality.o) (std::bad_exception::~bad_exception())
c:/qp/qtools/bin/../lib/gcc/mingw32/4.5.2/libstdc++.a(eh_call.o)
                              c:/qp/qtools/bin/../lib/gcc/mingw32/4.5.2/libstdc++.a(eh_personality.o) (__cxa_call_terminate)
c:/qp/qtools/bin/../lib/gcc/mingw32/4.5.2/libstdc++.a(eh_terminate.o)
                              c:/qp/qtools/bin/../lib/gcc/mingw32/4.5.2/libstdc++.a(eh_personality.o) (__cxxabiv1::__terminate(void (*)()))
c:/qp/qtools/bin/../lib/gcc/mingw32/4.5.2/libstdc++.a(eh_catch.o)
                              c:/qp/qtools/bin/../lib/gcc/mingw32/4.5.2/libstdc++.a(eh_personality.o) (__cxa_begin_catch)
c:/qp/qtools/bin/../lib/gcc/mingw32/4.5.2/libstdc++.a(eh_globals.o)
                              c:/qp/qtools/bin/../lib/gcc/mingw32/4.5.2/libstdc++.a(eh_personality.o) (__cxa_get_globals_fast)
c:/qp/qtools/bin/../lib/gcc/mingw32/4.5.2/libstdc++.a(eh_throw.o)
                              c:/qp/qtools/bin/../lib/gcc/mingw32/4.5.2/libstdc++.a(eh_personality.o) (__cxa_throw)
c:/qp/qtools/bin/../lib/gcc/mingw32/4.5.2/libstdc++.a(eh_alloc.o)
                              c:/qp/qtools/bin/../lib/gcc/mingw32/4.5.2/libstdc++.a(eh_throw.o) (__cxa_free_exception)
c:/qp/qtools/bin/../lib/gcc/mingw32/4.5.2/libstdc++.a(tinfo.o)
                              c:/qp/qtools/bin/../lib/gcc/mingw32/4.5.2/libstdc++.a(class_type_info.o) (std::type_info::~type_info())
c:/qp/qtools/bin/../lib/gcc/mingw32/4.5.2/libstdc++.a(pure.o)
                              c:/qp/qtools/bin/../lib/gcc/mingw32/4.5.2/libstdc++.a(eh_exception.o) (__cxa_pure_virtual)
c:/qp/qtools/bin/../lib/gcc/mingw32/4.5.2/libstdc++.a(eh_term_handler.o)
                              c:/qp/qtools/bin/../lib/gcc/mingw32/4.5.2/libstdc++.a(eh_terminate.o) (__cxxabiv1::__terminate_handler)
c:/qp/qtools/bin/../lib/gcc/mingw32/4.5.2/libstdc++.a(eh_unex_handler.o)
                              c:/qp/qtools/bin/../lib/gcc/mingw32/4.5.2/libstdc++.a(eh_terminate.o) (__cxxabiv1::__unexpected_handler)
c:/qp/qtools/bin/../lib/gcc/mingw32/4.5.2/libstdc++.a(vterminate.o)
                              c:/qp/qtools/bin/../lib/gcc/mingw32/4.5.2/libstdc++.a(eh_term_handler.o) (__gnu_cxx::__verbose_terminate_handler())
c:/qp/qtools/bin/../lib/gcc/mingw32/4.5.2/libstdc++.a(eh_type.o)
                              c:/qp/qtools/bin/../lib/gcc/mingw32/4.5.2/libstdc++.a(vterminate.o) (__cxa_current_exception_type)
c:/qp/qtools/bin/../lib/gcc/mingw32/4.5.2/libstdc++.a(cp-demangle.o)
[...]
Memory Configuration

Name             Origin             Length             Attributes
*default*        0x00000000         0xffffffff

Linker script and memory map

                0x00400000                __image_base__ = 0x400000
                0x00000000                __dll__ = 0x0
                0x00400000                ___ImageBase = 0x400000
                0x00001000                __section_alignment__ = 0x1000
                0x00000200                __file_alignment__ = 0x200
                0x00000004                __major_os_version__ = 0x4
                0x00000000                __minor_os_version__ = 0x0
                0x00000001                __major_image_version__ = 0x1
                0x00000000                __minor_image_version__ = 0x0
                0x00000004                __major_subsystem_version__ = 0x4
                0x00000000                __minor_subsystem_version__ = 0x0
                0x00000002                __subsystem__ = 0x2
                0x00200000                __size_of_stack_reserve__ = 0x200000
                0x00001000                __size_of_stack_commit__ = 0x1000
                0x00100000                __size_of_heap_reserve__ = 0x100000
                0x00001000                __size_of_heap_commit__ = 0x1000
                0x00000000                __loader_flags__ = 0x0
                0x00000000                __dll_characteristics__ = 0x0
LOAD c:/qp/qtools/bin/../lib/gcc/mingw32/4.5.2/../../../crt2.o
LOAD c:/qp/qtools/bin/../lib/gcc/mingw32/4.5.2/crtbegin.o
LOAD dbg/bsp.o
LOAD dbg/main.o
LOAD dbg/philo.o
LOAD dbg/table.o
LOAD dbg/dpp-gui.o
LOAD dbg/qstamp.o
LOAD ../../../../ports/win32/dbg/libqp.a
LOAD c:/qp/qtools/bin/../lib/gcc/mingw32/4.5.2/libstdc++.a
LOAD c:/qp/qtools/bin/../lib/gcc/mingw32/4.5.2/../../../libmingw32.a
LOAD c:/qp/qtools/bin/../lib/gcc/mingw32/4.5.2/libgcc_s.a
LOAD c:/qp/qtools/bin/../lib/gcc/mingw32/4.5.2/libgcc.a
LOAD c:/qp/qtools/bin/../lib/gcc/mingw32/4.5.2/../../../libmoldname.a
LOAD c:/qp/qtools/bin/../lib/gcc/mingw32/4.5.2/../../../libmingwex.a
LOAD c:/qp/qtools/bin/../lib/gcc/mingw32/4.5.2/../../../libmsvcrt.a
LOAD c:/qp/qtools/bin/../lib/gcc/mingw32/4.5.2/../../../libgdi32.a
LOAD c:/qp/qtools/bin/../lib/gcc/mingw32/4.5.2/../../../libcomdlg32.a
LOAD c:/qp/qtools/bin/../lib/gcc/mingw32/4.5.2/../../../libuser32.a
LOAD c:/qp/qtools/bin/../lib/gcc/mingw32/4.5.2/../../../libkernel32.a
LOAD c:/qp/qtools/bin/../lib/gcc/mingw32/4.5.2/../../../libadvapi32.a
LOAD c:/qp/qtools/bin/../lib/gcc/mingw32/4.5.2/../../../libshell32.a
LOAD c:/qp/qtools/bin/../lib/gcc/mingw32/4.5.2/../../../libmingw32.a
LOAD c:/qp/qtools/bin/../lib/gcc/mingw32/4.5.2/libgcc_s.a
LOAD c:/qp/qtools/bin/../lib/gcc/mingw32/4.5.2/libgcc.a
LOAD c:/qp/qtools/bin/../lib/gcc/mingw32/4.5.2/../../../libmoldname.a
LOAD c:/qp/qtools/bin/../lib/gcc/mingw32/4.5.2/../../../libmingwex.a
LOAD c:/qp/qtools/bin/../lib/gcc/mingw32/4.5.2/../../../libmsvcrt.a
LOAD c:/qp/qtools/bin/../lib/gcc/mingw32/4.5.2/crtend.o
                0x00000470                . = SIZEOF_HEADERS
                0x00001000                . = ALIGN (__section_alignment__)

.text           0x00401000    0x16600
 *(.init)
 *(.text)
 .text          0x00401000      0x2bc c:/qp/qtools/bin/../lib/gcc/mingw32/4.5.2/../../../crt2.o
                0x0040126c                mainCRTStartup
                0x00401284                WinMainCRTStartup
                0x0040129c                atexit
                0x004012ac                _onexit
 .text          0x004012bc       0xd0 c:/qp/qtools/bin/../lib/gcc/mingw32/4.5.2/crtbegin.o
                0x004012bc                __gcc_register_frame
                0x00401348                __gcc_deregister_frame
 .text          0x0040138c        0x0 dbg/bsp.o
 .text          0x0040138c        0x0 dbg/main.o
 .text          0x0040138c        0x0 dbg/philo.o
 .text          0x0040138c        0x0 dbg/table.o
 .text          0x0040138c        0x0 dbg/qstamp.o
 .text          0x0040138c        0x0 ../../../../ports/win32/dbg/libqp.a(qwin_gui.o)
 .text          0x0040138c        0x0 ../../../../ports/win32/dbg/libqp.a(qf_port.o)
 .text          0x0040138c        0x0 ../../../../ports/win32/dbg/libqp.a(qf_time.o)
 .text          0x0040138c        0x0 ../../../../ports/win32/dbg/libqp.a(qf_ps.o)
 .text          0x0040138c        0x0 ../../../../ports/win32/dbg/libqp.a(qf_dyn.o)
 .text          0x0040138c        0x0 ../../../../ports/win32/dbg/libqp.a(qep_hsm.o)
 .text          0x0040138c        0x0 ../../../../ports/win32/dbg/libqp.a(qf_qact.o)
 .text          0x0040138c        0x0 ../../../../ports/win32/dbg/libqp.a(qf_actq.o)
 .text          0x0040138c        0x0 ../../../../ports/win32/dbg/libqp.a(qf_act.o)
 .text          0x0040138c        0x0 ../../../../ports/win32/dbg/libqp.a(qf_qeq.o)
 .text          0x0040138c        0x0 ../../../../ports/win32/dbg/libqp.a(qf_mem.o)
 .text          0x0040138c        0x0 c:/qp/qtools/bin/../lib/gcc/mingw32/4.5.2/libstdc++.a(eh_personality.o)
 .text          0x0040138c        0x0 c:/qp/qtools/bin/../lib/gcc/mingw32/4.5.2/libstdc++.a(si_class_type_info.o)
 .text          0x0040138c        0x0 c:/qp/qtools/bin/../lib/gcc/mingw32/4.5.2/libstdc++.a(class_type_info.o)
 .text          0x0040138c        0x0 c:/qp/qtools/bin/../lib/gcc/mingw32/4.5.2/libstdc++.a(del_op.o)
 .text          0x0040138c        0x0 c:/qp/qtools/bin/../lib/gcc/mingw32/4.5.2/libstdc++.a(eh_exception.o)
 .text          0x0040138c        0x0 c:/qp/qtools/bin/../lib/gcc/mingw32/4.5.2/libstdc++.a(eh_call.o)
 .text          0x0040138c        0x0 c:/qp/qtools/bin/../lib/gcc/mingw32/4.5.2/libstdc++.a(eh_terminate.o)
 .text          0x0040138c        0x0 c:/qp/qtools/bin/../lib/gcc/mingw32/4.5.2/libstdc++.a(eh_catch.o)
 .text          0x0040138c        0x0 c:/qp/qtools/bin/../lib/gcc/mingw32/4.5.2/libstdc++.a(eh_globals.o)
 .text          0x0040138c        0x0 c:/qp/qtools/bin/../lib/gcc/mingw32/4.5.2/libstdc++.a(eh_throw.o)
 .text          0x0040138c        0x0 c:/qp/qtools/bin/../lib/gcc/mingw32/4.5.2/libstdc++.a(eh_alloc.o)
 .text          0x0040138c        0x0 c:/qp/qtools/bin/../lib/gcc/mingw32/4.5.2/libstdc++.a(tinfo.o)
 .text          0x0040138c        0x0 c:/qp/qtools/bin/../lib/gcc/mingw32/4.5.2/libstdc++.a(pure.o)
 .text          0x0040138c        0x0 c:/qp/qtools/bin/../lib/gcc/mingw32/4.5.2/libstdc++.a(eh_term_handler.o)
 .text          0x0040138c        0x0 c:/qp/qtools/bin/../lib/gcc/mingw32/4.5.2/libstdc++.a(eh_unex_handler.o)
 .text          0x0040138c        0x0 c:/qp/qtools/bin/../lib/gcc/mingw32/4.5.2/libstdc++.a(vterminate.o)
 .text          0x0040138c        0x0 c:/qp/qtools/bin/../lib/gcc/mingw32/4.5.2/libstdc++.a(eh_type.o)
 .text          0x0040138c     0xbb80 c:/qp/qtools/bin/../lib/gcc/mingw32/4.5.2/libstdc++.a(cp-demangle.o)
                0x0040cd94                __cxa_demangle
                0x0040cedc                __gcclibcxx_demangle_callback
 .text          0x0040cf0c       0xbc c:/qp/qtools/bin/../lib/gcc/mingw32/4.5.2/../../../libmingw32.a(tlssup.o)
                0x0040cf40                __dyn_tls_init@12
                0x0040cfc0                __tlregdtor
 .text          0x0040cfc8        0x0 c:/qp/qtools/bin/../lib/gcc/mingw32/4.5.2/../../../libmingw32.a(CRTglob.o)
 .text          0x0040cfc8        0x0 c:/qp/qtools/bin/../lib/gcc/mingw32/4.5.2/../../../libmingw32.a(CRTfmode.o)
 .text          0x0040cfc8        0x0 c:/qp/qtools/bin/../lib/gcc/mingw32/4.5.2/../../../libmingw32.a(txtmode.o)
 .text          0x0040cfc8       0xe0 c:/qp/qtools/bin/../lib/gcc/mingw32/4.5.2/../../../libmingw32.a(cpu_features.o)
                0x0040cfc8                __cpu_features_init
 .text          0x0040d0a8        0x8 c:/qp/qtools/bin/../lib/gcc/mingw32/4.5.2/../../../libmingw32.a(CRT_fp10.o)
                0x0040d0a8                fpreset
                0x0040d0a8                _fpreset
 .text          0x0040d0b0      0x2fc c:/qp/qtools/bin/../lib/gcc/mingw32/4.5.2/../../../libmingw32.a(pseudo-reloc.o)
                0x0040d1e0                _pei386_runtime_relocator
 .text          0x0040d3ac       0xa0 c:/qp/qtools/bin/../lib/gcc/mingw32/4.5.2/../../../libmingw32.a(gccmain.o)
                0x0040d3ac                __do_global_dtors
                0x0040d3dc                __do_global_ctors
                0x0040d428                __main
 .text          0x0040d44c       0xc0 c:/qp/qtools/bin/../lib/gcc/mingw32/4.5.2/../../../libmingw32.a(main.o)
                0x0040d44c                main
 .text          0x0040d50c        0x0 c:/qp/qtools/bin/../lib/gcc/mingw32/4.5.2/../../../libmingw32.a(crtst.o)
 .text          0x0040d50c      0x1e4 c:/qp/qtools/bin/../lib/gcc/mingw32/4.5.2/../../../libmingw32.a(tlsthrd.o)
                0x0040d57c                ___w64_mingwthr_add_key_dtor
                0x0040d5ec                ___w64_mingwthr_remove_key_dtor
                0x0040d678                __mingw_TLScallback
 .text          0x0040d6f0        0x0 c:/qp/qtools/bin/../lib/gcc/mingw32/4.5.2/../../../libmingw32.a(pseudo-reloc-list.o)
 .text          0x0040d6f0        0x8 c:/qp/qtools/bin/../lib/gcc/mingw32/4.5.2/libgcc_s.a(d000035.o)
                0x0040d6f0                __deregister_frame_info
 .text          0x0040d6f8        0x8 c:/qp/qtools/bin/../lib/gcc/mingw32/4.5.2/libgcc_s.a(d000104.o)
                0x0040d6f8                __register_frame_info
 .text          0x0040d700        0x8 c:/qp/qtools/bin/../lib/gcc/mingw32/4.5.2/libgcc_s.a(d000015.o)
                0x0040d700                _Unwind_Resume
 .text          0x0040d708        0x8 c:/qp/qtools/bin/../lib/gcc/mingw32/4.5.2/libgcc_s.a(d000012.o)
                0x0040d708                _Unwind_GetRegionStart
 .text          0x0040d710        0x8 c:/qp/qtools/bin/../lib/gcc/mingw32/4.5.2/libgcc_s.a(d000007.o)
                0x0040d710                _Unwind_GetDataRelBase
 .text          0x0040d718        0x8 c:/qp/qtools/bin/../lib/gcc/mingw32/4.5.2/libgcc_s.a(d000013.o)
                0x0040d718                _Unwind_GetTextRelBase
 .text          0x0040d720        0x8 c:/qp/qtools/bin/../lib/gcc/mingw32/4.5.2/libgcc_s.a(d000011.o)
                0x0040d720                _Unwind_GetLanguageSpecificData
 .text          0x0040d728        0x8 c:/qp/qtools/bin/../lib/gcc/mingw32/4.5.2/libgcc_s.a(d000010.o)
                0x0040d728                _Unwind_GetIPInfo
 .text          0x0040d730        0x8 c:/qp/qtools/bin/../lib/gcc/mingw32/4.5.2/libgcc_s.a(d000017.o)
                0x0040d730                _Unwind_SetGR
 .text          0x0040d738        0x8 c:/qp/qtools/bin/../lib/gcc/mingw32/4.5.2/libgcc_s.a(d000018.o)
                0x0040d738                _Unwind_SetIP
 .text          0x0040d740        0x8 c:/qp/qtools/bin/../lib/gcc/mingw32/4.5.2/libgcc_s.a(d000002.o)
                0x0040d740                _Unwind_DeleteException
 .text          0x0040d748        0x8 c:/qp/qtools/bin/../lib/gcc/mingw32/4.5.2/libgcc_s.a(d000043.o)
                0x0040d748                __emutls_get_address
 .text          0x0040d750        0x8 c:/qp/qtools/bin/../lib/gcc/mingw32/4.5.2/libgcc_s.a(d000014.o)
                0x0040d750                _Unwind_RaiseException
 .text          0x0040d758        0x8 c:/qp/qtools/bin/../lib/gcc/mingw32/4.5.2/libgcc_s.a(d000016.o)
                0x0040d758                _Unwind_Resume_or_Rethrow
 .text          0x0040d760      0x3a0 c:/qp/qtools/bin/../lib/gcc/mingw32/4.5.2/libgcc.a(gthr-win32.o)
                0x0040d760                __gthr_win32_once
                0x0040d7cc                __gthr_win32_key_create
                0x0040d7fc                __gthr_win32_key_delete
                0x0040d820                __gthr_win32_getspecific
                0x0040d850                __gthr_win32_setspecific
                0x0040d87c                __gthr_win32_mutex_init_function
                0x0040d8bc                __gthr_win32_mutex_destroy
                0x0040d8d4                __gthr_win32_mutex_lock
                0x0040d924                __gthr_win32_mutex_trylock
                0x0040d93c                __gthr_win32_mutex_unlock
                0x0040d988                __gthr_win32_recursive_mutex_init_function
                0x0040d9d8                __gthr_win32_recursive_mutex_lock
                0x0040da58                __gthr_win32_recursive_mutex_trylock
                0x0040daa4                __gthr_win32_recursive_mutex_unlock
 .text          0x0040db00       0x34 c:/qp/qtools/bin/../lib/gcc/mingw32/4.5.2/libgcc.a(_chkstk.o)
                0x0040db00                _alloca
                0x0040db00                __chkstk
 .text          0x0040db34        0x0 c:/qp/qtools/bin/../lib/gcc/mingw32/4.5.2/libgcc.a(_ctors.o)
 .text          0x0040db34        0x8 c:/qp/qtools/bin/../lib/gcc/mingw32/4.5.2/../../../libmoldname.a(degls00109.o)
                0x0040db34                write
 .text          0x0040db3c        0x0 c:/qp/qtools/bin/../lib/gcc/mingw32/4.5.2/../../../libmoldname.a(deglh.o)
 .text          0x0040db3c        0x0 c:/qp/qtools/bin/../lib/gcc/mingw32/4.5.2/../../../libmoldname.a(deglt.o)
 .text          0x0040db3c       0x2c c:/qp/qtools/bin/../lib/gcc/mingw32/4.5.2/../../../libmingwex.a(snprintf.o)
                0x0040db3c                snprintf
                0x0040db3c                __mingw_snprintf
 .text          0x0040db68       0x74 c:/qp/qtools/bin/../lib/gcc/mingw32/4.5.2/../../../libmingwex.a(vsnprintf.o)
                0x0040db68                __mingw_vsnprintf
                0x0040db68                vsnprintf
 .text          0x0040dbdc     0x1d24 c:/qp/qtools/bin/../lib/gcc/mingw32/4.5.2/../../../libmingwex.a(pformat.o)
                0x0040f038                __mingw_pformat
 .text          0x0040f900     0x1404 c:/qp/qtools/bin/../lib/gcc/mingw32/4.5.2/../../../libmingwex.a(gdtoa.o)
                0x0040f900                __gdtoa
 .text          0x00410d04      0x228 c:/qp/qtools/bin/../lib/gcc/mingw32/4.5.2/../../../libmingwex.a(wcrtomb.o)
                0x00410d8c                wcrtomb
                0x00410df8                wcsrtombs
 .text          0x00410f2c      0x3b8 c:/qp/qtools/bin/../lib/gcc/mingw32/4.5.2/../../../libmingwex.a(mbrtowc.o)
                0x00411090                mbrtowc
                0x00411120                mbsrtowcs
                0x00411264                mbrlen
 .text          0x004112e4      0x2e0 c:/qp/qtools/bin/../lib/gcc/mingw32/4.5.2/../../../libmingwex.a(dmisc.o)
                0x004112e4                __rv_alloc_D2A
                0x00411318                __nrv_alloc_D2A
                0x00411358                __freedtoa
                0x00411380                __quorem_D2A
 .text          0x004115c4      0xa74 c:/qp/qtools/bin/../lib/gcc/mingw32/4.5.2/../../../libmingwex.a(misc.o)
                0x004116dc                __Balloc_D2A
                0x0041178c                __Bfree_D2A
                0x004117d8                __multadd_D2A
                0x004118cc                __i2b_D2A
                0x004118f4                __mult_D2A
                0x00411a6c                __pow5mult_D2A
                0x00411b84                __lshift_D2A
                0x00411c74                __cmp_D2A
                0x00411cbc                __diff_D2A
                0x00411e3c                __b2d_D2A
                0x00411f34                __d2b_D2A
                0x00412018                __strcp_D2A
 .text          0x00412038      0x138 c:/qp/qtools/bin/../lib/gcc/mingw32/4.5.2/../../../libmingwex.a(gmisc.o)
                0x00412038                __rshift_D2A
                0x0041212c                __trailz_D2A
 .text          0x00412170        0x0 c:/qp/qtools/bin/../lib/gcc/mingw32/4.5.2/../../../libmsvcrt.a(dcfls00266.o)
 .text          0x00412170        0x0 c:/qp/qtools/bin/../lib/gcc/mingw32/4.5.2/../../../libmsvcrt.a(dcfls00590.o)
 .text          0x00412170        0x0 c:/qp/qtools/bin/../lib/gcc/mingw32/4.5.2/../../../libmsvcrt.a(dcfls00383.o)
 .text          0x00412170        0x8 c:/qp/qtools/bin/../lib/gcc/mingw32/4.5.2/../../../libmsvcrt.a(dcfls00055.o)
                0x00412170                __getmainargs
 .text          0x00412178        0x8 c:/qp/qtools/bin/../lib/gcc/mingw32/4.5.2/../../../libmsvcrt.a(dcfls00079.o)
                0x00412178                __p__fmode
 .text          0x00412180        0x8 c:/qp/qtools/bin/../lib/gcc/mingw32/4.5.2/../../../libmsvcrt.a(dcfls00077.o)
                0x00412180                __p__environ
 .text          0x00412188        0x8 c:/qp/qtools/bin/../lib/gcc/mingw32/4.5.2/../../../libmsvcrt.a(dcfls00147.o)
                0x00412188                _cexit
 .text          0x00412190        0x8 c:/qp/qtools/bin/../lib/gcc/mingw32/4.5.2/../../../libmsvcrt.a(dcfls00426.o)
                0x00412190                _setmode
 .text          0x00412198        0x8 c:/qp/qtools/bin/../lib/gcc/mingw32/4.5.2/../../../libmsvcrt.a(dcfls00706.o)
                0x00412198                signal
 .text          0x004121a0        0x8 c:/qp/qtools/bin/../lib/gcc/mingw32/4.5.2/../../../libmsvcrt.a(dcfls00595.o)
                0x004121a0                calloc
 .text          0x004121a8        0x8 c:/qp/qtools/bin/../lib/gcc/mingw32/4.5.2/../../../libmsvcrt.a(dcfls00625.o)
                0x004121a8                free
 .text          0x004121b0        0x8 c:/qp/qtools/bin/../lib/gcc/mingw32/4.5.2/../../../libmsvcrt.a(dcfls00583.o)
                0x004121b0                abort
 .text          0x004121b8        0x8 c:/qp/qtools/bin/../lib/gcc/mingw32/4.5.2/../../../libmsvcrt.a(dcfls00676.o)
                0x004121b8                malloc
 .text          0x004121c0        0x8 c:/qp/qtools/bin/../lib/gcc/mingw32/4.5.2/../../../libmsvcrt.a(dcfls00715.o)
                0x004121c0                strcmp
 .text          0x004121c8        0x8 c:/qp/qtools/bin/../lib/gcc/mingw32/4.5.2/../../../libmsvcrt.a(dcfls00633.o)
                0x004121c8                fwrite
 .text          0x004121d0        0x8 c:/qp/qtools/bin/../lib/gcc/mingw32/4.5.2/../../../libmsvcrt.a(dcfls00620.o)
                0x004121d0                fputc
 .text          0x004121d8        0x8 c:/qp/qtools/bin/../lib/gcc/mingw32/4.5.2/../../../libmsvcrt.a(dcfls00621.o)
                0x004121d8                fputs
 .text          0x004121e0        0x8 c:/qp/qtools/bin/../lib/gcc/mingw32/4.5.2/../../../libmsvcrt.a(dcfls00698.o)
                0x004121e0                realloc
 .text          0x004121e8        0x8 c:/qp/qtools/bin/../lib/gcc/mingw32/4.5.2/../../../libmsvcrt.a(dcfls00709.o)
                0x004121e8                sprintf
 .text          0x004121f0        0x8 c:/qp/qtools/bin/../lib/gcc/mingw32/4.5.2/../../../libmsvcrt.a(dcfls00717.o)
                0x004121f0                strcpy
 .text          0x004121f8        0x8 c:/qp/qtools/bin/../lib/gcc/mingw32/4.5.2/../../../libmsvcrt.a(dcfls00748.o)
                0x004121f8                vfprintf
 .text          0x00412200        0x8 c:/qp/qtools/bin/../lib/gcc/mingw32/4.5.2/../../../libmsvcrt.a(dcfls00671.o)
                0x00412200                localeconv
 .text          0x00412208        0x8 c:/qp/qtools/bin/../lib/gcc/mingw32/4.5.2/../../../libmsvcrt.a(dcfls00637.o)
                0x00412208                getenv
 .text          0x00412210        0x4 c:/qp/qtools/bin/../lib/gcc/mingw32/4.5.2/../../../libmsvcrt.a(ofmt_stub.o)
                0x00412210                _get_output_format
 .text          0x00412214        0x8 c:/qp/qtools/bin/../lib/gcc/mingw32/4.5.2/../../../libmsvcrt.a(dcfls00761.o)
                0x00412214                wcslen
 .text          0x0041221c        0x0 c:/qp/qtools/bin/../lib/gcc/mingw32/4.5.2/../../../libmsvcrt.a(dcfls00065.o)
 .text          0x0041221c        0x8 c:/qp/qtools/bin/../lib/gcc/mingw32/4.5.2/../../../libmsvcrt.a(dcfls00182.o)
                0x0041221c                _errno
 .text          0x00412224        0x8 c:/qp/qtools/bin/../lib/gcc/mingw32/4.5.2/../../../libmsvcrt.a(dcfls00704.o)
                0x00412224                setlocale
 .text          0x0041222c        0x8 c:/qp/qtools/bin/../lib/gcc/mingw32/4.5.2/../../../libmsvcrt.a(dcfls00714.o)
                0x0041222c                strchr
 .text          0x00412234        0x8 c:/qp/qtools/bin/../lib/gcc/mingw32/4.5.2/../../../libmsvcrt.a(dcfls00592.o)
                0x00412234                atoi
 .text          0x0041223c        0x0 c:/qp/qtools/bin/../lib/gcc/mingw32/4.5.2/../../../libmsvcrt.a(dcflh.o)
 .text          0x0041223c        0x0 c:/qp/qtools/bin/../lib/gcc/mingw32/4.5.2/../../../libmsvcrt.a(dcflt.o)
 .text          0x0041223c        0x8 c:/qp/qtools/bin/../lib/gcc/mingw32/4.5.2/../../../libgdi32.a(dkfhs00073.o)
                0x0041223c                DeleteObject@4
 .text          0x00412244        0x8 c:/qp/qtools/bin/../lib/gcc/mingw32/4.5.2/../../../libgdi32.a(dkfhs00070.o)
                0x00412244                DeleteDC@4
 .text          0x0041224c        0x8 c:/qp/qtools/bin/../lib/gcc/mingw32/4.5.2/../../../libgdi32.a(dkfhs00334.o)
                0x0041224c                StretchBlt@44
 .text          0x00412254        0x8 c:/qp/qtools/bin/../lib/gcc/mingw32/4.5.2/../../../libgdi32.a(dkfhs00034.o)
                0x00412254                CreateCompatibleDC@4
 .text          0x0041225c        0x8 c:/qp/qtools/bin/../lib/gcc/mingw32/4.5.2/../../../libgdi32.a(dkfhs00039.o)
                0x0041225c                CreateDIBSection@24
 .text          0x00412264        0x8 c:/qp/qtools/bin/../lib/gcc/mingw32/4.5.2/../../../libgdi32.a(dkfhs00281.o)
                0x00412264                SelectObject@8
 .text          0x0041226c        0x8 c:/qp/qtools/bin/../lib/gcc/mingw32/4.5.2/../../../libgdi32.a(dkfhs00177.o)
                0x0041226c                GetMapMode@4
 .text          0x00412274        0x8 c:/qp/qtools/bin/../lib/gcc/mingw32/4.5.2/../../../libgdi32.a(dkfhs00306.o)
                0x00412274                SetMapMode@8
 .text          0x0041227c        0x8 c:/qp/qtools/bin/../lib/gcc/mingw32/4.5.2/../../../libgdi32.a(dkfhs00185.o)
                0x0041227c                GetObjectA@12
 .text          0x00412284        0x8 c:/qp/qtools/bin/../lib/gcc/mingw32/4.5.2/../../../libgdi32.a(dkfhs00068.o)
                0x00412284                DPtoLP@12
 .text          0x0041228c        0x8 c:/qp/qtools/bin/../lib/gcc/mingw32/4.5.2/../../../libgdi32.a(dkfhs00012.o)
                0x0041228c                BitBlt@36
 .text          0x00412294        0x0 c:/qp/qtools/bin/../lib/gcc/mingw32/4.5.2/../../../libgdi32.a(dkfhh.o)
 .text          0x00412294        0x0 c:/qp/qtools/bin/../lib/gcc/mingw32/4.5.2/../../../libgdi32.a(dkfht.o)
 .text          0x00412294        0x8 c:/qp/qtools/bin/../lib/gcc/mingw32/4.5.2/../../../libuser32.a(daois00405.o)
                0x00412294                LoadCursorA@8
 .text          0x0041229c        0x8 c:/qp/qtools/bin/../lib/gcc/mingw32/4.5.2/../../../libuser32.a(daois00403.o)
                0x0041229c                LoadBitmapA@8
 .text          0x004122a4        0x8 c:/qp/qtools/bin/../lib/gcc/mingw32/4.5.2/../../../libuser32.a(daois00468.o)
                0x004122a4                PostQuitMessage@4
 .text          0x004122ac        0x8 c:/qp/qtools/bin/../lib/gcc/mingw32/4.5.2/../../../libuser32.a(daois00533.o)
                0x004122ac                SetFocus@4
 .text          0x004122b4        0x8 c:/qp/qtools/bin/../lib/gcc/mingw32/4.5.2/../../../libuser32.a(daois00134.o)
                0x004122b4                DefWindowProcA@16
 .text          0x004122bc        0x8 c:/qp/qtools/bin/../lib/gcc/mingw32/4.5.2/../../../libuser32.a(daois00182.o)
                0x004122bc                EndDialog@8
 .text          0x004122c4        0x8 c:/qp/qtools/bin/../lib/gcc/mingw32/4.5.2/../../../libuser32.a(daois00585.o)
                0x004122c4                ShowWindow@8
 .text          0x004122cc        0x8 c:/qp/qtools/bin/../lib/gcc/mingw32/4.5.2/../../../libuser32.a(daois00608.o)
                0x004122cc                TranslateMessage@4
 .text          0x004122d4        0x8 c:/qp/qtools/bin/../lib/gcc/mingw32/4.5.2/../../../libuser32.a(daois00149.o)
                0x004122d4                DispatchMessageA@4
 .text          0x004122dc        0x8 c:/qp/qtools/bin/../lib/gcc/mingw32/4.5.2/../../../libuser32.a(daois00293.o)
                0x004122dc                GetMessageA@16
 .text          0x004122e4        0x8 c:/qp/qtools/bin/../lib/gcc/mingw32/4.5.2/../../../libuser32.a(daois00419.o)
                0x004122e4                LoadStringA@16
 .text          0x004122ec        0x8 c:/qp/qtools/bin/../lib/gcc/mingw32/4.5.2/../../../libuser32.a(daois00530.o)
                0x004122ec                SetDlgItemTextA@12
 .text          0x004122f4        0x8 c:/qp/qtools/bin/../lib/gcc/mingw32/4.5.2/../../../libuser32.a(daois00434.o)
                0x004122f4                MessageBoxA@16
 .text          0x004122fc        0x8 c:/qp/qtools/bin/../lib/gcc/mingw32/4.5.2/../../../libuser32.a(daois00480.o)
                0x004122fc                RegisterClassExA@4
 .text          0x00412304        0x8 c:/qp/qtools/bin/../lib/gcc/mingw32/4.5.2/../../../libuser32.a(daois00080.o)
                0x00412304                CreateDialogParamA@20
 .text          0x0041230c        0x8 c:/qp/qtools/bin/../lib/gcc/mingw32/4.5.2/../../../libuser32.a(daois00248.o)
                0x0041230c                GetDC@4
 .text          0x00412314        0x8 c:/qp/qtools/bin/../lib/gcc/mingw32/4.5.2/../../../libuser32.a(daois00508.o)
                0x00412314                SendMessageA@16
 .text          0x0041231c        0x8 c:/qp/qtools/bin/../lib/gcc/mingw32/4.5.2/../../../libuser32.a(daois00253.o)
                0x0041231c                GetDlgItem@8
 .text          0x00412324        0x8 c:/qp/qtools/bin/../lib/gcc/mingw32/4.5.2/../../../libuser32.a(daois00348.o)
                0x00412324                GetWindowRect@8
 .text          0x0041232c        0x8 c:/qp/qtools/bin/../lib/gcc/mingw32/4.5.2/../../../libuser32.a(daois00520.o)
                0x0041232c                SetClassLongA@12
 .text          0x00412334        0x0 c:/qp/qtools/bin/../lib/gcc/mingw32/4.5.2/../../../libuser32.a(daoih.o)
 .text          0x00412334        0x0 c:/qp/qtools/bin/../lib/gcc/mingw32/4.5.2/../../../libuser32.a(daoit.o)
 .text          0x00412334        0x8 c:/qp/qtools/bin/../lib/gcc/mingw32/4.5.2/../../../libkernel32.a(dchds01140.o)
                0x00412334                SetUnhandledExceptionFilter@4
 .text          0x0041233c        0x8 c:/qp/qtools/bin/../lib/gcc/mingw32/4.5.2/../../../libkernel32.a(dchds00279.o)
                0x0041233c                ExitProcess@4
 .text          0x00412344        0x8 c:/qp/qtools/bin/../lib/gcc/mingw32/4.5.2/../../../libkernel32.a(dchds00529.o)
                0x00412344                GetModuleHandleA@4
 .text          0x0041234c        0x8 c:/qp/qtools/bin/../lib/gcc/mingw32/4.5.2/../../../libkernel32.a(dchds00577.o)
                0x0041234c                GetProcAddress@8
 .text          0x00412354        0x8 c:/qp/qtools/bin/../lib/gcc/mingw32/4.5.2/../../../libkernel32.a(dchds00179.o)
                0x00412354                CreateThread@24
 .text          0x0041235c        0x8 c:/qp/qtools/bin/../lib/gcc/mingw32/4.5.2/../../../libkernel32.a(dchds00892.o)
                0x0041235c                OutputDebugStringA@4
 .text          0x00412364        0x8 c:/qp/qtools/bin/../lib/gcc/mingw32/4.5.2/../../../libkernel32.a(dchds00129.o)
                0x00412364                CreateEventA@16
 .text          0x0041236c        0x8 c:/qp/qtools/bin/../lib/gcc/mingw32/4.5.2/../../../libkernel32.a(dchds01129.o)
                0x0041236c                SetThreadPriority@8
 .text          0x00412374        0x8 c:/qp/qtools/bin/../lib/gcc/mingw32/4.5.2/../../../libkernel32.a(dchds00734.o)
                0x00412374                InitializeCriticalSection@4
 .text          0x0041237c        0x8 c:/qp/qtools/bin/../lib/gcc/mingw32/4.5.2/../../../libkernel32.a(dchds00236.o)
                0x0041237c                EnterCriticalSection@4
 .text          0x00412384        0x8 c:/qp/qtools/bin/../lib/gcc/mingw32/4.5.2/../../../libkernel32.a(dchds00814.o)
                0x00412384                LeaveCriticalSection@4
 .text          0x0041238c        0x8 c:/qp/qtools/bin/../lib/gcc/mingw32/4.5.2/../../../libkernel32.a(dchds00082.o)
                0x0041238c                CloseHandle@4
 .text          0x00412394        0x8 c:/qp/qtools/bin/../lib/gcc/mingw32/4.5.2/../../../libkernel32.a(dchds00450.o)
                0x00412394                GetCurrentThread@0
 .text          0x0041239c        0x8 c:/qp/qtools/bin/../lib/gcc/mingw32/4.5.2/../../../libkernel32.a(dchds01152.o)
                0x0041239c                Sleep@4
 .text          0x004123a4        0x8 c:/qp/qtools/bin/../lib/gcc/mingw32/4.5.2/../../../libkernel32.a(dchds01065.o)
                0x004123a4                SetEvent@4
 .text          0x004123ac        0x8 c:/qp/qtools/bin/../lib/gcc/mingw32/4.5.2/../../../libkernel32.a(dchds01223.o)
                0x004123ac                WaitForSingleObject@8
 .text          0x004123b4        0x8 c:/qp/qtools/bin/../lib/gcc/mingw32/4.5.2/../../../libkernel32.a(dchds01215.o)
                0x004123b4                VirtualQuery@12
 .text          0x004123bc        0x8 c:/qp/qtools/bin/../lib/gcc/mingw32/4.5.2/../../../libkernel32.a(dchds01213.o)
                0x004123bc                VirtualProtect@16
 .text          0x004123c4        0x8 c:/qp/qtools/bin/../lib/gcc/mingw32/4.5.2/../../../libkernel32.a(dchds00388.o)
                0x004123c4                GetCommandLineA@0
 .text          0x004123cc        0x8 c:/qp/qtools/bin/../lib/gcc/mingw32/4.5.2/../../../libkernel32.a(dchds00606.o)
                0x004123cc                GetStartupInfoA@4
 .text          0x004123d4        0x8 c:/qp/qtools/bin/../lib/gcc/mingw32/4.5.2/../../../libkernel32.a(dchds01173.o)
                0x004123d4                TlsGetValue@4
 .text          0x004123dc        0x8 c:/qp/qtools/bin/../lib/gcc/mingw32/4.5.2/../../../libkernel32.a(dchds00510.o)
                0x004123dc                GetLastError@0
 .text          0x004123e4        0x8 c:/qp/qtools/bin/../lib/gcc/mingw32/4.5.2/../../../libkernel32.a(dchds00207.o)
                0x004123e4                DeleteCriticalSection@4
 .text          0x004123ec        0x8 c:/qp/qtools/bin/../lib/gcc/mingw32/4.5.2/../../../libkernel32.a(dchds00747.o)
                0x004123ec                InterlockedIncrement@4
 .text          0x004123f4        0x8 c:/qp/qtools/bin/../lib/gcc/mingw32/4.5.2/../../../libkernel32.a(dchds01171.o)
                0x004123f4                TlsAlloc@0
 .text          0x004123fc        0x8 c:/qp/qtools/bin/../lib/gcc/mingw32/4.5.2/../../../libkernel32.a(dchds01172.o)
                0x004123fc                TlsFree@4
 .text          0x00412404        0x8 c:/qp/qtools/bin/../lib/gcc/mingw32/4.5.2/../../../libkernel32.a(dchds01091.o)
                0x00412404                SetLastError@4
 .text          0x0041240c        0x8 c:/qp/qtools/bin/../lib/gcc/mingw32/4.5.2/../../../libkernel32.a(dchds01174.o)
                0x0041240c                TlsSetValue@8
 .text          0x00412414        0x8 c:/qp/qtools/bin/../lib/gcc/mingw32/4.5.2/../../../libkernel32.a(dchds00169.o)
                0x00412414                CreateSemaphoreA@16
 .text          0x0041241c        0x8 c:/qp/qtools/bin/../lib/gcc/mingw32/4.5.2/../../../libkernel32.a(dchds00743.o)
                0x0041241c                InterlockedDecrement@4
 .text          0x00412424        0x8 c:/qp/qtools/bin/../lib/gcc/mingw32/4.5.2/../../../libkernel32.a(dchds00978.o)
                0x00412424                ReleaseSemaphore@12
 .text          0x0041242c        0x8 c:/qp/qtools/bin/../lib/gcc/mingw32/4.5.2/../../../libkernel32.a(dchds00451.o)
                0x0041242c                GetCurrentThreadId@0
 .text          0x00412434        0x8 c:/qp/qtools/bin/../lib/gcc/mingw32/4.5.2/../../../libkernel32.a(dchds01247.o)
                0x00412434                WideCharToMultiByte@32
 .text          0x0041243c        0x8 c:/qp/qtools/bin/../lib/gcc/mingw32/4.5.2/../../../libkernel32.a(dchds00860.o)
                0x0041243c                MultiByteToWideChar@24
 .text          0x00412444        0x8 c:/qp/qtools/bin/../lib/gcc/mingw32/4.5.2/../../../libkernel32.a(dchds00763.o)
                0x00412444                IsDBCSLeadByteEx@8
 .text          0x0041244c        0x8 c:/qp/qtools/bin/../lib/gcc/mingw32/4.5.2/../../../libkernel32.a(dchds00744.o)
                0x0041244c                InterlockedExchange@8
 .text          0x00412454        0x0 c:/qp/qtools/bin/../lib/gcc/mingw32/4.5.2/../../../libkernel32.a(dchdh.o)
 .text          0x00412454        0x0 c:/qp/qtools/bin/../lib/gcc/mingw32/4.5.2/../../../libkernel32.a(dchdt.o)
 .text          0x00412454       0x24 c:/qp/qtools/bin/../lib/gcc/mingw32/4.5.2/../../../libmingw32.a(tlsmthread.o)
                0x00412454                __mingwthr_remove_key_dtor
                0x00412460                __mingwthr_key_dtor
 .text          0x00412478        0x8 c:/qp/qtools/bin/../lib/gcc/mingw32/4.5.2/libgcc_s.a(d000118.o)
                0x00412478                __umoddi3
 .text          0x00412480        0x8 c:/qp/qtools/bin/../lib/gcc/mingw32/4.5.2/libgcc_s.a(d000116.o)
                0x00412480                __udivdi3
 .text          0x00412488       0x1c c:/qp/qtools/bin/../lib/gcc/mingw32/4.5.2/crtend.o
 *(SORT(.text$*))
 .text$CreateCustDialog
                0x004124a4       0xec ../../../../ports/win32/dbg/libqp.a(qwin_gui.o)
                0x004124a4                CreateCustDialog
 .text$DrawBitmap
                0x00412590      0x104 ../../../../ports/win32/dbg/libqp.a(qwin_gui.o)
                0x00412590                DrawBitmap
 .text$GraphicDisplay_clear
                0x00412694       0x44 ../../../../ports/win32/dbg/libqp.a(qwin_gui.o)
                0x00412694                GraphicDisplay_clear
 .text$GraphicDisplay_init
                0x004126d8      0x10c ../../../../ports/win32/dbg/libqp.a(qwin_gui.o)
                0x004126d8                GraphicDisplay_init
 .text$GraphicDisplay_redraw
                0x004127e4       0x64 ../../../../ports/win32/dbg/libqp.a(qwin_gui.o)
                0x004127e4                GraphicDisplay_redraw
 .text$GraphicDisplay_xtor
                0x00412848       0x3c ../../../../ports/win32/dbg/libqp.a(qwin_gui.o)
                0x00412848                GraphicDisplay_xtor
 .text$OwnerDrawnButton_draw
                0x00412884       0xc0 ../../../../ports/win32/dbg/libqp.a(qwin_gui.o)
                0x00412884                OwnerDrawnButton_draw
 .text$OwnerDrawnButton_init
                0x00412944       0x28 ../../../../ports/win32/dbg/libqp.a(qwin_gui.o)
                0x00412944                OwnerDrawnButton_init
 .text$OwnerDrawnButton_isDepressed
                0x0041296c        0xc ../../../../ports/win32/dbg/libqp.a(qwin_gui.o)
                0x0041296c                OwnerDrawnButton_isDepressed
 .text$OwnerDrawnButton_set
                0x00412978       0x90 ../../../../ports/win32/dbg/libqp.a(qwin_gui.o)
                0x00412978                OwnerDrawnButton_set
 .text$OwnerDrawnButton_xtor
                0x00412a08       0x3c ../../../../ports/win32/dbg/libqp.a(qwin_gui.o)
                0x00412a08                OwnerDrawnButton_xtor
 .text$Q_onAssert
                0x00412a44       0x70 dbg/bsp.o
                0x00412a44                Q_onAssert
 .text$SegmentDisplay_init
                0x00412ab4       0x74 ../../../../ports/win32/dbg/libqp.a(qwin_gui.o)
                0x00412ab4                SegmentDisplay_init
 .text$SegmentDisplay_initBitmap
                0x00412b28       0x30 ../../../../ports/win32/dbg/libqp.a(qwin_gui.o)
                0x00412b28                SegmentDisplay_initBitmap
 .text$SegmentDisplay_initSegment
                0x00412b58       0x50 ../../../../ports/win32/dbg/libqp.a(qwin_gui.o)
                0x00412b58                SegmentDisplay_initSegment
 .text$SegmentDisplay_setSegment
                0x00412ba8       0x5c ../../../../ports/win32/dbg/libqp.a(qwin_gui.o)
                0x00412ba8                SegmentDisplay_setSegment
 .text$SegmentDisplay_xtor
                0x00412c04       0x6c ../../../../ports/win32/dbg/libqp.a(qwin_gui.o)
                0x00412c04                SegmentDisplay_xtor
 .text$WinMain  0x00412c70       0xac dbg/bsp.o
                0x00412c70                WinMain@16
 .text$_GLOBAL__I__ZN2QP2QF12timeEvtHead_E
                0x00412d1c       0x20 ../../../../ports/win32/dbg/libqp.a(qf_time.o)
 .text$_GLOBAL__I__ZN2QP8QF_pool_E
                0x00412d3c       0x2c ../../../../ports/win32/dbg/libqp.a(qf_dyn.o)
 .text$_GLOBAL__I__ZN3DPP8AO_PhiloE
                0x00412d68       0xb0 dbg/philo.o
 .text$_GLOBAL__I__ZN3DPP8AO_TableE
                0x00412e18       0x20 dbg/table.o
 .text$_GLOBAL__I___cxa_allocate_exception
                0x00412e38       0x24 c:/qp/qtools/bin/../lib/gcc/mingw32/4.5.2/libstdc++.a(eh_alloc.o)
 .text$_Z8main_guiv
                0x00412e5c       0xc8 dbg/main.o
                0x00412e5c                main_gui()
 .text$_ZL17parse_lsda_headerP15_Unwind_ContextPKhP16lsda_header_info
                0x00412f24      0x134 c:/qp/qtools/bin/../lib/gcc/mingw32/4.5.2/libstdc++.a(eh_personality.o)
 .text$_ZL20check_exception_specP16lsda_header_infoPKSt9type_infoPvl
                0x00413058      0x104 c:/qp/qtools/bin/../lib/gcc/mingw32/4.5.2/libstdc++.a(eh_personality.o)
 .text$_ZL23__gxx_exception_cleanup19_Unwind_Reason_CodeP17_Unwind_Exception
                0x0041315c       0x4c c:/qp/qtools/bin/../lib/gcc/mingw32/4.5.2/libstdc++.a(eh_throw.o)
 .text$_ZL28read_encoded_value_with_basehjPKhPj
                0x004131a8      0x120 c:/qp/qtools/bin/../lib/gcc/mingw32/4.5.2/libstdc++.a(eh_personality.o)
 .text$_ZL9appThreadPv
                0x004132c8       0x10 dbg/bsp.o
 .text$_ZN10__cxxabiv111__terminateEPFvvE
                0x004132d8       0x18 c:/qp/qtools/bin/../lib/gcc/mingw32/4.5.2/libstdc++.a(eh_terminate.o)
                0x004132d8                __cxxabiv1::__terminate(void (*)())
 .text$_ZN10__cxxabiv112__unexpectedEPFvvE
                0x004132f0       0x20 c:/qp/qtools/bin/../lib/gcc/mingw32/4.5.2/libstdc++.a(eh_terminate.o)
                0x004132f0                __cxxabiv1::__unexpected(void (*)())
 .text$_ZN10__cxxabiv115__forced_unwindD0Ev
                0x00413310       0x18 c:/qp/qtools/bin/../lib/gcc/mingw32/4.5.2/libstdc++.a(eh_exception.o)
                0x00413310                __cxxabiv1::__forced_unwind::~__forced_unwind()
 .text$_ZN10__cxxabiv115__forced_unwindD2Ev
                0x00413328       0x10 c:/qp/qtools/bin/../lib/gcc/mingw32/4.5.2/libstdc++.a(eh_exception.o)
                0x00413328                __cxxabiv1::__forced_unwind::~__forced_unwind()
                0x00413328                __cxxabiv1::__forced_unwind::~__forced_unwind()
 .text$_ZN10__cxxabiv117__class_type_infoD0Ev
                0x00413338       0x28 c:/qp/qtools/bin/../lib/gcc/mingw32/4.5.2/libstdc++.a(class_type_info.o)
                0x00413338                __cxxabiv1::__class_type_info::~__class_type_info()
 .text$_ZN10__cxxabiv117__class_type_infoD2Ev
                0x00413360       0x18 c:/qp/qtools/bin/../lib/gcc/mingw32/4.5.2/libstdc++.a(class_type_info.o)
                0x00413360                __cxxabiv1::__class_type_info::~__class_type_info()
                0x00413360                __cxxabiv1::__class_type_info::~__class_type_info()
 .text$_ZN10__cxxabiv119__foreign_exceptionD0Ev
                0x00413378       0x18 c:/qp/qtools/bin/../lib/gcc/mingw32/4.5.2/libstdc++.a(eh_exception.o)
                0x00413378                __cxxabiv1::__foreign_exception::~__foreign_exception()
 .text$_ZN10__cxxabiv119__foreign_exceptionD2Ev
                0x00413390       0x10 c:/qp/qtools/bin/../lib/gcc/mingw32/4.5.2/libstdc++.a(eh_exception.o)
                0x00413390                __cxxabiv1::__foreign_exception::~__foreign_exception()
                0x00413390                __cxxabiv1::__foreign_exception::~__foreign_exception()
 .text$_ZN10__cxxabiv120__si_class_type_infoD0Ev
                0x004133a0       0x28 c:/qp/qtools/bin/../lib/gcc/mingw32/4.5.2/libstdc++.a(si_class_type_info.o)
                0x004133a0                __cxxabiv1::__si_class_type_info::~__si_class_type_info()
 .text$_ZN10__cxxabiv120__si_class_type_infoD2Ev
                0x004133c8       0x18 c:/qp/qtools/bin/../lib/gcc/mingw32/4.5.2/libstdc++.a(si_class_type_info.o)
                0x004133c8                __cxxabiv1::__si_class_type_info::~__si_class_type_info()
                0x004133c8                __cxxabiv1::__si_class_type_info::~__si_class_type_info()
 .text$_ZN2QP14QF_onClockTickEv
                0x004133e0       0x14 dbg/bsp.o
                0x004133e0                QP::QF_onClockTick()
 .text$_ZN2QP14QF_setTickRateEj
                0x004133f4       0x18 ../../../../ports/win32/dbg/libqp.a(qf_port.o)
                0x004133f4                QP::QF_setTickRate(unsigned int)
 .text$_ZN2QP15QF_setWin32PrioEPNS_7QActiveEi
                0x0041340c       0x2c ../../../../ports/win32/dbg/libqp.a(qf_port.o)
                0x0041340c                QP::QF_setWin32Prio(QP::QActive*, int)
 .text$_ZN2QP24QF_enterCriticalSection_Ev
                0x00413438       0x18 ../../../../ports/win32/dbg/libqp.a(qf_port.o)
                0x00413438                QP::QF_enterCriticalSection_()
 .text$_ZN2QP24QF_leaveCriticalSection_Ev
                0x00413450       0x18 ../../../../ports/win32/dbg/libqp.a(qf_port.o)
                0x00413450                QP::QF_leaveCriticalSection_()
 .text$_ZN2QP2QF10getPoolMinEh
                0x00413468       0x58 ../../../../ports/win32/dbg/libqp.a(qf_mem.o)
                0x00413468                QP::QF::getPoolMin(unsigned char)
 .text$_ZN2QP2QF11getQueueMinEh
                0x004134c0       0x50 ../../../../ports/win32/dbg/libqp.a(qf_actq.o)
                0x004134c0                QP::QF::getQueueMin(unsigned char)
 .text$_ZN2QP2QF17noTimeEvtsActiveXEh
                0x00413510       0x54 ../../../../ports/win32/dbg/libqp.a(qf_time.o)
                0x00413510                QP::QF::noTimeEvtsActiveX(unsigned char)
 .text$_ZN2QP2QF19poolGetMaxBlockSizeEv
                0x00413564       0x24 ../../../../ports/win32/dbg/libqp.a(qf_dyn.o)
                0x00413564                QP::QF::poolGetMaxBlockSize()
 .text$_ZN2QP2QF2gcEPKNS_4QEvtE
                0x00413588       0x80 ../../../../ports/win32/dbg/libqp.a(qf_dyn.o)
                0x00413588                QP::QF::gc(QP::QEvt const*)
 .text$_ZN2QP2QF3runEv
                0x00413608       0x54 ../../../../ports/win32/dbg/libqp.a(qf_port.o)
                0x00413608                QP::QF::run()
 .text$_ZN2QP2QF4add_EPNS_7QActiveE
                0x0041365c       0x54 ../../../../ports/win32/dbg/libqp.a(qf_act.o)
                0x0041365c                QP::QF::add_(QP::QActive*)
 .text$_ZN2QP2QF4initEv
                0x004136b0       0x48 ../../../../ports/win32/dbg/libqp.a(qf_port.o)
                0x004136b0                QP::QF::init()
 .text$_ZN2QP2QF4stopEv
                0x004136f8        0xc ../../../../ports/win32/dbg/libqp.a(qf_port.o)
                0x004136f8                QP::QF::stop()
 .text$_ZN2QP2QF5bzeroEPvt
                0x00413704       0x24 ../../../../ports/win32/dbg/libqp.a(qf_act.o)
                0x00413704                QP::QF::bzero(void*, unsigned short)
 .text$_ZN2QP2QF5newX_Etti
                0x00413728       0xbc ../../../../ports/win32/dbg/libqp.a(qf_dyn.o)
                0x00413728                QP::QF::newX_(unsigned short, unsigned short, int)
 .text$_ZN2QP2QF6psInitEPNS_5QPSetEi
                0x004137e4       0x2c ../../../../ports/win32/dbg/libqp.a(qf_ps.o)
                0x004137e4                QP::QF::psInit(QP::QPSet*, int)
 .text$_ZN2QP2QF6tickX_Eh
                0x00413810       0xf4 ../../../../ports/win32/dbg/libqp.a(qf_time.o)
                0x00413810                QP::QF::tickX_(unsigned char)
 .text$_ZN2QP2QF7newRef_EPKNS_4QEvtES3_
                0x00413904       0x44 ../../../../ports/win32/dbg/libqp.a(qf_dyn.o)
                0x00413904                QP::QF::newRef_(QP::QEvt const*, QP::QEvt const*)
 .text$_ZN2QP2QF7remove_EPNS_7QActiveE
                0x00413948       0x5c ../../../../ports/win32/dbg/libqp.a(qf_act.o)
                0x00413948                QP::QF::remove_(QP::QActive*)
 .text$_ZN2QP2QF7thread_EPNS_7QActiveE
                0x004139a4       0x54 ../../../../ports/win32/dbg/libqp.a(qf_port.o)
                0x004139a4                QP::QF::thread_(QP::QActive*)
 .text$_ZN2QP2QF8poolInitEPvjt
                0x004139f8       0xa8 ../../../../ports/win32/dbg/libqp.a(qf_dyn.o)
                0x004139f8                QP::QF::poolInit(void*, unsigned int, unsigned short)
 .text$_ZN2QP2QF8publish_EPKNS_4QEvtE
                0x00413aa0      0x134 ../../../../ports/win32/dbg/libqp.a(qf_ps.o)
                0x00413aa0                QP::QF::publish_(QP::QEvt const*)
 .text$_ZN2QP2QF9onCleanupEv
                0x00413bd4        0x8 dbg/bsp.o
                0x00413bd4                QP::QF::onCleanup()
 .text$_ZN2QP2QF9onStartupEv
                0x00413bdc       0x14 dbg/bsp.o
                0x00413bdc                QP::QF::onStartup()
 .text$_ZN2QP4QHsm10childStateEPFhPvPKNS_4QEvtEE
                0x00413bf0       0x60 ../../../../ports/win32/dbg/libqp.a(qep_hsm.o)
                0x00413bf0                QP::QHsm::childState(unsigned char (*)(void*, QP::QEvt const*))
 .text$_ZN2QP4QHsm3topEPvPKNS_4QEvtE
                0x00413c50        0x8 ../../../../ports/win32/dbg/libqp.a(qep_hsm.o)
                0x00413c50                QP::QHsm::top(void*, QP::QEvt const*)
 .text$_ZN2QP4QHsm4initEPKNS_4QEvtE
                0x00413c58       0xf4 ../../../../ports/win32/dbg/libqp.a(qep_hsm.o)
                0x00413c58                QP::QHsm::init(QP::QEvt const*)
 .text$_ZN2QP4QHsm4initEv
                0x00413d4c       0x1c dbg/philo.o
                0x00413d4c                QP::QHsm::init()
 .text$_ZN2QP4QHsm4isInEPFhPvPKNS_4QEvtEE
                0x00413d68       0x58 ../../../../ports/win32/dbg/libqp.a(qep_hsm.o)
                0x00413d68                QP::QHsm::isIn(unsigned char (*)(void*, QP::QEvt const*))
 .text$_ZN2QP4QHsm8dispatchEPKNS_4QEvtE
                0x00413dc0      0x174 ../../../../ports/win32/dbg/libqp.a(qep_hsm.o)
                0x00413dc0                QP::QHsm::dispatch(QP::QEvt const*)
 .text$_ZN2QP4QHsm8hsm_tranERA6_PFhPvPKNS_4QEvtEE
                0x00413f34      0x1ac ../../../../ports/win32/dbg/libqp.a(qep_hsm.o)
                0x00413f34                QP::QHsm::hsm_tran(unsigned char (* (&) [6])(void*, QP::QEvt const*))
 .text$_ZN2QP4QHsmC2EPFhPvPKNS_4QEvtEE
                0x004140e0       0x1c ../../../../ports/win32/dbg/libqp.a(qep_hsm.o)
                0x004140e0                QP::QHsm::QHsm(unsigned char (*)(void*, QP::QEvt const*))
                0x004140e0                QP::QHsm::QHsm(unsigned char (*)(void*, QP::QEvt const*))
 .text$_ZN2QP4QHsmD0Ev
                0x004140fc       0x20 ../../../../ports/win32/dbg/libqp.a(qep_hsm.o)
                0x004140fc                QP::QHsm::~QHsm()
 .text$_ZN2QP4QHsmD2Ev
                0x0041411c       0x10 ../../../../ports/win32/dbg/libqp.a(qep_hsm.o)
                0x0041411c                QP::QHsm::~QHsm()
                0x0041411c                QP::QHsm::~QHsm()
 .text$_ZN2QP6QMPool3getEt
                0x0041412c       0xb0 ../../../../ports/win32/dbg/libqp.a(qf_mem.o)
                0x0041412c                QP::QMPool::get(unsigned short)
 .text$_ZN2QP6QMPool3putEPv
                0x004141dc       0x54 ../../../../ports/win32/dbg/libqp.a(qf_mem.o)
                0x004141dc                QP::QMPool::put(void*)
 .text$_ZN2QP6QMPool4initEPvjt
                0x00414230       0xe4 ../../../../ports/win32/dbg/libqp.a(qf_mem.o)
                0x00414230                QP::QMPool::init(void*, unsigned int, unsigned short)
 .text$_ZN2QP6QMPoolC2Ev
                0x00414314       0x38 ../../../../ports/win32/dbg/libqp.a(qf_mem.o)
                0x00414314                QP::QMPool::QMPool()
                0x00414314                QP::QMPool::QMPool()
 .text$_ZN2QP7QActive4get_Ev
                0x0041434c       0x9c ../../../../ports/win32/dbg/libqp.a(qf_actq.o)
                0x0041434c                QP::QActive::get_()
 .text$_ZN2QP7QActive4stopEv
                0x004143e8       0x10 ../../../../ports/win32/dbg/libqp.a(qf_port.o)
                0x004143e8                QP::QActive::stop()
 .text$_ZN2QP7QActive5post_EPKNS_4QEvtEt
                0x004143f8       0xc4 ../../../../ports/win32/dbg/libqp.a(qf_actq.o)
                0x004143f8                QP::QActive::post_(QP::QEvt const*, unsigned short)
 .text$_ZN2QP7QActive5startEhPPKNS_4QEvtEtPvt
                0x004144bc       0x44 dbg/philo.o
                0x004144bc                QP::QActive::start(unsigned char, QP::QEvt const**, unsigned short, void*, unsigned short)
 .text$_ZN2QP7QActive5startEhPPKNS_4QEvtEtPvtS3_
                0x00414500      0x114 ../../../../ports/win32/dbg/libqp.a(qf_port.o)
                0x00414500                QP::QActive::start(unsigned char, QP::QEvt const**, unsigned short, void*, unsigned short, QP::QEvt const*)
 .text$_ZN2QP7QActive8postLIFOEPKNS_4QEvtE
                0x00414614       0x90 ../../../../ports/win32/dbg/libqp.a(qf_actq.o)
                0x00414614                QP::QActive::postLIFO(QP::QEvt const*)
 .text$_ZN2QP7QActiveC2EPFhPvPKNS_4QEvtEE
                0x004146a4       0x64 ../../../../ports/win32/dbg/libqp.a(qf_qact.o)
                0x004146a4                QP::QActive::QActive(unsigned char (*)(void*, QP::QEvt const*))
                0x004146a4                QP::QActive::QActive(unsigned char (*)(void*, QP::QEvt const*))
 .text$_ZN2QP7QActiveD0Ev
                0x00414708       0x28 ../../../../ports/win32/dbg/libqp.a(qf_port.o)
                0x00414708                QP::QActive::~QActive()
 .text$_ZN2QP7QActiveD1Ev
                0x00414730       0x1c ../../../../ports/win32/dbg/libqp.a(qf_port.o)
                0x00414730                QP::QActive::~QActive()
 .text$_ZN2QP7QEQueue3getEv
                0x0041474c       0x70 ../../../../ports/win32/dbg/libqp.a(qf_qeq.o)
                0x0041474c                QP::QEQueue::get()
 .text$_ZN2QP7QEQueue4initEPPKNS_4QEvtEt
                0x004147bc       0x34 ../../../../ports/win32/dbg/libqp.a(qf_qeq.o)
                0x004147bc                QP::QEQueue::init(QP::QEvt const**, unsigned short)
 .text$_ZN2QP7QEQueue4postEPKNS_4QEvtEt
                0x004147f0       0xb0 ../../../../ports/win32/dbg/libqp.a(qf_qeq.o)
                0x004147f0                QP::QEQueue::post(QP::QEvt const*, unsigned short)
 .text$_ZN2QP7QEQueue8postLIFOEPKNS_4QEvtE
                0x004148a0       0x7c ../../../../ports/win32/dbg/libqp.a(qf_qeq.o)
                0x004148a0                QP::QEQueue::postLIFO(QP::QEvt const*)
 .text$_ZN2QP7QEQueueC2Ev
                0x0041491c       0x38 ../../../../ports/win32/dbg/libqp.a(qf_qeq.o)
                0x0041491c                QP::QEQueue::QEQueue()
                0x0041491c                QP::QEQueue::QEQueue()
 .text$_ZN2QP7QTicker4initEPKNS_4QEvtE
                0x00414954        0x8 ../../../../ports/win32/dbg/libqp.a(qf_actq.o)
                0x00414954                QP::QTicker::init(QP::QEvt const*)
 .text$_ZN2QP7QTicker4initEv
                0x0041495c       0x1c ../../../../ports/win32/dbg/libqp.a(qf_actq.o)
                0x0041495c                QP::QTicker::init()
 .text$_ZN2QP7QTicker5post_EPKNS_4QEvtEt
                0x00414978       0x44 ../../../../ports/win32/dbg/libqp.a(qf_actq.o)
                0x00414978                QP::QTicker::post_(QP::QEvt const*, unsigned short)
 .text$_ZN2QP7QTicker8dispatchEPKNS_4QEvtE
                0x004149bc       0x18 ../../../../ports/win32/dbg/libqp.a(qf_actq.o)
                0x004149bc                QP::QTicker::dispatch(QP::QEvt const*)
 .text$_ZN2QP7QTicker8postLIFOEPKNS_4QEvtE
                0x004149d4       0x1c ../../../../ports/win32/dbg/libqp.a(qf_actq.o)
                0x004149d4                QP::QTicker::postLIFO(QP::QEvt const*)
 .text$_ZN2QP7QTickerC2Eh
                0x004149f0       0x30 ../../../../ports/win32/dbg/libqp.a(qf_actq.o)
                0x004149f0                QP::QTicker::QTicker(unsigned char)
                0x004149f0                QP::QTicker::QTicker(unsigned char)
 .text$_ZN2QP7QTickerD0Ev
                0x00414a20       0x28 ../../../../ports/win32/dbg/libqp.a(qf_actq.o)
                0x00414a20                QP::QTicker::~QTicker()
 .text$_ZN2QP7QTickerD1Ev
                0x00414a48       0x1c ../../../../ports/win32/dbg/libqp.a(qf_actq.o)
                0x00414a48                QP::QTicker::~QTicker()
 .text$_ZN2QP8QTimeEvt4armXEjj
                0x00414a64       0x90 ../../../../ports/win32/dbg/libqp.a(qf_time.o)
                0x00414a64                QP::QTimeEvt::armX(unsigned int, unsigned int)
 .text$_ZN2QP8QTimeEvt5rearmEj
                0x00414af4       0xa0 ../../../../ports/win32/dbg/libqp.a(qf_time.o)
                0x00414af4                QP::QTimeEvt::rearm(unsigned int)
 .text$_ZN2QP8QTimeEvt6disarmEv
                0x00414b94       0x30 ../../../../ports/win32/dbg/libqp.a(qf_time.o)
                0x00414b94                QP::QTimeEvt::disarm()
 .text$_ZN2QP8QTimeEvtC2EPNS_7QActiveEih
                0x00414bc4       0x64 ../../../../ports/win32/dbg/libqp.a(qf_time.o)
                0x00414bc4                QP::QTimeEvt::QTimeEvt(QP::QActive*, int, unsigned char)
                0x00414bc4                QP::QTimeEvt::QTimeEvt(QP::QActive*, int, unsigned char)
 .text$_ZN2QP8QTimeEvtC2Ev
                0x00414c28       0x34 ../../../../ports/win32/dbg/libqp.a(qf_time.o)
                0x00414c28                QP::QTimeEvt::QTimeEvt()
                0x00414c28                QP::QTimeEvt::QTimeEvt()
 .text$_ZN2QPL9ao_threadEPv
                0x00414c5c       0x1c ../../../../ports/win32/dbg/libqp.a(qf_port.o)
 .text$_ZN3DPP3BSP10randomSeedEj
                0x00414c78       0x10 dbg/bsp.o
                0x00414c78                DPP::BSP::randomSeed(unsigned int)
 .text$_ZN3DPP3BSP13displayPausedEh
                0x00414c88       0x58 dbg/bsp.o
                0x00414c88                DPP::BSP::displayPaused(unsigned char)
 .text$_ZN3DPP3BSP15displayPhilStatEhPKc
                0x00414ce0       0x84 dbg/bsp.o
                0x00414ce0                DPP::BSP::displayPhilStat(unsigned char, char const*)
 .text$_ZN3DPP3BSP4initEv
                0x00414d64        0x8 dbg/bsp.o
                0x00414d64                DPP::BSP::init()
 .text$_ZN3DPP3BSP6randomEv
                0x00414d6c       0x30 dbg/bsp.o
                0x00414d6c                DPP::BSP::random()
 .text$_ZN3DPP3BSP9terminateEs
                0x00414d9c       0x44 dbg/bsp.o
                0x00414d9c                DPP::BSP::terminate(short)
 .text$_ZN3DPP5Philo6eatingEPS0_PKN2QP4QEvtE
                0x00414de0      0x114 dbg/philo.o
                0x00414de0                DPP::Philo::eating(DPP::Philo*, QP::QEvt const*)
 .text$_ZN3DPP5Philo6hungryEPS0_PKN2QP4QEvtE
                0x00414ef4      0x124 dbg/philo.o
                0x00414ef4                DPP::Philo::hungry(DPP::Philo*, QP::QEvt const*)
 .text$_ZN3DPP5Philo7initialEPS0_PKN2QP4QEvtE
                0x00415018       0x4c dbg/philo.o
                0x00415018                DPP::Philo::initial(DPP::Philo*, QP::QEvt const*)
 .text$_ZN3DPP5Philo8thinkingEPS0_PKN2QP4QEvtE
                0x00415064       0xc4 dbg/philo.o
                0x00415064                DPP::Philo::thinking(DPP::Philo*, QP::QEvt const*)
 .text$_ZN3DPP5PhiloC2Ev
                0x00415128       0x64 dbg/philo.o
                0x00415128                DPP::Philo::Philo()
                0x00415128                DPP::Philo::Philo()
 .text$_ZN3DPP5PhiloD0Ev
                0x0041518c       0x28 dbg/philo.o
                0x0041518c                DPP::Philo::~Philo()
 .text$_ZN3DPP5PhiloD1Ev
                0x004151b4       0x1c dbg/philo.o
                0x004151b4                DPP::Philo::~Philo()
 .text$_ZN3DPP5Table6activeEPS0_PKN2QP4QEvtE
                0x004151d0       0x44 dbg/table.o
                0x004151d0                DPP::Table::active(DPP::Table*, QP::QEvt const*)
 .text$_ZN3DPP5Table6pausedEPS0_PKN2QP4QEvtE
                0x00415214      0x138 dbg/table.o
                0x00415214                DPP::Table::paused(DPP::Table*, QP::QEvt const*)
 .text$_ZN3DPP5Table7initialEPS0_PKN2QP4QEvtE
                0x0041534c       0x80 dbg/table.o
                0x0041534c                DPP::Table::initial(DPP::Table*, QP::QEvt const*)
 .text$_ZN3DPP5Table7servingEPS0_PKN2QP4QEvtE
                0x004153cc      0x300 dbg/table.o
                0x004153cc                DPP::Table::serving(DPP::Table*, QP::QEvt const*)
 .text$_ZN3DPP5TableC2Ev
                0x004156cc       0x50 dbg/table.o
                0x004156cc                DPP::Table::Table()
                0x004156cc                DPP::Table::Table()
 .text$_ZN3DPP5TableD0Ev
                0x0041571c       0x28 dbg/table.o
                0x0041571c                DPP::Table::~Table()
 .text$_ZN3DPP5TableD1Ev
                0x00415744       0x1c dbg/table.o
                0x00415744                DPP::Table::~Table()
 .text$_ZN3DPPL7WndProcEP6HWND__jjl
                0x00415760      0x374 dbg/bsp.o
 .text$_ZN9__gnu_cxx24__concurrence_lock_errorD0Ev
                0x00415ad4       0x28 c:/qp/qtools/bin/../lib/gcc/mingw32/4.5.2/libstdc++.a(eh_alloc.o)
                0x00415ad4                __gnu_cxx::__concurrence_lock_error::~__concurrence_lock_error()
 .text$_ZN9__gnu_cxx24__concurrence_lock_errorD1Ev
                0x00415afc       0x18 c:/qp/qtools/bin/../lib/gcc/mingw32/4.5.2/libstdc++.a(eh_alloc.o)
                0x00415afc                __gnu_cxx::__concurrence_lock_error::~__concurrence_lock_error()
 .text$_ZN9__gnu_cxx26__concurrence_unlock_errorD0Ev
                0x00415b14       0x28 c:/qp/qtools/bin/../lib/gcc/mingw32/4.5.2/libstdc++.a(eh_alloc.o)
                0x00415b14                __gnu_cxx::__concurrence_unlock_error::~__concurrence_unlock_error()
 .text$_ZN9__gnu_cxx26__concurrence_unlock_errorD1Ev
                0x00415b3c       0x18 c:/qp/qtools/bin/../lib/gcc/mingw32/4.5.2/libstdc++.a(eh_alloc.o)
                0x00415b3c                __gnu_cxx::__concurrence_unlock_error::~__concurrence_unlock_error()
 .text$_ZN9__gnu_cxx27__verbose_terminate_handlerEv
                0x00415b54      0x1b8 c:/qp/qtools/bin/../lib/gcc/mingw32/4.5.2/libstdc++.a(vterminate.o)
                0x00415b54                __gnu_cxx::__verbose_terminate_handler()
 .text$_ZNK10__cxxabiv117__class_type_info10__do_catchEPKSt9type_infoPPvj
                0x00415d0c       0x60 c:/qp/qtools/bin/../lib/gcc/mingw32/4.5.2/libstdc++.a(class_type_info.o)
                0x00415d0c                __cxxabiv1::__class_type_info::__do_catch(std::type_info const*, void**, unsigned int) const
 .text$_ZNK10__cxxabiv117__class_type_info11__do_upcastEPKS0_PKvRNS0_15__upcast_resultE
                0x00415d6c       0x44 c:/qp/qtools/bin/../lib/gcc/mingw32/4.5.2/libstdc++.a(class_type_info.o)
                0x00415d6c                __cxxabiv1::__class_type_info::__do_upcast(__cxxabiv1::__class_type_info const*, void const*, __cxxabiv1::__class_type_info::__upcast_result&) const
 .text$_ZNK10__cxxabiv117__class_type_info11__do_upcastEPKS0_PPv
                0x00415db0       0x68 c:/qp/qtools/bin/../lib/gcc/mingw32/4.5.2/libstdc++.a(class_type_info.o)
                0x00415db0                __cxxabiv1::__class_type_info::__do_upcast(__cxxabiv1::__class_type_info const*, void**) const
 .text$_ZNK10__cxxabiv117__class_type_info12__do_dyncastEiNS0_10__sub_kindEPKS0_PKvS3_S5_RNS0_16__dyncast_resultE
                0x00415e18       0x60 c:/qp/qtools/bin/../lib/gcc/mingw32/4.5.2/libstdc++.a(class_type_info.o)
                0x00415e18                __cxxabiv1::__class_type_info::__do_dyncast(int, __cxxabiv1::__class_type_info::__sub_kind, __cxxabiv1::__class_type_info const*, void const*, __cxxabiv1::__class_type_info const*, void const*, __cxxabiv1::__class_type_info::__dyncast_result&) const
 .text$_ZNK10__cxxabiv117__class_type_info20__do_find_public_srcEiPKvPKS0_S2_
                0x00415e78       0x18 c:/qp/qtools/bin/../lib/gcc/mingw32/4.5.2/libstdc++.a(class_type_info.o)
                0x00415e78                __cxxabiv1::__class_type_info::__do_find_public_src(int, void const*, __cxxabiv1::__class_type_info const*, void const*) const
 .text$_ZNK10__cxxabiv120__si_class_type_info11__do_upcastEPKNS_17__class_type_infoEPKvRNS1_15__upcast_resultE
                0x00415e90       0x60 c:/qp/qtools/bin/../lib/gcc/mingw32/4.5.2/libstdc++.a(si_class_type_info.o)
                0x00415e90                __cxxabiv1::__si_class_type_info::__do_upcast(__cxxabiv1::__class_type_info const*, void const*, __cxxabiv1::__class_type_info::__upcast_result&) const
 .text$_ZNK10__cxxabiv120__si_class_type_info12__do_dyncastEiNS_17__class_type_info10__sub_kindEPKS1_PKvS4_S6_RNS1_16__dyncast_resultE
                0x00415ef0       0xe0 c:/qp/qtools/bin/../lib/gcc/mingw32/4.5.2/libstdc++.a(si_class_type_info.o)
                0x00415ef0                __cxxabiv1::__si_class_type_info::__do_dyncast(int, __cxxabiv1::__class_type_info::__sub_kind, __cxxabiv1::__class_type_info const*, void const*, __cxxabiv1::__class_type_info const*, void const*, __cxxabiv1::__class_type_info::__dyncast_result&) const
 .text$_ZNK10__cxxabiv120__si_class_type_info20__do_find_public_srcEiPKvPKNS_17__class_type_infoES2_
                0x00415fd0       0x68 c:/qp/qtools/bin/../lib/gcc/mingw32/4.5.2/libstdc++.a(si_class_type_info.o)
                0x00415fd0                __cxxabiv1::__si_class_type_info::__do_find_public_src(int, void const*, __cxxabiv1::__class_type_info const*, void const*) const
 .text$_ZNK2QP7QActive11unsubscribeEi
                0x00416038       0x8c ../../../../ports/win32/dbg/libqp.a(qf_ps.o)
                0x00416038                QP::QActive::unsubscribe(int) const
 .text$_ZNK2QP7QActive14unsubscribeAllEv
                0x004160c4       0xc8 ../../../../ports/win32/dbg/libqp.a(qf_ps.o)
                0x004160c4                QP::QActive::unsubscribeAll() const
 .text$_ZNK2QP7QActive9subscribeEi
                0x0041618c       0x8c ../../../../ports/win32/dbg/libqp.a(qf_ps.o)
                0x0041618c                QP::QActive::subscribe(int) const
 .text$_ZNK2QP8QTimeEvt3ctrEv
                0x00416218       0x20 ../../../../ports/win32/dbg/libqp.a(qf_time.o)
                0x00416218                QP::QTimeEvt::ctr() const
 .text$_ZNK9__gnu_cxx24__concurrence_lock_error4whatEv
                0x00416238        0xc c:/qp/qtools/bin/../lib/gcc/mingw32/4.5.2/libstdc++.a(eh_alloc.o)
                0x00416238                __gnu_cxx::__concurrence_lock_error::what() const
 .text$_ZNK9__gnu_cxx26__concurrence_unlock_error4whatEv
                0x00416244        0xc c:/qp/qtools/bin/../lib/gcc/mingw32/4.5.2/libstdc++.a(eh_alloc.o)
                0x00416244                __gnu_cxx::__concurrence_unlock_error::what() const
 .text$_ZNKSt13bad_exception4whatEv
                0x00416250        0xc c:/qp/qtools/bin/../lib/gcc/mingw32/4.5.2/libstdc++.a(eh_exception.o)
                0x00416250                std::bad_exception::what() const
 .text$_ZNKSt9exception4whatEv
                0x0041625c        0xc c:/qp/qtools/bin/../lib/gcc/mingw32/4.5.2/libstdc++.a(eh_exception.o)
                0x0041625c                std::exception::what() const
 .text$_ZNKSt9type_info10__do_catchEPKS_PPvj
                0x00416268       0x58 c:/qp/qtools/bin/../lib/gcc/mingw32/4.5.2/libstdc++.a(tinfo.o)
                0x00416268                std::type_info::__do_catch(std::type_info const*, void**, unsigned int) const
 .text$_ZNKSt9type_info11__do_upcastEPKN10__cxxabiv117__class_type_infoEPPv
                0x004162c0        0x8 c:/qp/qtools/bin/../lib/gcc/mingw32/4.5.2/libstdc++.a(tinfo.o)
                0x004162c0                std::type_info::__do_upcast(__cxxabiv1::__class_type_info const*, void**) const
 .text$_ZNKSt9type_info14__is_pointer_pEv
                0x004162c8        0x8 c:/qp/qtools/bin/../lib/gcc/mingw32/4.5.2/libstdc++.a(tinfo.o)
                0x004162c8                std::type_info::__is_pointer_p() const
 .text$_ZNKSt9type_info15__is_function_pEv
                0x004162d0        0x8 c:/qp/qtools/bin/../lib/gcc/mingw32/4.5.2/libstdc++.a(tinfo.o)
                0x004162d0                std::type_info::__is_function_p() const
 .text$_ZNKSt9type_infoeqERKS_
                0x004162d8       0x58 c:/qp/qtools/bin/../lib/gcc/mingw32/4.5.2/libstdc++.a(tinfo.o)
                0x004162d8                std::type_info::operator==(std::type_info const&) const
 .text$_ZNSt13bad_exceptionD0Ev
                0x00416330       0x18 c:/qp/qtools/bin/../lib/gcc/mingw32/4.5.2/libstdc++.a(eh_exception.o)
                0x00416330                std::bad_exception::~bad_exception()
 .text$_ZNSt13bad_exceptionD2Ev
                0x00416348       0x10 c:/qp/qtools/bin/../lib/gcc/mingw32/4.5.2/libstdc++.a(eh_exception.o)
                0x00416348                std::bad_exception::~bad_exception()
                0x00416348                std::bad_exception::~bad_exception()
 .text$_ZNSt9exceptionD0Ev
                0x00416358       0x18 c:/qp/qtools/bin/../lib/gcc/mingw32/4.5.2/libstdc++.a(eh_exception.o)
                0x00416358                std::exception::~exception()
 .text$_ZNSt9exceptionD2Ev
                0x00416370       0x10 c:/qp/qtools/bin/../lib/gcc/mingw32/4.5.2/libstdc++.a(eh_exception.o)
                0x00416370                std::exception::~exception()
                0x00416370                std::exception::~exception()
 .text$_ZNSt9type_infoD0Ev
                0x00416380       0x18 c:/qp/qtools/bin/../lib/gcc/mingw32/4.5.2/libstdc++.a(tinfo.o)
                0x00416380                std::type_info::~type_info()
 .text$_ZNSt9type_infoD2Ev
                0x00416398       0x10 c:/qp/qtools/bin/../lib/gcc/mingw32/4.5.2/libstdc++.a(tinfo.o)
                0x00416398                std::type_info::~type_info()
                0x00416398                std::type_info::~type_info()
 .text$_ZSt10unexpectedv
                0x004163a8       0x24 c:/qp/qtools/bin/../lib/gcc/mingw32/4.5.2/libstdc++.a(eh_terminate.o)
                0x004163a8                std::unexpected()
 .text$_ZSt13set_terminatePFvvE
                0x004163cc       0x14 c:/qp/qtools/bin/../lib/gcc/mingw32/4.5.2/libstdc++.a(eh_terminate.o)
                0x004163cc                std::set_terminate(void (*)())
 .text$_ZSt14set_unexpectedPFvvE
                0x004163e0       0x14 c:/qp/qtools/bin/../lib/gcc/mingw32/4.5.2/libstdc++.a(eh_terminate.o)
                0x004163e0                std::set_unexpected(void (*)())
 .text$_ZSt18uncaught_exceptionv
                0x004163f4       0x18 c:/qp/qtools/bin/../lib/gcc/mingw32/4.5.2/libstdc++.a(eh_catch.o)
                0x004163f4                std::uncaught_exception()
 .text$_ZSt9terminatev
                0x0041640c       0x1c c:/qp/qtools/bin/../lib/gcc/mingw32/4.5.2/libstdc++.a(eh_terminate.o)
                0x0041640c                std::terminate()
 .text$_ZdlPv   0x00416428       0x18 c:/qp/qtools/bin/../lib/gcc/mingw32/4.5.2/libstdc++.a(del_op.o)
                0x00416428                operator delete(void*)
 .text$__cxa_allocate_dependent_exception
                0x00416440      0x114 c:/qp/qtools/bin/../lib/gcc/mingw32/4.5.2/libstdc++.a(eh_alloc.o)
                0x00416440                __cxa_allocate_dependent_exception
 .text$__cxa_allocate_exception
                0x00416554      0x120 c:/qp/qtools/bin/../lib/gcc/mingw32/4.5.2/libstdc++.a(eh_alloc.o)
                0x00416554                __cxa_allocate_exception
 .text$__cxa_begin_catch
                0x00416674       0x6c c:/qp/qtools/bin/../lib/gcc/mingw32/4.5.2/libstdc++.a(eh_catch.o)
                0x00416674                __cxa_begin_catch
 .text$__cxa_call_terminate
                0x004166e0       0x44 c:/qp/qtools/bin/../lib/gcc/mingw32/4.5.2/libstdc++.a(eh_call.o)
                0x004166e0                __cxa_call_terminate
 .text$__cxa_call_unexpected
                0x00416724       0xdc c:/qp/qtools/bin/../lib/gcc/mingw32/4.5.2/libstdc++.a(eh_personality.o)
                0x00416724                __cxa_call_unexpected
 .text$__cxa_current_exception_type
                0x00416800       0x24 c:/qp/qtools/bin/../lib/gcc/mingw32/4.5.2/libstdc++.a(eh_type.o)
                0x00416800                __cxa_current_exception_type
 .text$__cxa_end_catch
                0x00416824       0x84 c:/qp/qtools/bin/../lib/gcc/mingw32/4.5.2/libstdc++.a(eh_catch.o)
                0x00416824                __cxa_end_catch
 .text$__cxa_free_dependent_exception
                0x004168a8      0x10c c:/qp/qtools/bin/../lib/gcc/mingw32/4.5.2/libstdc++.a(eh_alloc.o)
                0x004168a8                __cxa_free_dependent_exception
 .text$__cxa_free_exception
                0x004169b4      0x100 c:/qp/qtools/bin/../lib/gcc/mingw32/4.5.2/libstdc++.a(eh_alloc.o)
                0x004169b4                __cxa_free_exception
 .text$__cxa_get_exception_ptr
                0x00416ab4        0xc c:/qp/qtools/bin/../lib/gcc/mingw32/4.5.2/libstdc++.a(eh_catch.o)
                0x00416ab4                __cxa_get_exception_ptr
 .text$__cxa_get_globals
                0x00416ac0       0x14 c:/qp/qtools/bin/../lib/gcc/mingw32/4.5.2/libstdc++.a(eh_globals.o)
                0x00416ac0                __cxa_get_globals
 .text$__cxa_get_globals_fast
                0x00416ad4       0x14 c:/qp/qtools/bin/../lib/gcc/mingw32/4.5.2/libstdc++.a(eh_globals.o)
                0x00416ad4                __cxa_get_globals_fast
 .text$__cxa_pure_virtual
                0x00416ae8       0x28 c:/qp/qtools/bin/../lib/gcc/mingw32/4.5.2/libstdc++.a(pure.o)
                0x00416ae8                __cxa_pure_virtual
 .text$__cxa_rethrow
                0x00416b10       0x58 c:/qp/qtools/bin/../lib/gcc/mingw32/4.5.2/libstdc++.a(eh_throw.o)
                0x00416b10                __cxa_rethrow
 .text$__cxa_throw
                0x00416b68       0x60 c:/qp/qtools/bin/../lib/gcc/mingw32/4.5.2/libstdc++.a(eh_throw.o)
                0x00416b68                __cxa_throw
 .text$__gxx_personality_v0
                0x00416bc8      0x7ec c:/qp/qtools/bin/../lib/gcc/mingw32/4.5.2/libstdc++.a(eh_personality.o)
                0x00416bc8                __gxx_personality_v0
 .text$__tcf_0  0x004173b4       0x24 dbg/philo.o
 .text$__tcf_0  0x004173d8       0x20 dbg/table.o
 *(.text.*)
 *(.glue_7t)
 *(.glue_7)
                0x004173f8                ___CTOR_LIST__ = .
                0x004173f8                __CTOR_LIST__ = .
                0x004173f8        0x4 LONG 0xffffffff
 *(.ctors)
 .ctors         0x004173fc        0x4 dbg/philo.o
 .ctors         0x00417400        0x4 dbg/table.o
 .ctors         0x00417404        0x4 ../../../../ports/win32/dbg/libqp.a(qf_time.o)
 .ctors         0x00417408        0x4 ../../../../ports/win32/dbg/libqp.a(qf_dyn.o)
 .ctors         0x0041740c        0x4 c:/qp/qtools/bin/../lib/gcc/mingw32/4.5.2/libstdc++.a(eh_alloc.o)
 *(.ctor)
 *(SORT(.ctors.*))
 .ctors.65535   0x00417410        0x4 c:/qp/qtools/bin/../lib/gcc/mingw32/4.5.2/crtend.o
                0x00417414        0x4 LONG 0x0
                0x00417418                ___DTOR_LIST__ = .
                0x00417418                __DTOR_LIST__ = .
                0x00417418        0x4 LONG 0xffffffff
 *(.dtors)
 *(.dtor)
 *(SORT(.dtors.*))
                0x0041741c        0x4 LONG 0x0
 *(.fini)
 *(.gcc_exc)
                0x00417420                PROVIDE (etext, .)
 *(.gcc_except_table)
 .gcc_except_table
                0x00417420       0x30 dbg/philo.o
 .gcc_except_table
                0x00417450       0x34 c:/qp/qtools/bin/../lib/gcc/mingw32/4.5.2/libstdc++.a(eh_personality.o)
 .gcc_except_table
                0x00417484       0x48 c:/qp/qtools/bin/../lib/gcc/mingw32/4.5.2/libstdc++.a(eh_terminate.o)
 .gcc_except_table
                0x004174cc       0x78 c:/qp/qtools/bin/../lib/gcc/mingw32/4.5.2/libstdc++.a(eh_alloc.o)
 .gcc_except_table
                0x00417544       0x20 c:/qp/qtools/bin/../lib/gcc/mingw32/4.5.2/libstdc++.a(vterminate.o)

.data           0x00418000     0x5800
                0x00418000                __data_start__ = .
 *(.data)
 .data          0x00418000        0x0 c:/qp/qtools/bin/../lib/gcc/mingw32/4.5.2/../../../crt2.o
 .data          0x00418000        0x0 c:/qp/qtools/bin/../lib/gcc/mingw32/4.5.2/crtbegin.o
 .data          0x00418000        0x0 dbg/bsp.o
 .data          0x00418000        0x0 dbg/main.o
 .data          0x00418000        0x0 dbg/philo.o
 .data          0x00418000        0x0 dbg/table.o
 .data          0x00418000        0x0 dbg/qstamp.o
 .data          0x00418000        0x0 ../../../../ports/win32/dbg/libqp.a(qwin_gui.o)
 .data          0x00418000        0x0 ../../../../ports/win32/dbg/libqp.a(qf_port.o)
 .data          0x00418000        0x0 ../../../../ports/win32/dbg/libqp.a(qf_time.o)
 .data          0x00418000        0x0 ../../../../ports/win32/dbg/libqp.a(qf_ps.o)
 .data          0x00418000        0x0 ../../../../ports/win32/dbg/libqp.a(qf_dyn.o)
 .data          0x00418000        0x0 ../../../../ports/win32/dbg/libqp.a(qep_hsm.o)
 .data          0x00418000        0x0 ../../../../ports/win32/dbg/libqp.a(qf_qact.o)
 .data          0x00418000        0x0 ../../../../ports/win32/dbg/libqp.a(qf_actq.o)
 .data          0x00418000        0x0 ../../../../ports/win32/dbg/libqp.a(qf_act.o)
 .data          0x00418000        0x0 ../../../../ports/win32/dbg/libqp.a(qf_qeq.o)
 .data          0x00418000        0x0 ../../../../ports/win32/dbg/libqp.a(qf_mem.o)
 .data          0x00418000        0x0 c:/qp/qtools/bin/../lib/gcc/mingw32/4.5.2/libstdc++.a(eh_personality.o)
 .data          0x00418000        0x0 c:/qp/qtools/bin/../lib/gcc/mingw32/4.5.2/libstdc++.a(si_class_type_info.o)
 .data          0x00418000        0x0 c:/qp/qtools/bin/../lib/gcc/mingw32/4.5.2/libstdc++.a(class_type_info.o)
 .data          0x00418000        0x0 c:/qp/qtools/bin/../lib/gcc/mingw32/4.5.2/libstdc++.a(del_op.o)
 .data          0x00418000        0x0 c:/qp/qtools/bin/../lib/gcc/mingw32/4.5.2/libstdc++.a(eh_exception.o)
 .data          0x00418000        0x0 c:/qp/qtools/bin/../lib/gcc/mingw32/4.5.2/libstdc++.a(eh_call.o)
 .data          0x00418000        0x0 c:/qp/qtools/bin/../lib/gcc/mingw32/4.5.2/libstdc++.a(eh_terminate.o)
 .data          0x00418000        0x0 c:/qp/qtools/bin/../lib/gcc/mingw32/4.5.2/libstdc++.a(eh_catch.o)
 .data          0x00418000        0x0 c:/qp/qtools/bin/../lib/gcc/mingw32/4.5.2/libstdc++.a(eh_globals.o)
 .data          0x00418000        0x0 c:/qp/qtools/bin/../lib/gcc/mingw32/4.5.2/libstdc++.a(eh_throw.o)
 .data          0x00418000        0x0 c:/qp/qtools/bin/../lib/gcc/mingw32/4.5.2/libstdc++.a(eh_alloc.o)
 .data          0x00418000        0x0 c:/qp/qtools/bin/../lib/gcc/mingw32/4.5.2/libstdc++.a(tinfo.o)
 .data          0x00418000        0x0 c:/qp/qtools/bin/../lib/gcc/mingw32/4.5.2/libstdc++.a(pure.o)
 .data          0x00418000        0x0 c:/qp/qtools/bin/../lib/gcc/mingw32/4.5.2/libstdc++.a(eh_term_handler.o)
 .data          0x00418000        0x0 c:/qp/qtools/bin/../lib/gcc/mingw32/4.5.2/libstdc++.a(eh_unex_handler.o)
 .data          0x00418000        0x0 c:/qp/qtools/bin/../lib/gcc/mingw32/4.5.2/libstdc++.a(vterminate.o)
 .data          0x00418000        0x0 c:/qp/qtools/bin/../lib/gcc/mingw32/4.5.2/libstdc++.a(eh_type.o)
 .data          0x00418000        0x0 c:/qp/qtools/bin/../lib/gcc/mingw32/4.5.2/libstdc++.a(cp-demangle.o)
 .data          0x00418000        0x0 c:/qp/qtools/bin/../lib/gcc/mingw32/4.5.2/../../../libmingw32.a(tlssup.o)
 .data          0x00418000        0x4 c:/qp/qtools/bin/../lib/gcc/mingw32/4.5.2/../../../libmingw32.a(CRTglob.o)
                0x00418000                _CRT_glob
 .data          0x00418004        0x0 c:/qp/qtools/bin/../lib/gcc/mingw32/4.5.2/../../../libmingw32.a(CRTfmode.o)
 .data          0x00418004        0x4 c:/qp/qtools/bin/../lib/gcc/mingw32/4.5.2/../../../libmingw32.a(txtmode.o)
                0x00418004                _fmode
 .data          0x00418008        0x0 c:/qp/qtools/bin/../lib/gcc/mingw32/4.5.2/../../../libmingw32.a(cpu_features.o)
 .data          0x00418008        0x0 c:/qp/qtools/bin/../lib/gcc/mingw32/4.5.2/../../../libmingw32.a(CRT_fp10.o)
 .data          0x00418008        0x0 c:/qp/qtools/bin/../lib/gcc/mingw32/4.5.2/../../../libmingw32.a(pseudo-reloc.o)
 .data          0x00418008        0x4 c:/qp/qtools/bin/../lib/gcc/mingw32/4.5.2/../../../libmingw32.a(gccmain.o)
 .data          0x0041800c        0x0 c:/qp/qtools/bin/../lib/gcc/mingw32/4.5.2/../../../libmingw32.a(main.o)
 .data          0x0041800c        0x0 c:/qp/qtools/bin/../lib/gcc/mingw32/4.5.2/../../../libmingw32.a(crtst.o)
 .data          0x0041800c        0x0 c:/qp/qtools/bin/../lib/gcc/mingw32/4.5.2/../../../libmingw32.a(tlsthrd.o)
 .data          0x0041800c        0x0 c:/qp/qtools/bin/../lib/gcc/mingw32/4.5.2/../../../libmingw32.a(pseudo-reloc-list.o)
 .data          0x0041800c        0x0 c:/qp/qtools/bin/../lib/gcc/mingw32/4.5.2/libgcc.a(gthr-win32.o)
 .data          0x0041800c        0x0 c:/qp/qtools/bin/../lib/gcc/mingw32/4.5.2/libgcc.a(_chkstk.o)
 .data          0x0041800c        0x0 c:/qp/qtools/bin/../lib/gcc/mingw32/4.5.2/libgcc.a(_ctors.o)
 .data          0x0041800c        0x0 c:/qp/qtools/bin/../lib/gcc/mingw32/4.5.2/../../../libmoldname.a(degls00109.o)
 .data          0x0041800c        0x0 c:/qp/qtools/bin/../lib/gcc/mingw32/4.5.2/../../../libmoldname.a(deglh.o)
 .data          0x0041800c        0x0 c:/qp/qtools/bin/../lib/gcc/mingw32/4.5.2/../../../libmoldname.a(deglt.o)
 .data          0x0041800c        0x0 c:/qp/qtools/bin/../lib/gcc/mingw32/4.5.2/../../../libmingwex.a(snprintf.o)
 .data          0x0041800c        0x0 c:/qp/qtools/bin/../lib/gcc/mingw32/4.5.2/../../../libmingwex.a(vsnprintf.o)
 .data          0x0041800c       0x14 c:/qp/qtools/bin/../lib/gcc/mingw32/4.5.2/../../../libmingwex.a(pformat.o)
 .data          0x00418020        0x0 c:/qp/qtools/bin/../lib/gcc/mingw32/4.5.2/../../../libmingwex.a(gdtoa.o)
 .data          0x00418020        0x0 c:/qp/qtools/bin/../lib/gcc/mingw32/4.5.2/../../../libmingwex.a(wcrtomb.o)
 .data          0x00418020        0x0 c:/qp/qtools/bin/../lib/gcc/mingw32/4.5.2/../../../libmingwex.a(mbrtowc.o)
 .data          0x00418020        0x0 c:/qp/qtools/bin/../lib/gcc/mingw32/4.5.2/../../../libmingwex.a(dmisc.o)
 .data          0x00418020        0x4 c:/qp/qtools/bin/../lib/gcc/mingw32/4.5.2/../../../libmingwex.a(misc.o)
 .data          0x00418024        0x0 c:/qp/qtools/bin/../lib/gcc/mingw32/4.5.2/../../../libmingwex.a(gmisc.o)
 .data          0x00418024        0x0 c:/qp/qtools/bin/../lib/gcc/mingw32/4.5.2/../../../libmsvcrt.a(dcfls00266.o)
 .data          0x00418024        0x0 c:/qp/qtools/bin/../lib/gcc/mingw32/4.5.2/../../../libmsvcrt.a(dcfls00099.o)
 .data          0x00418024        0x0 c:/qp/qtools/bin/../lib/gcc/mingw32/4.5.2/../../../libmsvcrt.a(dcfls00590.o)
 .data          0x00418024        0x0 c:/qp/qtools/bin/../lib/gcc/mingw32/4.5.2/../../../libmsvcrt.a(dcfls00383.o)
 .data          0x00418024        0x0 c:/qp/qtools/bin/../lib/gcc/mingw32/4.5.2/../../../libmsvcrt.a(dcfls00055.o)
 .data          0x00418024        0x0 c:/qp/qtools/bin/../lib/gcc/mingw32/4.5.2/../../../libmsvcrt.a(dcfls00079.o)
 .data          0x00418024        0x0 c:/qp/qtools/bin/../lib/gcc/mingw32/4.5.2/../../../libmsvcrt.a(dcfls00077.o)
 .data          0x00418024        0x0 c:/qp/qtools/bin/../lib/gcc/mingw32/4.5.2/../../../libmsvcrt.a(dcfls00147.o)
 .data          0x00418024        0x0 c:/qp/qtools/bin/../lib/gcc/mingw32/4.5.2/../../../libmsvcrt.a(dcfls00426.o)
 .data          0x00418024        0x0 c:/qp/qtools/bin/../lib/gcc/mingw32/4.5.2/../../../libmsvcrt.a(dcfls00706.o)
 .data          0x00418024        0x0 c:/qp/qtools/bin/../lib/gcc/mingw32/4.5.2/../../../libmsvcrt.a(dcfls00595.o)
 .data          0x00418024        0x0 c:/qp/qtools/bin/../lib/gcc/mingw32/4.5.2/../../../libmsvcrt.a(dcfls00625.o)
 .data          0x00418024        0x0 c:/qp/qtools/bin/../lib/gcc/mingw32/4.5.2/../../../libmsvcrt.a(dcfls00583.o)
 .data          0x00418024        0x0 c:/qp/qtools/bin/../lib/gcc/mingw32/4.5.2/../../../libmsvcrt.a(dcfls00676.o)
 .data          0x00418024        0x0 c:/qp/qtools/bin/../lib/gcc/mingw32/4.5.2/../../../libmsvcrt.a(dcfls00715.o)
 .data          0x00418024        0x0 c:/qp/qtools/bin/../lib/gcc/mingw32/4.5.2/../../../libmsvcrt.a(dcfls00633.o)
 .data          0x00418024        0x0 c:/qp/qtools/bin/../lib/gcc/mingw32/4.5.2/../../../libmsvcrt.a(dcfls00620.o)
 .data          0x00418024        0x0 c:/qp/qtools/bin/../lib/gcc/mingw32/4.5.2/../../../libmsvcrt.a(dcfls00621.o)
 .data          0x00418024        0x0 c:/qp/qtools/bin/../lib/gcc/mingw32/4.5.2/../../../libmsvcrt.a(dcfls00698.o)
 .data          0x00418024        0x0 c:/qp/qtools/bin/../lib/gcc/mingw32/4.5.2/../../../libmsvcrt.a(dcfls00709.o)
 .data          0x00418024        0x0 c:/qp/qtools/bin/../lib/gcc/mingw32/4.5.2/../../../libmsvcrt.a(dcfls00717.o)
 .data          0x00418024        0x0 c:/qp/qtools/bin/../lib/gcc/mingw32/4.5.2/../../../libmsvcrt.a(dcfls00748.o)
 .data          0x00418024        0x0 c:/qp/qtools/bin/../lib/gcc/mingw32/4.5.2/../../../libmsvcrt.a(dcfls00671.o)
 .data          0x00418024        0x0 c:/qp/qtools/bin/../lib/gcc/mingw32/4.5.2/../../../libmsvcrt.a(dcfls00637.o)
 .data          0x00418024        0x0 c:/qp/qtools/bin/../lib/gcc/mingw32/4.5.2/../../../libmsvcrt.a(ofmt_stub.o)
 .data          0x00418024        0x0 c:/qp/qtools/bin/../lib/gcc/mingw32/4.5.2/../../../libmsvcrt.a(dcfls00761.o)
 .data          0x00418024        0x0 c:/qp/qtools/bin/../lib/gcc/mingw32/4.5.2/../../../libmsvcrt.a(dcfls00065.o)
 .data          0x00418024        0x0 c:/qp/qtools/bin/../lib/gcc/mingw32/4.5.2/../../../libmsvcrt.a(dcfls00182.o)
 .data          0x00418024        0x0 c:/qp/qtools/bin/../lib/gcc/mingw32/4.5.2/../../../libmsvcrt.a(dcfls00704.o)
 .data          0x00418024        0x0 c:/qp/qtools/bin/../lib/gcc/mingw32/4.5.2/../../../libmsvcrt.a(dcfls00714.o)
 .data          0x00418024        0x0 c:/qp/qtools/bin/../lib/gcc/mingw32/4.5.2/../../../libmsvcrt.a(dcfls00592.o)
 .data          0x00418024        0x0 c:/qp/qtools/bin/../lib/gcc/mingw32/4.5.2/../../../libmsvcrt.a(dcflh.o)
 .data          0x00418024        0x0 c:/qp/qtools/bin/../lib/gcc/mingw32/4.5.2/../../../libmsvcrt.a(dcflt.o)
 .data          0x00418024        0x0 c:/qp/qtools/bin/../lib/gcc/mingw32/4.5.2/../../../libgdi32.a(dkfhs00073.o)
 .data          0x00418024        0x0 c:/qp/qtools/bin/../lib/gcc/mingw32/4.5.2/../../../libgdi32.a(dkfhs00070.o)
 .data          0x00418024        0x0 c:/qp/qtools/bin/../lib/gcc/mingw32/4.5.2/../../../libgdi32.a(dkfhs00334.o)
 .data          0x00418024        0x0 c:/qp/qtools/bin/../lib/gcc/mingw32/4.5.2/../../../libgdi32.a(dkfhs00034.o)
 .data          0x00418024        0x0 c:/qp/qtools/bin/../lib/gcc/mingw32/4.5.2/../../../libgdi32.a(dkfhs00039.o)
 .data          0x00418024        0x0 c:/qp/qtools/bin/../lib/gcc/mingw32/4.5.2/../../../libgdi32.a(dkfhs00281.o)
 .data          0x00418024        0x0 c:/qp/qtools/bin/../lib/gcc/mingw32/4.5.2/../../../libgdi32.a(dkfhs00177.o)
 .data          0x00418024        0x0 c:/qp/qtools/bin/../lib/gcc/mingw32/4.5.2/../../../libgdi32.a(dkfhs00306.o)
 .data          0x00418024        0x0 c:/qp/qtools/bin/../lib/gcc/mingw32/4.5.2/../../../libgdi32.a(dkfhs00185.o)
 .data          0x00418024        0x0 c:/qp/qtools/bin/../lib/gcc/mingw32/4.5.2/../../../libgdi32.a(dkfhs00068.o)
 .data          0x00418024        0x0 c:/qp/qtools/bin/../lib/gcc/mingw32/4.5.2/../../../libgdi32.a(dkfhs00012.o)
 .data          0x00418024        0x0 c:/qp/qtools/bin/../lib/gcc/mingw32/4.5.2/../../../libgdi32.a(dkfhh.o)
 .data          0x00418024        0x0 c:/qp/qtools/bin/../lib/gcc/mingw32/4.5.2/../../../libgdi32.a(dkfht.o)
 .data          0x00418024        0x0 c:/qp/qtools/bin/../lib/gcc/mingw32/4.5.2/../../../libuser32.a(daois00405.o)
 .data          0x00418024        0x0 c:/qp/qtools/bin/../lib/gcc/mingw32/4.5.2/../../../libuser32.a(daois00403.o)
 .data          0x00418024        0x0 c:/qp/qtools/bin/../lib/gcc/mingw32/4.5.2/../../../libuser32.a(daois00468.o)
 .data          0x00418024        0x0 c:/qp/qtools/bin/../lib/gcc/mingw32/4.5.2/../../../libuser32.a(daois00533.o)
 .data          0x00418024        0x0 c:/qp/qtools/bin/../lib/gcc/mingw32/4.5.2/../../../libuser32.a(daois00134.o)
 .data          0x00418024        0x0 c:/qp/qtools/bin/../lib/gcc/mingw32/4.5.2/../../../libuser32.a(daois00182.o)
 .data          0x00418024        0x0 c:/qp/qtools/bin/../lib/gcc/mingw32/4.5.2/../../../libuser32.a(daois00585.o)
 .data          0x00418024        0x0 c:/qp/qtools/bin/../lib/gcc/mingw32/4.5.2/../../../libuser32.a(daois00608.o)
 .data          0x00418024        0x0 c:/qp/qtools/bin/../lib/gcc/mingw32/4.5.2/../../../libuser32.a(daois00149.o)
 .data          0x00418024        0x0 c:/qp/qtools/bin/../lib/gcc/mingw32/4.5.2/../../../libuser32.a(daois00293.o)
 .data          0x00418024        0x0 c:/qp/qtools/bin/../lib/gcc/mingw32/4.5.2/../../../libuser32.a(daois00419.o)
 .data          0x00418024        0x0 c:/qp/qtools/bin/../lib/gcc/mingw32/4.5.2/../../../libuser32.a(daois00530.o)
 .data          0x00418024        0x0 c:/qp/qtools/bin/../lib/gcc/mingw32/4.5.2/../../../libuser32.a(daois00434.o)
 .data          0x00418024        0x0 c:/qp/qtools/bin/../lib/gcc/mingw32/4.5.2/../../../libuser32.a(daois00480.o)
 .data          0x00418024        0x0 c:/qp/qtools/bin/../lib/gcc/mingw32/4.5.2/../../../libuser32.a(daois00080.o)
 .data          0x00418024        0x0 c:/qp/qtools/bin/../lib/gcc/mingw32/4.5.2/../../../libuser32.a(daois00248.o)
 .data          0x00418024        0x0 c:/qp/qtools/bin/../lib/gcc/mingw32/4.5.2/../../../libuser32.a(daois00508.o)
 .data          0x00418024        0x0 c:/qp/qtools/bin/../lib/gcc/mingw32/4.5.2/../../../libuser32.a(daois00253.o)
 .data          0x00418024        0x0 c:/qp/qtools/bin/../lib/gcc/mingw32/4.5.2/../../../libuser32.a(daois00348.o)
 .data          0x00418024        0x0 c:/qp/qtools/bin/../lib/gcc/mingw32/4.5.2/../../../libuser32.a(daois00520.o)
 .data          0x00418024        0x0 c:/qp/qtools/bin/../lib/gcc/mingw32/4.5.2/../../../libuser32.a(daoih.o)
 .data          0x00418024        0x0 c:/qp/qtools/bin/../lib/gcc/mingw32/4.5.2/../../../libuser32.a(daoit.o)
 .data          0x00418024        0x0 c:/qp/qtools/bin/../lib/gcc/mingw32/4.5.2/../../../libkernel32.a(dchds01140.o)
 .data          0x00418024        0x0 c:/qp/qtools/bin/../lib/gcc/mingw32/4.5.2/../../../libkernel32.a(dchds00279.o)
 .data          0x00418024        0x0 c:/qp/qtools/bin/../lib/gcc/mingw32/4.5.2/../../../libkernel32.a(dchds00529.o)
 .data          0x00418024        0x0 c:/qp/qtools/bin/../lib/gcc/mingw32/4.5.2/../../../libkernel32.a(dchds00577.o)
 .data          0x00418024        0x0 c:/qp/qtools/bin/../lib/gcc/mingw32/4.5.2/../../../libkernel32.a(dchds00179.o)
 .data          0x00418024        0x0 c:/qp/qtools/bin/../lib/gcc/mingw32/4.5.2/../../../libkernel32.a(dchds00892.o)
 .data          0x00418024        0x0 c:/qp/qtools/bin/../lib/gcc/mingw32/4.5.2/../../../libkernel32.a(dchds00129.o)
 .data          0x00418024        0x0 c:/qp/qtools/bin/../lib/gcc/mingw32/4.5.2/../../../libkernel32.a(dchds01129.o)
 .data          0x00418024        0x0 c:/qp/qtools/bin/../lib/gcc/mingw32/4.5.2/../../../libkernel32.a(dchds00734.o)
 .data          0x00418024        0x0 c:/qp/qtools/bin/../lib/gcc/mingw32/4.5.2/../../../libkernel32.a(dchds00236.o)
 .data          0x00418024        0x0 c:/qp/qtools/bin/../lib/gcc/mingw32/4.5.2/../../../libkernel32.a(dchds00814.o)
 .data          0x00418024        0x0 c:/qp/qtools/bin/../lib/gcc/mingw32/4.5.2/../../../libkernel32.a(dchds00082.o)
 .data          0x00418024        0x0 c:/qp/qtools/bin/../lib/gcc/mingw32/4.5.2/../../../libkernel32.a(dchds00450.o)
 .data          0x00418024        0x0 c:/qp/qtools/bin/../lib/gcc/mingw32/4.5.2/../../../libkernel32.a(dchds01152.o)
 .data          0x00418024        0x0 c:/qp/qtools/bin/../lib/gcc/mingw32/4.5.2/../../../libkernel32.a(dchds01065.o)
 .data          0x00418024        0x0 c:/qp/qtools/bin/../lib/gcc/mingw32/4.5.2/../../../libkernel32.a(dchds01223.o)
 .data          0x00418024        0x0 c:/qp/qtools/bin/../lib/gcc/mingw32/4.5.2/../../../libkernel32.a(dchds01215.o)
 .data          0x00418024        0x0 c:/qp/qtools/bin/../lib/gcc/mingw32/4.5.2/../../../libkernel32.a(dchds01213.o)
 .data          0x00418024        0x0 c:/qp/qtools/bin/../lib/gcc/mingw32/4.5.2/../../../libkernel32.a(dchds00388.o)
 .data          0x00418024        0x0 c:/qp/qtools/bin/../lib/gcc/mingw32/4.5.2/../../../libkernel32.a(dchds00606.o)
 .data          0x00418024        0x0 c:/qp/qtools/bin/../lib/gcc/mingw32/4.5.2/../../../libkernel32.a(dchds01173.o)
 .data          0x00418024        0x0 c:/qp/qtools/bin/../lib/gcc/mingw32/4.5.2/../../../libkernel32.a(dchds00510.o)
 .data          0x00418024        0x0 c:/qp/qtools/bin/../lib/gcc/mingw32/4.5.2/../../../libkernel32.a(dchds00207.o)
 .data          0x00418024        0x0 c:/qp/qtools/bin/../lib/gcc/mingw32/4.5.2/../../../libkernel32.a(dchds00747.o)
 .data          0x00418024        0x0 c:/qp/qtools/bin/../lib/gcc/mingw32/4.5.2/../../../libkernel32.a(dchds01171.o)
 .data          0x00418024        0x0 c:/qp/qtools/bin/../lib/gcc/mingw32/4.5.2/../../../libkernel32.a(dchds01172.o)
 .data          0x00418024        0x0 c:/qp/qtools/bin/../lib/gcc/mingw32/4.5.2/../../../libkernel32.a(dchds01091.o)
 .data          0x00418024        0x0 c:/qp/qtools/bin/../lib/gcc/mingw32/4.5.2/../../../libkernel32.a(dchds01174.o)
 .data          0x00418024        0x0 c:/qp/qtools/bin/../lib/gcc/mingw32/4.5.2/../../../libkernel32.a(dchds00169.o)
 .data          0x00418024        0x0 c:/qp/qtools/bin/../lib/gcc/mingw32/4.5.2/../../../libkernel32.a(dchds00743.o)
 .data          0x00418024        0x0 c:/qp/qtools/bin/../lib/gcc/mingw32/4.5.2/../../../libkernel32.a(dchds00978.o)
 .data          0x00418024        0x0 c:/qp/qtools/bin/../lib/gcc/mingw32/4.5.2/../../../libkernel32.a(dchds00451.o)
 .data          0x00418024        0x0 c:/qp/qtools/bin/../lib/gcc/mingw32/4.5.2/../../../libkernel32.a(dchds01247.o)
 .data          0x00418024        0x0 c:/qp/qtools/bin/../lib/gcc/mingw32/4.5.2/../../../libkernel32.a(dchds00860.o)
 .data          0x00418024        0x0 c:/qp/qtools/bin/../lib/gcc/mingw32/4.5.2/../../../libkernel32.a(dchds00763.o)
 .data          0x00418024        0x0 c:/qp/qtools/bin/../lib/gcc/mingw32/4.5.2/../../../libkernel32.a(dchds00744.o)
 .data          0x00418024        0x0 c:/qp/qtools/bin/../lib/gcc/mingw32/4.5.2/../../../libkernel32.a(dchdh.o)
 .data          0x00418024        0x0 c:/qp/qtools/bin/../lib/gcc/mingw32/4.5.2/../../../libkernel32.a(dchdt.o)
 .data          0x00418024        0x0 c:/qp/qtools/bin/../lib/gcc/mingw32/4.5.2/../../../libmingw32.a(tlsmthread.o)
 .data          0x00418024        0x0 c:/qp/qtools/bin/../lib/gcc/mingw32/4.5.2/crtend.o
 *(.data2)
 *(SORT(.data$*))
 .data$_ZL14emergency_used
                0x00418024        0x4 c:/qp/qtools/bin/../lib/gcc/mingw32/4.5.2/libstdc++.a(eh_alloc.o)
 .data$_ZL15dependents_used
                0x00418028        0x4 c:/qp/qtools/bin/../lib/gcc/mingw32/4.5.2/libstdc++.a(eh_alloc.o)
 *fill*         0x0041802c       0x14 00
 .data$_ZL16emergency_buffer
                0x00418040     0x4000 c:/qp/qtools/bin/../lib/gcc/mingw32/4.5.2/libstdc++.a(eh_alloc.o)
 .data$_ZL17dependents_buffer
                0x0041c040      0xa00 c:/qp/qtools/bin/../lib/gcc/mingw32/4.5.2/libstdc++.a(eh_alloc.o)
 .data$_ZN10__cxxabiv119__terminate_handlerE
                0x0041ca40        0x4 c:/qp/qtools/bin/../lib/gcc/mingw32/4.5.2/libstdc++.a(eh_term_handler.o)
                0x0041ca40                __cxxabiv1::__terminate_handler
 .data$_ZN10__cxxabiv120__unexpected_handlerE
                0x0041ca44        0x4 c:/qp/qtools/bin/../lib/gcc/mingw32/4.5.2/libstdc++.a(eh_unex_handler.o)
                0x0041ca44                __cxxabiv1::__unexpected_handler
 .data$_ZN12_GLOBAL__N_115emergency_mutexE
                0x0041ca48        0x8 c:/qp/qtools/bin/../lib/gcc/mingw32/4.5.2/libstdc++.a(eh_alloc.o)
 .data$_ZN2QP11QF_maxPool_E
                0x0041ca50        0x4 ../../../../ports/win32/dbg/libqp.a(qf_dyn.o)
                0x0041ca50                QP::QF_maxPool_
 .data$_ZN2QP14QF_subscrList_E
                0x0041ca54        0x4 ../../../../ports/win32/dbg/libqp.a(qf_ps.o)