Archive member included to satisfy reference by file (symbol)

e:/ac6/systemworkbench20/plugins/fr.ac6.mcu.externaltools.arm-none.win32_1.13.2.201705091103/tools/compiler/bin/../lib/gcc/arm-none-eabi/5.4.1/armv7e-m/fpu\libgcc.a(_aeabi_ldivmod.o)
                              hardware/iks01a1/drivers/BSP/Components/lsm6ds3/LSM6DS3_ACC_GYRO_driver.o (__aeabi_ldivmod)
e:/ac6/systemworkbench20/plugins/fr.ac6.mcu.externaltools.arm-none.win32_1.13.2.201705091103/tools/compiler/bin/../lib/gcc/arm-none-eabi/5.4.1/armv7e-m/fpu\libgcc.a(_udivmoddi4.o)
                              e:/ac6/systemworkbench20/plugins/fr.ac6.mcu.externaltools.arm-none.win32_1.13.2.201705091103/tools/compiler/bin/../lib/gcc/arm-none-eabi/5.4.1/armv7e-m/fpu\libgcc.a(_aeabi_ldivmod.o) (__udivmoddi4)
e:/ac6/systemworkbench20/plugins/fr.ac6.mcu.externaltools.arm-none.win32_1.13.2.201705091103/tools/compiler/bin/../lib/gcc/arm-none-eabi/5.4.1/armv7e-m/fpu\libgcc.a(_dvmd_tls.o)
                              e:/ac6/systemworkbench20/plugins/fr.ac6.mcu.externaltools.arm-none.win32_1.13.2.201705091103/tools/compiler/bin/../lib/gcc/arm-none-eabi/5.4.1/armv7e-m/fpu\libgcc.a(_aeabi_ldivmod.o) (__aeabi_ldiv0)
e:/ac6/systemworkbench20/plugins/fr.ac6.mcu.externaltools.arm-none.win32_1.13.2.201705091103/tools/compiler/bin/../lib/gcc/arm-none-eabi/5.4.1/../../../../arm-none-eabi/lib/armv7e-m/fpu\libc_nano.a(lib_a-exit.o)
                              e:/ac6/systemworkbench20/plugins/fr.ac6.mcu.externaltools.arm-none.win32_1.13.2.201705091103/tools/compiler/bin/../lib/gcc/arm-none-eabi/5.4.1/../../../../arm-none-eabi/lib/armv7e-m/fpu/crt0.o (exit)
e:/ac6/systemworkbench20/plugins/fr.ac6.mcu.externaltools.arm-none.win32_1.13.2.201705091103/tools/compiler/bin/../lib/gcc/arm-none-eabi/5.4.1/../../../../arm-none-eabi/lib/armv7e-m/fpu\libc_nano.a(lib_a-impure.o)
                              e:/ac6/systemworkbench20/plugins/fr.ac6.mcu.externaltools.arm-none.win32_1.13.2.201705091103/tools/compiler/bin/../lib/gcc/arm-none-eabi/5.4.1/../../../../arm-none-eabi/lib/armv7e-m/fpu\libc_nano.a(lib_a-exit.o) (_global_impure_ptr)
e:/ac6/systemworkbench20/plugins/fr.ac6.mcu.externaltools.arm-none.win32_1.13.2.201705091103/tools/compiler/bin/../lib/gcc/arm-none-eabi/5.4.1/../../../../arm-none-eabi/lib/armv7e-m/fpu\libc_nano.a(lib_a-init.o)
                              e:/ac6/systemworkbench20/plugins/fr.ac6.mcu.externaltools.arm-none.win32_1.13.2.201705091103/tools/compiler/bin/../lib/gcc/arm-none-eabi/5.4.1/../../../../arm-none-eabi/lib/armv7e-m/fpu/crt0.o (__libc_init_array)
e:/ac6/systemworkbench20/plugins/fr.ac6.mcu.externaltools.arm-none.win32_1.13.2.201705091103/tools/compiler/bin/../lib/gcc/arm-none-eabi/5.4.1/../../../../arm-none-eabi/lib/armv7e-m/fpu\libc_nano.a(lib_a-memset.o)
                              e:/ac6/systemworkbench20/plugins/fr.ac6.mcu.externaltools.arm-none.win32_1.13.2.201705091103/tools/compiler/bin/../lib/gcc/arm-none-eabi/5.4.1/../../../../arm-none-eabi/lib/armv7e-m/fpu/crt0.o (memset)
e:/ac6/systemworkbench20/plugins/fr.ac6.mcu.externaltools.arm-none.win32_1.13.2.201705091103/tools/compiler/bin/../lib/gcc/arm-none-eabi/5.4.1/../../../../arm-none-eabi/lib/armv7e-m/fpu\libc_nano.a(lib_a-sprintf.o)
                              Src/main.o (sprintf)
e:/ac6/systemworkbench20/plugins/fr.ac6.mcu.externaltools.arm-none.win32_1.13.2.201705091103/tools/compiler/bin/../lib/gcc/arm-none-eabi/5.4.1/../../../../arm-none-eabi/lib/armv7e-m/fpu\libc_nano.a(lib_a-strlen.o)
                              Src/main.o (strlen)
e:/ac6/systemworkbench20/plugins/fr.ac6.mcu.externaltools.arm-none.win32_1.13.2.201705091103/tools/compiler/bin/../lib/gcc/arm-none-eabi/5.4.1/../../../../arm-none-eabi/lib/armv7e-m/fpu\libc_nano.a(lib_a-nano-svfprintf.o)
                              e:/ac6/systemworkbench20/plugins/fr.ac6.mcu.externaltools.arm-none.win32_1.13.2.201705091103/tools/compiler/bin/../lib/gcc/arm-none-eabi/5.4.1/../../../../arm-none-eabi/lib/armv7e-m/fpu\libc_nano.a(lib_a-sprintf.o) (_svfprintf_r)
e:/ac6/systemworkbench20/plugins/fr.ac6.mcu.externaltools.arm-none.win32_1.13.2.201705091103/tools/compiler/bin/../lib/gcc/arm-none-eabi/5.4.1/../../../../arm-none-eabi/lib/armv7e-m/fpu\libc_nano.a(lib_a-nano-vfprintf_i.o)
                              e:/ac6/systemworkbench20/plugins/fr.ac6.mcu.externaltools.arm-none.win32_1.13.2.201705091103/tools/compiler/bin/../lib/gcc/arm-none-eabi/5.4.1/../../../../arm-none-eabi/lib/armv7e-m/fpu\libc_nano.a(lib_a-nano-svfprintf.o) (_printf_i)
e:/ac6/systemworkbench20/plugins/fr.ac6.mcu.externaltools.arm-none.win32_1.13.2.201705091103/tools/compiler/bin/../lib/gcc/arm-none-eabi/5.4.1/../../../../arm-none-eabi/lib/armv7e-m/fpu\libc_nano.a(lib_a-memchr.o)
                              e:/ac6/systemworkbench20/plugins/fr.ac6.mcu.externaltools.arm-none.win32_1.13.2.201705091103/tools/compiler/bin/../lib/gcc/arm-none-eabi/5.4.1/../../../../arm-none-eabi/lib/armv7e-m/fpu\libc_nano.a(lib_a-nano-svfprintf.o) (memchr)
[...]
Memory Configuration

Name             Origin             Length             Attributes
RAM              0x20000000         0x00018000         xrw
FLASH            0x08000000         0x00080000         xr
*default*        0x00000000         0xffffffff

Linker script and memory map

LOAD e:/ac6/systemworkbench20/plugins/fr.ac6.mcu.externaltools.arm-none.win32_1.13.2.201705091103/tools/compiler/bin/../lib/gcc/arm-none-eabi/5.4.1/armv7e-m/fpu/crti.o
LOAD e:/ac6/systemworkbench20/plugins/fr.ac6.mcu.externaltools.arm-none.win32_1.13.2.201705091103/tools/compiler/bin/../lib/gcc/arm-none-eabi/5.4.1/armv7e-m/fpu/crtbegin.o
LOAD e:/ac6/systemworkbench20/plugins/fr.ac6.mcu.externaltools.arm-none.win32_1.13.2.201705091103/tools/compiler/bin/../lib/gcc/arm-none-eabi/5.4.1/../../../../arm-none-eabi/lib/armv7e-m/fpu/crt0.o
LOAD App/CircularBuffer.o
LOAD Drivers/STM32F4xx_HAL_Driver/Src/stm32f4xx_hal.o
LOAD Drivers/STM32F4xx_HAL_Driver/Src/stm32f4xx_hal_cortex.o
LOAD Drivers/STM32F4xx_HAL_Driver/Src/stm32f4xx_hal_dma.o
LOAD Drivers/STM32F4xx_HAL_Driver/Src/stm32f4xx_hal_dma_ex.o
LOAD Drivers/STM32F4xx_HAL_Driver/Src/stm32f4xx_hal_flash.o
LOAD Drivers/STM32F4xx_HAL_Driver/Src/stm32f4xx_hal_flash_ex.o
LOAD Drivers/STM32F4xx_HAL_Driver/Src/stm32f4xx_hal_flash_ramfunc.o
LOAD Drivers/STM32F4xx_HAL_Driver/Src/stm32f4xx_hal_gpio.o
LOAD Drivers/STM32F4xx_HAL_Driver/Src/stm32f4xx_hal_i2c.o
LOAD Drivers/STM32F4xx_HAL_Driver/Src/stm32f4xx_hal_i2c_ex.o
LOAD Drivers/STM32F4xx_HAL_Driver/Src/stm32f4xx_hal_pwr.o
LOAD Drivers/STM32F4xx_HAL_Driver/Src/stm32f4xx_hal_pwr_ex.o
LOAD Drivers/STM32F4xx_HAL_Driver/Src/stm32f4xx_hal_rcc.o
LOAD Drivers/STM32F4xx_HAL_Driver/Src/stm32f4xx_hal_rcc_ex.o
LOAD Drivers/STM32F4xx_HAL_Driver/Src/stm32f4xx_hal_rtc.o
LOAD Drivers/STM32F4xx_HAL_Driver/Src/stm32f4xx_hal_rtc_ex.o
LOAD Drivers/STM32F4xx_HAL_Driver/Src/stm32f4xx_hal_tim.o
LOAD Drivers/STM32F4xx_HAL_Driver/Src/stm32f4xx_hal_tim_ex.o
LOAD Drivers/STM32F4xx_HAL_Driver/Src/stm32f4xx_hal_uart.o
LOAD Src/gpio.o
LOAD Src/i2c.o
LOAD Src/main.o
LOAD Src/rtc.o
LOAD Src/stm32f4xx_hal_msp.o
LOAD Src/stm32f4xx_it.o
LOAD Src/system_stm32f4xx.o
LOAD Src/usart.o
LOAD hardware/iks01a1/drivers/BSP/Components/lsm6ds0/LSM6DS0_ACC_GYRO_driver.o
LOAD hardware/iks01a1/drivers/BSP/Components/lsm6ds0/LSM6DS0_ACC_GYRO_driver_HL.o
LOAD hardware/iks01a1/drivers/BSP/Components/lsm6ds3/LSM6DS3_ACC_GYRO_driver.o
LOAD hardware/iks01a1/drivers/BSP/Components/lsm6ds3/LSM6DS3_ACC_GYRO_driver_HL.o
LOAD hardware/iks01a1/drivers/BSP/X_NUCLEO_IKS01A1/x_nucleo_iks01a1.o
LOAD hardware/iks01a1/drivers/BSP/X_NUCLEO_IKS01A1/x_nucleo_iks01a1_accelero.o
LOAD hardware/iks01a1/drivers/BSP/X_NUCLEO_IKS01A1/x_nucleo_iks01a1_gyro.o
LOAD hardware/iks01a1/drivers/BSP/X_NUCLEO_IKS01A1/x_nucleo_iks01a1_humidity.o
LOAD hardware/iks01a1/drivers/BSP/X_NUCLEO_IKS01A1/x_nucleo_iks01a1_magneto.o
LOAD hardware/iks01a1/drivers/BSP/X_NUCLEO_IKS01A1/x_nucleo_iks01a1_pressure.o
LOAD hardware/iks01a1/drivers/BSP/X_NUCLEO_IKS01A1/x_nucleo_iks01a1_temperature.o
LOAD startup/startup_stm32f401xe.o
LOAD e:/ac6/systemworkbench20/plugins/fr.ac6.mcu.externaltools.arm-none.win32_1.13.2.201705091103/tools/compiler/bin/../lib/gcc/arm-none-eabi/5.4.1/../../../../arm-none-eabi/lib/armv7e-m/fpu\libstdc++_nano.a
LOAD e:/ac6/systemworkbench20/plugins/fr.ac6.mcu.externaltools.arm-none.win32_1.13.2.201705091103/tools/compiler/bin/../lib/gcc/arm-none-eabi/5.4.1/../../../../arm-none-eabi/lib/armv7e-m/fpu\libm.a
START GROUP
LOAD e:/ac6/systemworkbench20/plugins/fr.ac6.mcu.externaltools.arm-none.win32_1.13.2.201705091103/tools/compiler/bin/../lib/gcc/arm-none-eabi/5.4.1/armv7e-m/fpu\libgcc.a
LOAD e:/ac6/systemworkbench20/plugins/fr.ac6.mcu.externaltools.arm-none.win32_1.13.2.201705091103/tools/compiler/bin/../lib/gcc/arm-none-eabi/5.4.1/../../../../arm-none-eabi/lib/armv7e-m/fpu\libc_nano.a
END GROUP
START GROUP
LOAD e:/ac6/systemworkbench20/plugins/fr.ac6.mcu.externaltools.arm-none.win32_1.13.2.201705091103/tools/compiler/bin/../lib/gcc/arm-none-eabi/5.4.1/armv7e-m/fpu\libgcc.a
LOAD e:/ac6/systemworkbench20/plugins/fr.ac6.mcu.externaltools.arm-none.win32_1.13.2.201705091103/tools/compiler/bin/../lib/gcc/arm-none-eabi/5.4.1/../../../../arm-none-eabi/lib/armv7e-m/fpu\libc_nano.a
LOAD e:/ac6/systemworkbench20/plugins/fr.ac6.mcu.externaltools.arm-none.win32_1.13.2.201705091103/tools/compiler/bin/../lib/gcc/arm-none-eabi/5.4.1/../../../../arm-none-eabi/lib/armv7e-m/fpu\libnosys.a
END GROUP
START GROUP
LOAD e:/ac6/systemworkbench20/plugins/fr.ac6.mcu.externaltools.arm-none.win32_1.13.2.201705091103/tools/compiler/bin/../lib/gcc/arm-none-eabi/5.4.1/armv7e-m/fpu\libgcc.a
LOAD e:/ac6/systemworkbench20/plugins/fr.ac6.mcu.externaltools.arm-none.win32_1.13.2.201705091103/tools/compiler/bin/../lib/gcc/arm-none-eabi/5.4.1/../../../../arm-none-eabi/lib/armv7e-m/fpu\libc_nano.a
LOAD e:/ac6/systemworkbench20/plugins/fr.ac6.mcu.externaltools.arm-none.win32_1.13.2.201705091103/tools/compiler/bin/../lib/gcc/arm-none-eabi/5.4.1/../../../../arm-none-eabi/lib/armv7e-m/fpu\libnosys.a
END GROUP
LOAD e:/ac6/systemworkbench20/plugins/fr.ac6.mcu.externaltools.arm-none.win32_1.13.2.201705091103/tools/compiler/bin/../lib/gcc/arm-none-eabi/5.4.1/armv7e-m/fpu/crtend.o
LOAD e:/ac6/systemworkbench20/plugins/fr.ac6.mcu.externaltools.arm-none.win32_1.13.2.201705091103/tools/compiler/bin/../lib/gcc/arm-none-eabi/5.4.1/armv7e-m/fpu/crtn.o
                0x20018000                _estack = 0x20018000
                0x00000200                _Min_Heap_Size = 0x200
                0x00000400                _Min_Stack_Size = 0x400

.isr_vector     0x08000000      0x194
                0x08000000                . = ALIGN (0x4)
 *(.isr_vector)
 .isr_vector    0x08000000      0x194 startup/startup_stm32f401xe.o
                0x08000000                g_pfnVectors
                0x08000194                . = ALIGN (0x4)

.text           0x080001a0     0x84c8
                0x080001a0                . = ALIGN (0x4)
 *(.text)
 .text          0x080001a0       0x5c e:/ac6/systemworkbench20/plugins/fr.ac6.mcu.externaltools.arm-none.win32_1.13.2.201705091103/tools/compiler/bin/../lib/gcc/arm-none-eabi/5.4.1/armv7e-m/fpu/crtbegin.o
 .text          0x080001fc       0x10 e:/ac6/systemworkbench20/plugins/fr.ac6.mcu.externaltools.arm-none.win32_1.13.2.201705091103/tools/compiler/bin/../lib/gcc/arm-none-eabi/5.4.1/../../../../arm-none-eabi/lib/armv7e-m/fpu\libc_nano.a(lib_a-strlen.o)
                0x080001fc                strlen
 *fill*         0x0800020c        0x4 
 .text          0x08000210       0xa0 e:/ac6/systemworkbench20/plugins/fr.ac6.mcu.externaltools.arm-none.win32_1.13.2.201705091103/tools/compiler/bin/../lib/gcc/arm-none-eabi/5.4.1/../../../../arm-none-eabi/lib/armv7e-m/fpu\libc_nano.a(lib_a-memchr.o)
                0x08000210                memchr
 *(.text*)
 .text.HAL_InitTick
                0x080002b0       0x2c Drivers/STM32F4xx_HAL_Driver/Src/stm32f4xx_hal.o
                0x080002b0                HAL_InitTick
 .text.HAL_Init
                0x080002dc       0x34 Drivers/STM32F4xx_HAL_Driver/Src/stm32f4xx_hal.o
                0x080002dc                HAL_Init
 .text.HAL_IncTick
                0x08000310       0x10 Drivers/STM32F4xx_HAL_Driver/Src/stm32f4xx_hal.o
                0x08000310                HAL_IncTick
 .text.HAL_GetTick
                0x08000320        0xc Drivers/STM32F4xx_HAL_Driver/Src/stm32f4xx_hal.o
                0x08000320                HAL_GetTick
 .text.HAL_Delay
                0x0800032c       0x24 Drivers/STM32F4xx_HAL_Driver/Src/stm32f4xx_hal.o
                0x0800032c                HAL_Delay
 .text.HAL_NVIC_SetPriorityGrouping
                0x08000350       0x24 Drivers/STM32F4xx_HAL_Driver/Src/stm32f4xx_hal_cortex.o
                0x08000350                HAL_NVIC_SetPriorityGrouping
 .text.HAL_NVIC_SetPriority
                0x08000374       0x64 Drivers/STM32F4xx_HAL_Driver/Src/stm32f4xx_hal_cortex.o
                0x08000374                HAL_NVIC_SetPriority
 .text.HAL_NVIC_EnableIRQ
                0x080003d8       0x18 Drivers/STM32F4xx_HAL_Driver/Src/stm32f4xx_hal_cortex.o
                0x080003d8                HAL_NVIC_EnableIRQ
 .text.HAL_NVIC_DisableIRQ
                0x080003f0       0x1c Drivers/STM32F4xx_HAL_Driver/Src/stm32f4xx_hal_cortex.o
                0x080003f0                HAL_NVIC_DisableIRQ
 .text.HAL_SYSTICK_Config
                0x0800040c       0x2c Drivers/STM32F4xx_HAL_Driver/Src/stm32f4xx_hal_cortex.o
                0x0800040c                HAL_SYSTICK_Config
 .text.HAL_SYSTICK_CLKSourceConfig
                0x08000438       0x20 Drivers/STM32F4xx_HAL_Driver/Src/stm32f4xx_hal_cortex.o
                0x08000438                HAL_SYSTICK_CLKSourceConfig
 .text.HAL_SYSTICK_Callback
                0x08000458        0x4 Drivers/STM32F4xx_HAL_Driver/Src/stm32f4xx_hal_cortex.o
                0x08000458                HAL_SYSTICK_Callback
 .text.HAL_SYSTICK_IRQHandler
                0x0800045c        0x8 Drivers/STM32F4xx_HAL_Driver/Src/stm32f4xx_hal_cortex.o
                0x0800045c                HAL_SYSTICK_IRQHandler
 .text.HAL_DMA_Abort_IT
                0x08000464       0x28 Drivers/STM32F4xx_HAL_Driver/Src/stm32f4xx_hal_dma.o
                0x08000464                HAL_DMA_Abort_IT
 .text.HAL_GPIO_Init
                0x0800048c      0x19c Drivers/STM32F4xx_HAL_Driver/Src/stm32f4xx_hal_gpio.o
                0x0800048c                HAL_GPIO_Init
 .text.HAL_GPIO_DeInit
                0x08000628       0xf4 Drivers/STM32F4xx_HAL_Driver/Src/stm32f4xx_hal_gpio.o
                0x08000628                HAL_GPIO_DeInit
 .text.HAL_GPIO_WritePin
                0x0800071c        0xc Drivers/STM32F4xx_HAL_Driver/Src/stm32f4xx_hal_gpio.o
                0x0800071c                HAL_GPIO_WritePin
 .text.HAL_GPIO_EXTI_Callback
                0x08000728        0x4 Drivers/STM32F4xx_HAL_Driver/Src/stm32f4xx_hal_gpio.o
                0x08000728                HAL_GPIO_EXTI_Callback
 .text.HAL_GPIO_EXTI_IRQHandler
                0x0800072c       0x18 Drivers/STM32F4xx_HAL_Driver/Src/stm32f4xx_hal_gpio.o
                0x0800072c                HAL_GPIO_EXTI_IRQHandler
 .text.I2C_Master_SB
                0x08000744       0x84 Drivers/STM32F4xx_HAL_Driver/Src/stm32f4xx_hal_i2c.o
 .text.I2C_Master_ADD10
                0x080007c8        0xc Drivers/STM32F4xx_HAL_Driver/Src/stm32f4xx_hal_i2c.o
 .text.I2C_Master_ADDR
                0x080007d4      0x1cc Drivers/STM32F4xx_HAL_Driver/Src/stm32f4xx_hal_i2c.o
 .text.I2C_SlaveTransmit_BTF
                0x080009a0       0x20 Drivers/STM32F4xx_HAL_Driver/Src/stm32f4xx_hal_i2c.o
 .text.I2C_SlaveReceive_BTF
                0x080009c0       0x20 Drivers/STM32F4xx_HAL_Driver/Src/stm32f4xx_hal_i2c.o
 .text.I2C_IsAcknowledgeFailed
                0x080009e0       0x2c Drivers/STM32F4xx_HAL_Driver/Src/stm32f4xx_hal_i2c.o
 .text.I2C_WaitOnFlagUntilTimeout
                0x08000a0c       0x68 Drivers/STM32F4xx_HAL_Driver/Src/stm32f4xx_hal_i2c.o
 .text.I2C_WaitOnMasterAddressFlagUntilTimeout
                0x08000a74       0x94 Drivers/STM32F4xx_HAL_Driver/Src/stm32f4xx_hal_i2c.o
 .text.I2C_WaitOnTXEFlagUntilTimeout
                0x08000b08       0x50 Drivers/STM32F4xx_HAL_Driver/Src/stm32f4xx_hal_i2c.o
 .text.I2C_RequestMemoryWrite
                0x08000b58       0xd4 Drivers/STM32F4xx_HAL_Driver/Src/stm32f4xx_hal_i2c.o
 .text.I2C_RequestMemoryRead
                0x08000c2c      0x148 Drivers/STM32F4xx_HAL_Driver/Src/stm32f4xx_hal_i2c.o
 .text.I2C_WaitOnBTFFlagUntilTimeout
                0x08000d74       0x50 Drivers/STM32F4xx_HAL_Driver/Src/stm32f4xx_hal_i2c.o
 .text.I2C_WaitOnRXNEFlagUntilTimeout
                0x08000dc4       0x60 Drivers/STM32F4xx_HAL_Driver/Src/stm32f4xx_hal_i2c.o
 .text.HAL_I2C_Init
                0x08000e24      0x11c Drivers/STM32F4xx_HAL_Driver/Src/stm32f4xx_hal_i2c.o
                0x08000e24                HAL_I2C_Init
 .text.HAL_I2C_DeInit
                0x08000f40       0x34 Drivers/STM32F4xx_HAL_Driver/Src/stm32f4xx_hal_i2c.o
                0x08000f40                HAL_I2C_DeInit
 .text.HAL_I2C_Mem_Write
                0x08000f74      0x17c Drivers/STM32F4xx_HAL_Driver/Src/stm32f4xx_hal_i2c.o
                0x08000f74                HAL_I2C_Mem_Write
 .text.HAL_I2C_Mem_Read
                0x080010f0      0x300 Drivers/STM32F4xx_HAL_Driver/Src/stm32f4xx_hal_i2c.o
                0x080010f0                HAL_I2C_Mem_Read
 .text.HAL_I2C_MasterTxCpltCallback
                0x080013f0        0x4 Drivers/STM32F4xx_HAL_Driver/Src/stm32f4xx_hal_i2c.o
                0x080013f0                HAL_I2C_MasterTxCpltCallback
 .text.HAL_I2C_MasterRxCpltCallback
                0x080013f4        0x4 Drivers/STM32F4xx_HAL_Driver/Src/stm32f4xx_hal_i2c.o
                0x080013f4                HAL_I2C_MasterRxCpltCallback
 .text.HAL_I2C_SlaveTxCpltCallback
                0x080013f8        0x4 Drivers/STM32F4xx_HAL_Driver/Src/stm32f4xx_hal_i2c.o
                0x080013f8                HAL_I2C_SlaveTxCpltCallback
 .text.I2C_SlaveTransmit_TXE
                0x080013fc       0x50 Drivers/STM32F4xx_HAL_Driver/Src/stm32f4xx_hal_i2c.o
 .text.HAL_I2C_SlaveRxCpltCallback
                0x0800144c        0x4 Drivers/STM32F4xx_HAL_Driver/Src/stm32f4xx_hal_i2c.o
                0x0800144c                HAL_I2C_SlaveRxCpltCallback
 .text.I2C_SlaveReceive_RXNE
                0x08001450       0x4c Drivers/STM32F4xx_HAL_Driver/Src/stm32f4xx_hal_i2c.o
 .text.HAL_I2C_AddrCallback
                0x0800149c        0x4 Drivers/STM32F4xx_HAL_Driver/Src/stm32f4xx_hal_i2c.o
                0x0800149c                HAL_I2C_AddrCallback
 .text.I2C_Slave_ADDR
                0x080014a0       0x28 Drivers/STM32F4xx_HAL_Driver/Src/stm32f4xx_hal_i2c.o
 .text.HAL_I2C_ListenCpltCallback
                0x080014c8        0x4 Drivers/STM32F4xx_HAL_Driver/Src/stm32f4xx_hal_i2c.o
                0x080014c8                HAL_I2C_ListenCpltCallback
 .text.I2C_Slave_AF
                0x080014cc       0x94 Drivers/STM32F4xx_HAL_Driver/Src/stm32f4xx_hal_i2c.o
 .text.HAL_I2C_MemTxCpltCallback
                0x08001560        0x4 Drivers/STM32F4xx_HAL_Driver/Src/stm32f4xx_hal_i2c.o
                0x08001560                HAL_I2C_MemTxCpltCallback
 .text.I2C_MasterTransmit_TXE
                0x08001564      0x14c Drivers/STM32F4xx_HAL_Driver/Src/stm32f4xx_hal_i2c.o
 .text.I2C_MasterTransmit_BTF
                0x080016b0       0x9c Drivers/STM32F4xx_HAL_Driver/Src/stm32f4xx_hal_i2c.o
 .text.HAL_I2C_MemRxCpltCallback
                0x0800174c        0x4 Drivers/STM32F4xx_HAL_Driver/Src/stm32f4xx_hal_i2c.o
                0x0800174c                HAL_I2C_MemRxCpltCallback
 .text.I2C_MasterReceive_RXNE
                0x08001750       0xbc Drivers/STM32F4xx_HAL_Driver/Src/stm32f4xx_hal_i2c.o
 .text.I2C_MasterReceive_BTF
                0x0800180c       0xf4 Drivers/STM32F4xx_HAL_Driver/Src/stm32f4xx_hal_i2c.o
 .text.HAL_I2C_ErrorCallback
                0x08001900        0x4 Drivers/STM32F4xx_HAL_Driver/Src/stm32f4xx_hal_i2c.o
                0x08001900                HAL_I2C_ErrorCallback
 .text.HAL_I2C_AbortCpltCallback
                0x08001904        0x4 Drivers/STM32F4xx_HAL_Driver/Src/stm32f4xx_hal_i2c.o
                0x08001904                HAL_I2C_AbortCpltCallback
 .text.I2C_ITError
                0x08001908      0x14c Drivers/STM32F4xx_HAL_Driver/Src/stm32f4xx_hal_i2c.o
 .text.I2C_Slave_STOPF
                0x08001a54      0x104 Drivers/STM32F4xx_HAL_Driver/Src/stm32f4xx_hal_i2c.o
 .text.HAL_I2C_EV_IRQHandler
                0x08001b58      0x160 Drivers/STM32F4xx_HAL_Driver/Src/stm32f4xx_hal_i2c.o
                0x08001b58                HAL_I2C_EV_IRQHandler
 .text.HAL_I2C_ER_IRQHandler
                0x08001cb8       0xcc Drivers/STM32F4xx_HAL_Driver/Src/stm32f4xx_hal_i2c.o
                0x08001cb8                HAL_I2C_ER_IRQHandler
 .text.I2C_DMAAbort
                0x08001d84       0x60 Drivers/STM32F4xx_HAL_Driver/Src/stm32f4xx_hal_i2c.o
 .text.HAL_I2C_GetState
                0x08001de4        0x8 Drivers/STM32F4xx_HAL_Driver/Src/stm32f4xx_hal_i2c.o
                0x08001de4                HAL_I2C_GetState
 .text.HAL_RCC_OscConfig
                0x08001dec      0x3c8 Drivers/STM32F4xx_HAL_Driver/Src/stm32f4xx_hal_rcc.o
                0x08001dec                HAL_RCC_OscConfig
 .text.HAL_RCC_GetSysClockFreq
                0x080021b4       0xa4 Drivers/STM32F4xx_HAL_Driver/Src/stm32f4xx_hal_rcc.o
                0x080021b4                HAL_RCC_GetSysClockFreq
 .text.HAL_RCC_ClockConfig
                0x08002258      0x1b0 Drivers/STM32F4xx_HAL_Driver/Src/stm32f4xx_hal_rcc.o
                0x08002258                HAL_RCC_ClockConfig
 .text.HAL_RCC_GetHCLKFreq
                0x08002408        0xc Drivers/STM32F4xx_HAL_Driver/Src/stm32f4xx_hal_rcc.o
                0x08002408                HAL_RCC_GetHCLKFreq
 .text.HAL_RCC_GetPCLK1Freq
                0x08002414       0x30 Drivers/STM32F4xx_HAL_Driver/Src/stm32f4xx_hal_rcc.o
                0x08002414                HAL_RCC_GetPCLK1Freq
 .text.HAL_RCC_GetPCLK2Freq
                0x08002444       0x30 Drivers/STM32F4xx_HAL_Driver/Src/stm32f4xx_hal_rcc.o
                0x08002444                HAL_RCC_GetPCLK2Freq
 .text.HAL_RCCEx_PeriphCLKConfig
                0x08002474      0x18c Drivers/STM32F4xx_HAL_Driver/Src/stm32f4xx_hal_rcc_ex.o
                0x08002474                HAL_RCCEx_PeriphCLKConfig
 .text.HAL_RTC_WaitForSynchro
                0x08002600       0x34 Drivers/STM32F4xx_HAL_Driver/Src/stm32f4xx_hal_rtc.o
                0x08002600                HAL_RTC_WaitForSynchro
 .text.RTC_EnterInitMode
                0x08002634       0x40 Drivers/STM32F4xx_HAL_Driver/Src/stm32f4xx_hal_rtc.o
                0x08002634                RTC_EnterInitMode
 .text.HAL_RTC_Init
                0x08002674       0xa8 Drivers/STM32F4xx_HAL_Driver/Src/stm32f4xx_hal_rtc.o
                0x08002674                HAL_RTC_Init
 .text.RTC_ByteToBcd2
                0x0800271c       0x18 Drivers/STM32F4xx_HAL_Driver/Src/stm32f4xx_hal_rtc.o
                0x0800271c                RTC_ByteToBcd2
 .text.HAL_RTC_SetTime
                0x08002734       0xf8 Drivers/STM32F4xx_HAL_Driver/Src/stm32f4xx_hal_rtc.o
                0x08002734                HAL_RTC_SetTime
 .text.HAL_RTC_SetDate
                0x0800282c       0xd8 Drivers/STM32F4xx_HAL_Driver/Src/stm32f4xx_hal_rtc.o
                0x0800282c                HAL_RTC_SetDate
 .text.HAL_RTCEx_BKUPWrite
                0x08002904        0xc Drivers/STM32F4xx_HAL_Driver/Src/stm32f4xx_hal_rtc_ex.o
                0x08002904                HAL_RTCEx_BKUPWrite
 .text.HAL_RTCEx_BKUPRead
                0x08002910        0xc Drivers/STM32F4xx_HAL_Driver/Src/stm32f4xx_hal_rtc_ex.o
                0x08002910                HAL_RTCEx_BKUPRead
 .text.UART_SetConfig
                0x0800291c      0x32c Drivers/STM32F4xx_HAL_Driver/Src/stm32f4xx_hal_uart.o
 .text.UART_WaitOnFlagUntilTimeout
                0x08002c48       0x68 Drivers/STM32F4xx_HAL_Driver/Src/stm32f4xx_hal_uart.o
 .text.HAL_UART_Init
                0x08002cb0       0x64 Drivers/STM32F4xx_HAL_Driver/Src/stm32f4xx_hal_uart.o
                0x08002cb0                HAL_UART_Init
 .text.HAL_UART_Transmit
                0x08002d14       0xe4 Drivers/STM32F4xx_HAL_Driver/Src/stm32f4xx_hal_uart.o
                0x08002d14                HAL_UART_Transmit
 .text.MX_GPIO_Init
                0x08002df8       0xb0 Src/gpio.o
                0x08002df8                MX_GPIO_Init
 .text.MX_I2C3_Init
                0x08002ea8       0x3c Src/i2c.o
                0x08002ea8                MX_I2C3_Init
 .text.HAL_I2C_MspInit
                0x08002ee4       0x94 Src/i2c.o
                0x08002ee4                HAL_I2C_MspInit
 .text.HAL_I2C_MspDeInit
                0x08002f78       0x48 Src/i2c.o
                0x08002f78                HAL_I2C_MspDeInit
 .text._ZN13StdDataStruct21CircularBufferElementC2ERKS0_
                0x08002fc0       0x20 Src/main.o
                0x08002fc0                StdDataStruct::CircularBufferElement::CircularBufferElement(StdDataStruct::CircularBufferElement const&)
                0x08002fc0                StdDataStruct::CircularBufferElement::CircularBufferElement(StdDataStruct::CircularBufferElement const&)
 .text._ZN13StdDataStruct21CircularBufferElementC2Ev
                0x08002fe0       0x1c Src/main.o
                0x08002fe0                StdDataStruct::CircularBufferElement::CircularBufferElement()
                0x08002fe0                StdDataStruct::CircularBufferElement::CircularBufferElement()
 .text._ZN13StdDataStruct21CircularBufferElementC2Em
                0x08002ffc       0x20 Src/main.o
                0x08002ffc                StdDataStruct::CircularBufferElement::CircularBufferElement(unsigned long)
                0x08002ffc                StdDataStruct::CircularBufferElement::CircularBufferElement(unsigned long)
 .text._ZN13StdDataStruct23SensorAxesBufferElementC2Ev
                0x0800301c       0x24 Src/main.o
                0x0800301c                StdDataStruct::SensorAxesBufferElement::SensorAxesBufferElement()
                0x0800301c                StdDataStruct::SensorAxesBufferElement::SensorAxesBufferElement()
 .text._ZN13StdDataStruct23SensorAxesBufferElementC2E12SensorAxes_tm
                0x08003040       0x30 Src/main.o
                0x08003040                StdDataStruct::SensorAxesBufferElement::SensorAxesBufferElement(SensorAxes_t, unsigned long)
                0x08003040                StdDataStruct::SensorAxesBufferElement::SensorAxesBufferElement(SensorAxes_t, unsigned long)
 .text.main     0x08003070      0x158 Src/main.o
                0x08003070                main
 .text._Z18SystemClock_Configv
                0x080031c8      0x124 Src/main.o
                0x080031c8                SystemClock_Config()
 .text.Error_Handler
                0x080032ec        0x8 Src/main.o
                0x080032ec                Error_Handler
 .text._ZN13StdDataStruct14CircularBufferINS_21CircularBufferElementEEC2EPS1_i
                0x080032f4       0x4c Src/main.o
                0x080032f4                StdDataStruct::CircularBuffer<StdDataStruct::CircularBufferElement>::CircularBuffer(StdDataStruct::CircularBufferElement*, int)
                0x080032f4                StdDataStruct::CircularBuffer<StdDataStruct::CircularBufferElement>::CircularBuffer(StdDataStruct::CircularBufferElement*, int)
 .text._ZN13StdDataStruct14CircularBufferINS_21CircularBufferElementEE4pushES1_
                0x08003340       0x70 Src/main.o
                0x08003340                StdDataStruct::CircularBuffer<StdDataStruct::CircularBufferElement>::push(StdDataStruct::CircularBufferElement)
 .text._ZN13StdDataStruct14CircularBufferINS_23SensorAxesBufferElementEEC2EPS1_i
                0x080033b0       0x4c Src/main.o
                0x080033b0                StdDataStruct::CircularBuffer<StdDataStruct::SensorAxesBufferElement>::CircularBuffer(StdDataStruct::SensorAxesBufferElement*, int)
                0x080033b0                StdDataStruct::CircularBuffer<StdDataStruct::SensorAxesBufferElement>::CircularBuffer(StdDataStruct::SensorAxesBufferElement*, int)
 .text._ZN13StdDataStruct14CircularBufferINS_23SensorAxesBufferElementEE4pushES1_
                0x080033fc       0x74 Src/main.o
                0x080033fc                StdDataStruct::CircularBuffer<StdDataStruct::SensorAxesBufferElement>::push(StdDataStruct::SensorAxesBufferElement)
 .text._ZNK13StdDataStruct14CircularBufferINS_21CircularBufferElementEE12validateTypeERS1_
                0x08003470       0x18 Src/main.o
                0x08003470                StdDataStruct::CircularBuffer<StdDataStruct::CircularBufferElement>::validateType(StdDataStruct::CircularBufferElement&) const
 .text._ZNK13StdDataStruct14CircularBufferINS_21CircularBufferElementEE4fullEv
                0x08003488       0x28 Src/main.o
                0x08003488                StdDataStruct::CircularBuffer<StdDataStruct::CircularBufferElement>::full() const
 .text._ZNK13StdDataStruct14CircularBufferINS_23SensorAxesBufferElementEE12validateTypeERNS_21CircularBufferElementE
                0x080034b0       0x18 Src/main.o
                0x080034b0                StdDataStruct::CircularBuffer<StdDataStruct::SensorAxesBufferElement>::validateType(StdDataStruct::CircularBufferElement&) const
 .text._ZNK13StdDataStruct14CircularBufferINS_23SensorAxesBufferElementEE4fullEv
                0x080034c8       0x28 Src/main.o
                0x080034c8                StdDataStruct::CircularBuffer<StdDataStruct::SensorAxesBufferElement>::full() const
 .text._Z41__static_initialization_and_destruction_0ii
                0x080034f0       0x5c Src/main.o
 .text._GLOBAL__sub_I_main
                0x0800354c       0x10 Src/main.o
 .text.MX_RTC_Init
                0x0800355c       0x94 Src/rtc.o
                0x0800355c                MX_RTC_Init
 .text.HAL_RTC_MspInit
                0x080035f0       0x18 Src/rtc.o
                0x080035f0                HAL_RTC_MspInit
 .text.HAL_MspInit
                0x08003608       0x60 Src/stm32f4xx_hal_msp.o
                0x08003608                HAL_MspInit
 .text.SysTick_Handler
                0x08003668        0xc Src/stm32f4xx_it.o
                0x08003668                SysTick_Handler
 .text.EXTI15_10_IRQHandler
                0x08003674        0xc Src/stm32f4xx_it.o
                0x08003674                EXTI15_10_IRQHandler
 .text.I2C3_EV_IRQHandler
                0x08003680       0x10 Src/stm32f4xx_it.o
                0x08003680                I2C3_EV_IRQHandler
 .text.I2C3_ER_IRQHandler
                0x08003690       0x10 Src/stm32f4xx_it.o
                0x08003690                I2C3_ER_IRQHandler
 .text.SystemInit
                0x080036a0       0x4c Src/system_stm32f4xx.o
                0x080036a0                SystemInit
 .text.MX_USART2_UART_Init
                0x080036ec       0x34 Src/usart.o
                0x080036ec                MX_USART2_UART_Init
 .text.HAL_UART_MspInit
                0x08003720       0x50 Src/usart.o
                0x08003720                HAL_UART_MspInit
 .text.LSM6DS0_ACC_GYRO_WriteReg
                0x08003770       0x10 hardware/iks01a1/drivers/BSP/Components/lsm6ds0/LSM6DS0_ACC_GYRO_driver.o
                0x08003770                LSM6DS0_ACC_GYRO_WriteReg
 .text.LSM6DS0_ACC_GYRO_ReadReg
                0x08003780       0x10 hardware/iks01a1/drivers/BSP/Components/lsm6ds0/LSM6DS0_ACC_GYRO_driver.o
                0x08003780                LSM6DS0_ACC_GYRO_ReadReg
 .text.LSM6DS0_ACC_GYRO_R_WHO_AM_I_
                0x08003790       0x18 hardware/iks01a1/drivers/BSP/Components/lsm6ds0/LSM6DS0_ACC_GYRO_driver.o
                0x08003790                LSM6DS0_ACC_GYRO_R_WHO_AM_I_
 .text.LSM6DS0_ACC_GYRO_W_GyroFullScale
                0x080037a8       0x40 hardware/iks01a1/drivers/BSP/Components/lsm6ds0/LSM6DS0_ACC_GYRO_driver.o
                0x080037a8                LSM6DS0_ACC_GYRO_W_GyroFullScale
 .text.LSM6DS0_ACC_GYRO_R_GyroFullScale
                0x080037e8       0x20 hardware/iks01a1/drivers/BSP/Components/lsm6ds0/LSM6DS0_ACC_GYRO_driver.o
                0x080037e8                LSM6DS0_ACC_GYRO_R_GyroFullScale
 .text.LSM6DS0_ACC_GYRO_W_GyroDataRate
                0x08003808       0x40 hardware/iks01a1/drivers/BSP/Components/lsm6ds0/LSM6DS0_ACC_GYRO_driver.o
                0x08003808                LSM6DS0_ACC_GYRO_W_GyroDataRate
 .text.LSM6DS0_ACC_GYRO_R_GyroDataRate
                0x08003848       0x20 hardware/iks01a1/drivers/BSP/Components/lsm6ds0/LSM6DS0_ACC_GYRO_driver.o
                0x08003848                LSM6DS0_ACC_GYRO_R_GyroDataRate
 .text.LSM6DS0_ACC_GYRO_W_AccelerometerFullScale
                0x08003868       0x40 hardware/iks01a1/drivers/BSP/Components/lsm6ds0/LSM6DS0_ACC_GYRO_driver.o
                0x08003868                LSM6DS0_ACC_GYRO_W_AccelerometerFullScale
 .text.LSM6DS0_ACC_GYRO_R_AccelerometerFullScale
                0x080038a8       0x20 hardware/iks01a1/drivers/BSP/Components/lsm6ds0/LSM6DS0_ACC_GYRO_driver.o
                0x080038a8                LSM6DS0_ACC_GYRO_R_AccelerometerFullScale
 .text.LSM6DS0_ACC_GYRO_W_AccelerometerDataRate
                0x080038c8       0x40 hardware/iks01a1/drivers/BSP/Components/lsm6ds0/LSM6DS0_ACC_GYRO_driver.o
                0x080038c8                LSM6DS0_ACC_GYRO_W_AccelerometerDataRate
 .text.LSM6DS0_ACC_GYRO_R_AccelerometerDataRate
                0x08003908       0x20 hardware/iks01a1/drivers/BSP/Components/lsm6ds0/LSM6DS0_ACC_GYRO_driver.o
                0x08003908                LSM6DS0_ACC_GYRO_R_AccelerometerDataRate
 .text.LSM6DS0_ACC_GYRO_W_BlockDataUpdate
                0x08003928       0x40 hardware/iks01a1/drivers/BSP/Components/lsm6ds0/LSM6DS0_ACC_GYRO_driver.o
                0x08003928                LSM6DS0_ACC_GYRO_W_BlockDataUpdate
 .text.LSM6DS0_ACC_GYRO_Get_AngularRate
                0x08003968       0x4c hardware/iks01a1/drivers/BSP/Components/lsm6ds0/LSM6DS0_ACC_GYRO_driver.o
                0x08003968                LSM6DS0_ACC_GYRO_Get_AngularRate
 .text.LSM6DS0_ACC_GYRO_Get_Acceleration
                0x080039b4       0x4c hardware/iks01a1/drivers/BSP/Components/lsm6ds0/LSM6DS0_ACC_GYRO_driver.o
                0x080039b4                LSM6DS0_ACC_GYRO_Get_Acceleration
 .text.LSM6DS0_ACC_GYRO_R_AccelerometerDataReadyFlag
                0x08003a00       0x20 hardware/iks01a1/drivers/BSP/Components/lsm6ds0/LSM6DS0_ACC_GYRO_driver.o
                0x08003a00                LSM6DS0_ACC_GYRO_R_AccelerometerDataReadyFlag
 .text.LSM6DS0_ACC_GYRO_R_GyroDataReadyFlag
                0x08003a20       0x20 hardware/iks01a1/drivers/BSP/Components/lsm6ds0/LSM6DS0_ACC_GYRO_driver.o
                0x08003a20                LSM6DS0_ACC_GYRO_R_GyroDataReadyFlag
 .text.LSM6DS0_ACC_GYRO_W_GyroAxisX
                0x08003a40       0x40 hardware/iks01a1/drivers/BSP/Components/lsm6ds0/LSM6DS0_ACC_GYRO_driver.o
                0x08003a40                LSM6DS0_ACC_GYRO_W_GyroAxisX
 .text.LSM6DS0_ACC_GYRO_R_GyroAxisX
                0x08003a80       0x20 hardware/iks01a1/drivers/BSP/Components/lsm6ds0/LSM6DS0_ACC_GYRO_driver.o
                0x08003a80                LSM6DS0_ACC_GYRO_R_GyroAxisX
 .text.LSM6DS0_ACC_GYRO_W_GyroAxisY
                0x08003aa0       0x40 hardware/iks01a1/drivers/BSP/Components/lsm6ds0/LSM6DS0_ACC_GYRO_driver.o
                0x08003aa0                LSM6DS0_ACC_GYRO_W_GyroAxisY
 .text.LSM6DS0_ACC_GYRO_R_GyroAxisY
                0x08003ae0       0x20 hardware/iks01a1/drivers/BSP/Components/lsm6ds0/LSM6DS0_ACC_GYRO_driver.o
                0x08003ae0                LSM6DS0_ACC_GYRO_R_GyroAxisY
 .text.LSM6DS0_ACC_GYRO_W_GyroAxisZ
                0x08003b00       0x40 hardware/iks01a1/drivers/BSP/Components/lsm6ds0/LSM6DS0_ACC_GYRO_driver.o
                0x08003b00                LSM6DS0_ACC_GYRO_W_GyroAxisZ
 .text.LSM6DS0_ACC_GYRO_R_GyroAxisZ
                0x08003b40       0x20 hardware/iks01a1/drivers/BSP/Components/lsm6ds0/LSM6DS0_ACC_GYRO_driver.o
                0x08003b40                LSM6DS0_ACC_GYRO_R_GyroAxisZ
 .text.LSM6DS0_ACC_GYRO_W_AccelerometerAxisX
                0x08003b60       0x40 hardware/iks01a1/drivers/BSP/Components/lsm6ds0/LSM6DS0_ACC_GYRO_driver.o
                0x08003b60                LSM6DS0_ACC_GYRO_W_AccelerometerAxisX
 .text.LSM6DS0_ACC_GYRO_R_AccelerometerAxisX
                0x08003ba0       0x20 hardware/iks01a1/drivers/BSP/Components/lsm6ds0/LSM6DS0_ACC_GYRO_driver.o
                0x08003ba0                LSM6DS0_ACC_GYRO_R_AccelerometerAxisX
 .text.LSM6DS0_ACC_GYRO_W_AccelerometerAxisY
                0x08003bc0       0x40 hardware/iks01a1/drivers/BSP/Components/lsm6ds0/LSM6DS0_ACC_GYRO_driver.o
                0x08003bc0                LSM6DS0_ACC_GYRO_W_AccelerometerAxisY
 .text.LSM6DS0_ACC_GYRO_R_AccelerometerAxisY
                0x08003c00       0x20 hardware/iks01a1/drivers/BSP/Components/lsm6ds0/LSM6DS0_ACC_GYRO_driver.o
                0x08003c00                LSM6DS0_ACC_GYRO_R_AccelerometerAxisY
 .text.LSM6DS0_ACC_GYRO_W_AccelerometerAxisZ
                0x08003c20       0x40 hardware/iks01a1/drivers/BSP/Components/lsm6ds0/LSM6DS0_ACC_GYRO_driver.o
                0x08003c20                LSM6DS0_ACC_GYRO_W_AccelerometerAxisZ
 .text.LSM6DS0_ACC_GYRO_R_AccelerometerAxisZ
                0x08003c60       0x20 hardware/iks01a1/drivers/BSP/Components/lsm6ds0/LSM6DS0_ACC_GYRO_driver.o
                0x08003c60                LSM6DS0_ACC_GYRO_R_AccelerometerAxisZ
 .text.LSM6DS0_ACC_GYRO_W_AutoIndexOnMultiAccess
                0x08003c80       0x40 hardware/iks01a1/drivers/BSP/Components/lsm6ds0/LSM6DS0_ACC_GYRO_driver.o
                0x08003c80                LSM6DS0_ACC_GYRO_W_AutoIndexOnMultiAccess
 .text.LSM6DS0_X_Set_ODR_When_Disabled
                0x08003cc0       0x4c hardware/iks01a1/drivers/BSP/Components/lsm6ds0/LSM6DS0_ACC_GYRO_driver_HL.o
 .text.LSM6DS0_X_Set_ODR_Value_When_Disabled
                0x08003d0c       0x8c hardware/iks01a1/drivers/BSP/Components/lsm6ds0/LSM6DS0_ACC_GYRO_driver_HL.o
 .text.LSM6DS0_G_Set_ODR_When_Disabled
                0x08003d98       0x60 hardware/iks01a1/drivers/BSP/Components/lsm6ds0/LSM6DS0_ACC_GYRO_driver_HL.o
 .text.LSM6DS0_G_Set_ODR_Value_When_Disabled
                0x08003df8       0xf0 hardware/iks01a1/drivers/BSP/Components/lsm6ds0/LSM6DS0_ACC_GYRO_driver_HL.o
 .text.LSM6DS0_X_Get_DRDY_Status
                0x08003ee8       0x30 hardware/iks01a1/drivers/BSP/Components/lsm6ds0/LSM6DS0_ACC_GYRO_driver_HL.o
 .text.LSM6DS0_Write_Reg
                0x08003f18       0x20 hardware/iks01a1/drivers/BSP/Components/lsm6ds0/LSM6DS0_ACC_GYRO_driver_HL.o
 .text.LSM6DS0_X_Write_Reg
                0x08003f38       0x10 hardware/iks01a1/drivers/BSP/Components/lsm6ds0/LSM6DS0_ACC_GYRO_driver_HL.o
 .text.LSM6DS0_G_Write_Reg
                0x08003f48       0x10 hardware/iks01a1/drivers/BSP/Components/lsm6ds0/LSM6DS0_ACC_GYRO_driver_HL.o
 .text.LSM6DS0_Read_Reg
                0x08003f58       0x14 hardware/iks01a1/drivers/BSP/Components/lsm6ds0/LSM6DS0_ACC_GYRO_driver_HL.o
 .text.LSM6DS0_X_Read_Reg
                0x08003f6c       0x10 hardware/iks01a1/drivers/BSP/Components/lsm6ds0/LSM6DS0_ACC_GYRO_driver_HL.o
 .text.LSM6DS0_G_Read_Reg
                0x08003f7c       0x10 hardware/iks01a1/drivers/BSP/Components/lsm6ds0/LSM6DS0_ACC_GYRO_driver_HL.o
 .text.LSM6DS0_X_Set_Axes_Status
                0x08003f8c       0x54 hardware/iks01a1/drivers/BSP/Components/lsm6ds0/LSM6DS0_ACC_GYRO_driver_HL.o
 .text.LSM6DS0_X_Get_Axes_Status
                0x08003fe0       0x68 hardware/iks01a1/drivers/BSP/Components/lsm6ds0/LSM6DS0_ACC_GYRO_driver_HL.o
 .text.LSM6DS0_X_Set_FS_Value
                0x08004048       0x48 hardware/iks01a1/drivers/BSP/Components/lsm6ds0/LSM6DS0_ACC_GYRO_driver_HL.o
 .text.LSM6DS0_X_Set_FS
                0x08004090       0x28 hardware/iks01a1/drivers/BSP/Components/lsm6ds0/LSM6DS0_ACC_GYRO_driver_HL.o
 .text.LSM6DS0_X_Get_FS
                0x080040b8       0x70 hardware/iks01a1/drivers/BSP/Components/lsm6ds0/LSM6DS0_ACC_GYRO_driver_HL.o
 .text.LSM6DS0_X_Get_Sensitivity
                0x08004128       0x78 hardware/iks01a1/drivers/BSP/Components/lsm6ds0/LSM6DS0_ACC_GYRO_driver_HL.o
 .text.LSM6DS0_X_Set_ODR_Value_When_Enabled
                0x080041a0       0x7c hardware/iks01a1/drivers/BSP/Components/lsm6ds0/LSM6DS0_ACC_GYRO_driver_HL.o
 .text.LSM6DS0_X_Set_ODR_Value
                0x0800421c       0x24 hardware/iks01a1/drivers/BSP/Components/lsm6ds0/LSM6DS0_ACC_GYRO_driver_HL.o
 .text.LSM6DS0_X_Sensor_Enable
                0x08004240       0x28 hardware/iks01a1/drivers/BSP/Components/lsm6ds0/LSM6DS0_ACC_GYRO_driver_HL.o
 .text.LSM6DS0_X_Set_ODR_When_Enabled
                0x08004268       0x2c hardware/iks01a1/drivers/BSP/Components/lsm6ds0/LSM6DS0_ACC_GYRO_driver_HL.o
 .text.LSM6DS0_X_Set_ODR
                0x08004294       0x24 hardware/iks01a1/drivers/BSP/Components/lsm6ds0/LSM6DS0_ACC_GYRO_driver_HL.o
 .text.LSM6DS0_X_Get_ODR
                0x080042b8       0xac hardware/iks01a1/drivers/BSP/Components/lsm6ds0/LSM6DS0_ACC_GYRO_driver_HL.o
 .text.LSM6DS0_X_Sensor_Disable
                0x08004364       0x2c hardware/iks01a1/drivers/BSP/Components/lsm6ds0/LSM6DS0_ACC_GYRO_driver_HL.o
 .text.LSM6DS0_X_Get_Axes_Raw
                0x08004390       0x4c hardware/iks01a1/drivers/BSP/Components/lsm6ds0/LSM6DS0_ACC_GYRO_driver_HL.o
 .text.LSM6DS0_X_Get_AxesRaw
                0x080043dc       0x28 hardware/iks01a1/drivers/BSP/Components/lsm6ds0/LSM6DS0_ACC_GYRO_driver_HL.o
 .text.LSM6DS0_X_Get_Axes
                0x08004404       0x74 hardware/iks01a1/drivers/BSP/Components/lsm6ds0/LSM6DS0_ACC_GYRO_driver_HL.o
 .text.LSM6DS0_Get_WhoAmI
                0x08004478       0x10 hardware/iks01a1/drivers/BSP/Components/lsm6ds0/LSM6DS0_ACC_GYRO_driver_HL.o
 .text.LSM6DS0_Check_WhoAmI
                0x08004488       0x2c hardware/iks01a1/drivers/BSP/Components/lsm6ds0/LSM6DS0_ACC_GYRO_driver_HL.o
 .text.LSM6DS0_X_Check_WhoAmI
                0x080044b4        0x8 hardware/iks01a1/drivers/BSP/Components/lsm6ds0/LSM6DS0_ACC_GYRO_driver_HL.o
 .text.LSM6DS0_X_DeInit
                0x080044bc       0x24 hardware/iks01a1/drivers/BSP/Components/lsm6ds0/LSM6DS0_ACC_GYRO_driver_HL.o
 .text.LSM6DS0_G_Check_WhoAmI
                0x080044e0        0x8 hardware/iks01a1/drivers/BSP/Components/lsm6ds0/LSM6DS0_ACC_GYRO_driver_HL.o
 .text.LSM6DS0_X_Get_WhoAmI
                0x080044e8        0x8 hardware/iks01a1/drivers/BSP/Components/lsm6ds0/LSM6DS0_ACC_GYRO_driver_HL.o
 .text.LSM6DS0_G_Get_WhoAmI
                0x080044f0        0x8 hardware/iks01a1/drivers/BSP/Components/lsm6ds0/LSM6DS0_ACC_GYRO_driver_HL.o
 .text.LSM6DS0_X_Init
                0x080044f8       0x78 hardware/iks01a1/drivers/BSP/Components/lsm6ds0/LSM6DS0_ACC_GYRO_driver_HL.o
 .text.LSM6DS0_G_Get_DRDY_Status
                0x08004570       0x34 hardware/iks01a1/drivers/BSP/Components/lsm6ds0/LSM6DS0_ACC_GYRO_driver_HL.o
 .text.LSM6DS0_G_Set_Axes_Status
                0x080045a4       0x54 hardware/iks01a1/drivers/BSP/Components/lsm6ds0/LSM6DS0_ACC_GYRO_driver_HL.o
 .text.LSM6DS0_G_Get_Axes_Status
                0x080045f8       0x68 hardware/iks01a1/drivers/BSP/Components/lsm6ds0/LSM6DS0_ACC_GYRO_driver_HL.o
 .text.LSM6DS0_G_Set_FS_Value
                0x08004660       0x40 hardware/iks01a1/drivers/BSP/Components/lsm6ds0/LSM6DS0_ACC_GYRO_driver_HL.o
 .text.LSM6DS0_G_Set_FS
                0x080046a0       0x28 hardware/iks01a1/drivers/BSP/Components/lsm6ds0/LSM6DS0_ACC_GYRO_driver_HL.o
 .text.LSM6DS0_G_Get_FS
                0x080046c8       0x54 hardware/iks01a1/drivers/BSP/Components/lsm6ds0/LSM6DS0_ACC_GYRO_driver_HL.o
 .text.LSM6DS0_G_Get_Sensitivity
                0x0800471c       0x54 hardware/iks01a1/drivers/BSP/Components/lsm6ds0/LSM6DS0_ACC_GYRO_driver_HL.o
 .text.LSM6DS0_G_Init
                0x08004770       0x78 hardware/iks01a1/drivers/BSP/Components/lsm6ds0/LSM6DS0_ACC_GYRO_driver_HL.o
 .text.LSM6DS0_G_Get_ODR
                0x080047e8       0x98 hardware/iks01a1/drivers/BSP/Components/lsm6ds0/LSM6DS0_ACC_GYRO_driver_HL.o
 .text.LSM6DS0_G_Set_ODR_Value_When_Enabled
                0x08004880       0x94 hardware/iks01a1/drivers/BSP/Components/lsm6ds0/LSM6DS0_ACC_GYRO_driver_HL.o
 .text.LSM6DS0_G_Set_ODR_Value
                0x08004914       0x24 hardware/iks01a1/drivers/BSP/Components/lsm6ds0/LSM6DS0_ACC_GYRO_driver_HL.o
 .text.LSM6DS0_G_Sensor_Enable
                0x08004938       0x2c hardware/iks01a1/drivers/BSP/Components/lsm6ds0/LSM6DS0_ACC_GYRO_driver_HL.o
 .text.LSM6DS0_G_Set_ODR_When_Enabled
                0x08004964       0x44 hardware/iks01a1/drivers/BSP/Components/lsm6ds0/LSM6DS0_ACC_GYRO_driver_HL.o
 .text.LSM6DS0_G_Set_ODR
                0x080049a8       0x24 hardware/iks01a1/drivers/BSP/Components/lsm6ds0/LSM6DS0_ACC_GYRO_driver_HL.o
 .text.LSM6DS0_G_Sensor_Disable
                0x080049cc       0x38 hardware/iks01a1/drivers/BSP/Components/lsm6ds0/LSM6DS0_ACC_GYRO_driver_HL.o
 .text.LSM6DS0_G_DeInit
                0x08004a04       0x24 hardware/iks01a1/drivers/BSP/Components/lsm6ds0/LSM6DS0_ACC_GYRO_driver_HL.o
 .text.LSM6DS0_G_Get_Axes_Raw
                0x08004a28       0x4c hardware/iks01a1/drivers/BSP/Components/lsm6ds0/LSM6DS0_ACC_GYRO_driver_HL.o
 .text.LSM6DS0_G_Get_AxesRaw
                0x08004a74       0x28 hardware/iks01a1/drivers/BSP/Components/lsm6ds0/LSM6DS0_ACC_GYRO_driver_HL.o
 .text.LSM6DS0_G_Get_Axes
                0x08004a9c       0x74 hardware/iks01a1/drivers/BSP/Components/lsm6ds0/LSM6DS0_ACC_GYRO_driver_HL.o
 .text.LSM6DS3_ACC_GYRO_WriteReg
                0x08004b10       0x10 hardware/iks01a1/drivers/BSP/Components/lsm6ds3/LSM6DS3_ACC_GYRO_driver.o
                0x08004b10                LSM6DS3_ACC_GYRO_WriteReg
 .text.LSM6DS3_ACC_GYRO_ReadReg
                0x08004b20       0x10 hardware/iks01a1/drivers/BSP/Components/lsm6ds3/LSM6DS3_ACC_GYRO_driver.o
                0x08004b20                LSM6DS3_ACC_GYRO_ReadReg
 .text.LSM6DS3_ACC_GYRO_R_WHO_AM_I
                0x08004b30       0x18 hardware/iks01a1/drivers/BSP/Components/lsm6ds3/LSM6DS3_ACC_GYRO_driver.o
                0x08004b30                LSM6DS3_ACC_GYRO_R_WHO_AM_I
 .text.LSM6DS3_ACC_GYRO_W_BDU
                0x08004b48       0x40 hardware/iks01a1/drivers/BSP/Components/lsm6ds3/LSM6DS3_ACC_GYRO_driver.o
                0x08004b48                LSM6DS3_ACC_GYRO_W_BDU
 .text.LSM6DS3_ACC_GYRO_W_FS_XL
                0x08004b88       0x40 hardware/iks01a1/drivers/BSP/Components/lsm6ds3/LSM6DS3_ACC_GYRO_driver.o
                0x08004b88                LSM6DS3_ACC_GYRO_W_FS_XL
 .text.LSM6DS3_ACC_GYRO_R_FS_XL
                0x08004bc8       0x20 hardware/iks01a1/drivers/BSP/Components/lsm6ds3/LSM6DS3_ACC_GYRO_driver.o
                0x08004bc8                LSM6DS3_ACC_GYRO_R_FS_XL
 .text.LSM6DS3_ACC_GYRO_GetRawAccData
                0x08004be8       0x4c hardware/iks01a1/drivers/BSP/Components/lsm6ds3/LSM6DS3_ACC_GYRO_driver.o
                0x08004be8                LSM6DS3_ACC_GYRO_GetRawAccData
 .text.LSM6DS3_ACC_GYRO_W_ODR_XL
                0x08004c34       0x40 hardware/iks01a1/drivers/BSP/Components/lsm6ds3/LSM6DS3_ACC_GYRO_driver.o
                0x08004c34                LSM6DS3_ACC_GYRO_W_ODR_XL
 .text.LSM6DS3_ACC_GYRO_R_ODR_XL
                0x08004c74       0x20 hardware/iks01a1/drivers/BSP/Components/lsm6ds3/LSM6DS3_ACC_GYRO_driver.o
                0x08004c74                LSM6DS3_ACC_GYRO_R_ODR_XL
 .text.LSM6DS3_ACC_GYRO_W_FS_G
                0x08004c94       0x40 hardware/iks01a1/drivers/BSP/Components/lsm6ds3/LSM6DS3_ACC_GYRO_driver.o
                0x08004c94                LSM6DS3_ACC_GYRO_W_FS_G
 .text.LSM6DS3_ACC_GYRO_R_FS_G
                0x08004cd4       0x20 hardware/iks01a1/drivers/BSP/Components/lsm6ds3/LSM6DS3_ACC_GYRO_driver.o
                0x08004cd4                LSM6DS3_ACC_GYRO_R_FS_G
 .text.LSM6DS3_ACC_GYRO_W_ODR_G
                0x08004cf4       0x40 hardware/iks01a1/drivers/BSP/Components/lsm6ds3/LSM6DS3_ACC_GYRO_driver.o
                0x08004cf4                LSM6DS3_ACC_GYRO_W_ODR_G
 .text.LSM6DS3_ACC_GYRO_R_ODR_G
                0x08004d34       0x20 hardware/iks01a1/drivers/BSP/Components/lsm6ds3/LSM6DS3_ACC_GYRO_driver.o
                0x08004d34                LSM6DS3_ACC_GYRO_R_ODR_G
 .text.LSM6DS3_ACC_GYRO_GetRawGyroData
                0x08004d54       0x4c hardware/iks01a1/drivers/BSP/Components/lsm6ds3/LSM6DS3_ACC_GYRO_driver.o
                0x08004d54                LSM6DS3_ACC_GYRO_GetRawGyroData
 .text.LSM6DS3_ACC_GYRO_W_FS_125
                0x08004da0       0x40 hardware/iks01a1/drivers/BSP/Components/lsm6ds3/LSM6DS3_ACC_GYRO_driver.o
                0x08004da0                LSM6DS3_ACC_GYRO_W_FS_125
 .text.LSM6DS3_ACC_GYRO_R_FS_125
                0x08004de0       0x20 hardware/iks01a1/drivers/BSP/Components/lsm6ds3/LSM6DS3_ACC_GYRO_driver.o
                0x08004de0                LSM6DS3_ACC_GYRO_R_FS_125
 .text.LSM6DS3_ACC_GYRO_W_EmbeddedAccess
                0x08004e00       0x40 hardware/iks01a1/drivers/BSP/Components/lsm6ds3/LSM6DS3_ACC_GYRO_driver.o
                0x08004e00                LSM6DS3_ACC_GYRO_W_EmbeddedAccess
 .text.LSM6DS3_ACC_GYRO_W_FIFO_Watermark
                0x08004e40       0x6c hardware/iks01a1/drivers/BSP/Components/lsm6ds3/LSM6DS3_ACC_GYRO_driver.o
                0x08004e40                LSM6DS3_ACC_GYRO_W_FIFO_Watermark
 .text.LSM6DS3_ACC_GYRO_W_DEC_FIFO_XL
                0x08004eac       0x40 hardware/iks01a1/drivers/BSP/Components/lsm6ds3/LSM6DS3_ACC_GYRO_driver.o
                0x08004eac                LSM6DS3_ACC_GYRO_W_DEC_FIFO_XL
 .text.LSM6DS3_ACC_GYRO_W_DEC_FIFO_G
                0x08004eec       0x40 hardware/iks01a1/drivers/BSP/Components/lsm6ds3/LSM6DS3_ACC_GYRO_driver.o
                0x08004eec                LSM6DS3_ACC_GYRO_W_DEC_FIFO_G
 .text.LSM6DS3_ACC_GYRO_W_FIFO_MODE
                0x08004f2c       0x40 hardware/iks01a1/drivers/BSP/Components/lsm6ds3/LSM6DS3_ACC_GYRO_driver.o
                0x08004f2c                LSM6DS3_ACC_GYRO_W_FIFO_MODE
 .text.LSM6DS3_ACC_GYRO_W_ODR_FIFO
                0x08004f6c       0x40 hardware/iks01a1/drivers/BSP/Components/lsm6ds3/LSM6DS3_ACC_GYRO_driver.o
                0x08004f6c                LSM6DS3_ACC_GYRO_W_ODR_FIFO
 .text.LSM6DS3_ACC_GYRO_W_FSS5_on_INT1
                0x08004fac       0x40 hardware/iks01a1/drivers/BSP/Components/lsm6ds3/LSM6DS3_ACC_GYRO_driver.o
                0x08004fac                LSM6DS3_ACC_GYRO_W_FSS5_on_INT1
 .text.LSM6DS3_ACC_GYRO_W_PEDO_STEP_on_INT1
                0x08004fec       0x40 hardware/iks01a1/drivers/BSP/Components/lsm6ds3/LSM6DS3_ACC_GYRO_driver.o
                0x08004fec                LSM6DS3_ACC_GYRO_W_PEDO_STEP_on_INT1
 .text.LSM6DS3_ACC_GYRO_W_IF_Addr_Incr
                0x0800502c       0x40 hardware/iks01a1/drivers/BSP/Components/lsm6ds3/LSM6DS3_ACC_GYRO_driver.o
                0x0800502c                LSM6DS3_ACC_GYRO_W_IF_Addr_Incr
 .text.LSM6DS3_ACC_GYRO_W_STOP_ON_FTH
                0x0800506c       0x40 hardware/iks01a1/drivers/BSP/Components/lsm6ds3/LSM6DS3_ACC_GYRO_driver.o
                0x0800506c                LSM6DS3_ACC_GYRO_W_STOP_ON_FTH
 .text.LSM6DS3_ACC_GYRO_W_SelfTest_XL
                0x080050ac       0x40 hardware/iks01a1/drivers/BSP/Components/lsm6ds3/LSM6DS3_ACC_GYRO_driver.o
                0x080050ac                LSM6DS3_ACC_GYRO_W_SelfTest_XL
 .text.LSM6DS3_ACC_GYRO_W_SelfTest_G
                0x080050ec       0x40 hardware/iks01a1/drivers/BSP/Components/lsm6ds3/LSM6DS3_ACC_GYRO_driver.o
                0x080050ec                LSM6DS3_ACC_GYRO_W_SelfTest_G
 .text.LSM6DS3_ACC_GYRO_W_XEN_XL
                0x0800512c       0x40 hardware/iks01a1/drivers/BSP/Components/lsm6ds3/LSM6DS3_ACC_GYRO_driver.o
                0x0800512c                LSM6DS3_ACC_GYRO_W_XEN_XL
 .text.LSM6DS3_ACC_GYRO_R_XEN_XL
                0x0800516c       0x20 hardware/iks01a1/drivers/BSP/Components/lsm6ds3/LSM6DS3_ACC_GYRO_driver.o
                0x0800516c                LSM6DS3_ACC_GYRO_R_XEN_XL
 .text.LSM6DS3_ACC_GYRO_W_YEN_XL
                0x0800518c       0x40 hardware/iks01a1/drivers/BSP/Components/lsm6ds3/LSM6DS3_ACC_GYRO_driver.o
                0x0800518c                LSM6DS3_ACC_GYRO_W_YEN_XL
 .text.LSM6DS3_ACC_GYRO_R_YEN_XL
                0x080051cc       0x20 hardware/iks01a1/drivers/BSP/Components/lsm6ds3/LSM6DS3_ACC_GYRO_driver.o
                0x080051cc                LSM6DS3_ACC_GYRO_R_YEN_XL
 .text.LSM6DS3_ACC_GYRO_W_ZEN_XL
                0x080051ec       0x40 hardware/iks01a1/drivers/BSP/Components/lsm6ds3/LSM6DS3_ACC_GYRO_driver.o
                0x080051ec                LSM6DS3_ACC_GYRO_W_ZEN_XL
 .text.LSM6DS3_ACC_GYRO_R_ZEN_XL
                0x0800522c       0x20 hardware/iks01a1/drivers/BSP/Components/lsm6ds3/LSM6DS3_ACC_GYRO_driver.o
                0x0800522c                LSM6DS3_ACC_GYRO_R_ZEN_XL
 .text.LSM6DS3_ACC_GYRO_W_PedoStepReset
                0x0800524c       0x40 hardware/iks01a1/drivers/BSP/Components/lsm6ds3/LSM6DS3_ACC_GYRO_driver.o
                0x0800524c                LSM6DS3_ACC_GYRO_W_PedoStepReset
 .text.LSM6DS3_ACC_GYRO_W_XEN_G
                0x0800528c       0x40 hardware/iks01a1/drivers/BSP/Components/lsm6ds3/LSM6DS3_ACC_GYRO_driver.o
                0x0800528c                LSM6DS3_ACC_GYRO_W_XEN_G
 .text.LSM6DS3_ACC_GYRO_R_XEN_G
                0x080052cc       0x20 hardware/iks01a1/drivers/BSP/Components/lsm6ds3/LSM6DS3_ACC_GYRO_driver.o
                0x080052cc                LSM6DS3_ACC_GYRO_R_XEN_G
 .text.LSM6DS3_ACC_GYRO_W_YEN_G
                0x080052ec       0x40 hardware/iks01a1/drivers/BSP/Components/lsm6ds3/LSM6DS3_ACC_GYRO_driver.o
                0x080052ec                LSM6DS3_ACC_GYRO_W_YEN_G
 .text.LSM6DS3_ACC_GYRO_R_YEN_G
                0x0800532c       0x20 hardware/iks01a1/drivers/BSP/Components/lsm6ds3/LSM6DS3_ACC_GYRO_driver.o
                0x0800532c                LSM6DS3_ACC_GYRO_R_YEN_G
 .text.LSM6DS3_ACC_GYRO_W_ZEN_G
                0x0800534c       0x40 hardware/iks01a1/drivers/BSP/Components/lsm6ds3/LSM6DS3_ACC_GYRO_driver.o
                0x0800534c                LSM6DS3_ACC_GYRO_W_ZEN_G
 .text.LSM6DS3_ACC_GYRO_R_ZEN_G
                0x0800538c       0x20 hardware/iks01a1/drivers/BSP/Components/lsm6ds3/LSM6DS3_ACC_GYRO_driver.o
                0x0800538c                LSM6DS3_ACC_GYRO_R_ZEN_G
 .text.LSM6DS3_ACC_GYRO_W_FUNC_EN
                0x080053ac       0x40 hardware/iks01a1/drivers/BSP/Components/lsm6ds3/LSM6DS3_ACC_GYRO_driver.o
                0x080053ac                LSM6DS3_ACC_GYRO_W_FUNC_EN
 .text.LSM6DS3_ACC_GYRO_R_WU_EV_STATUS
                0x080053ec       0x20 hardware/iks01a1/drivers/BSP/Components/lsm6ds3/LSM6DS3_ACC_GYRO_driver.o
                0x080053ec                LSM6DS3_ACC_GYRO_R_WU_EV_STATUS
 .text.LSM6DS3_ACC_GYRO_R_FF_EV_STATUS
                0x0800540c       0x20 hardware/iks01a1/drivers/BSP/Components/lsm6ds3/LSM6DS3_ACC_GYRO_driver.o
                0x0800540c                LSM6DS3_ACC_GYRO_R_FF_EV_STATUS
 .text.LSM6DS3_ACC_GYRO_R_DOUBLE_TAP_EV_STATUS
                0x0800542c       0x20 hardware/iks01a1/drivers/BSP/Components/lsm6ds3/LSM6DS3_ACC_GYRO_driver.o
                0x0800542c                LSM6DS3_ACC_GYRO_R_DOUBLE_TAP_EV_STATUS
 .text.LSM6DS3_ACC_GYRO_R_SINGLE_TAP_EV_STATUS
                0x0800544c       0x20 hardware/iks01a1/drivers/BSP/Components/lsm6ds3/LSM6DS3_ACC_GYRO_driver.o
                0x0800544c                LSM6DS3_ACC_GYRO_R_SINGLE_TAP_EV_STATUS
 .text.LSM6DS3_ACC_GYRO_R_DSD_XL
                0x0800546c       0x20 hardware/iks01a1/drivers/BSP/Components/lsm6ds3/LSM6DS3_ACC_GYRO_driver.o
                0x0800546c                LSM6DS3_ACC_GYRO_R_DSD_XL
 .text.LSM6DS3_ACC_GYRO_R_DSD_XH
                0x0800548c       0x20 hardware/iks01a1/drivers/BSP/Components/lsm6ds3/LSM6DS3_ACC_GYRO_driver.o
                0x0800548c                LSM6DS3_ACC_GYRO_R_DSD_XH
 .text.LSM6DS3_ACC_GYRO_R_DSD_YL
                0x080054ac       0x20 hardware/iks01a1/drivers/BSP/Components/lsm6ds3/LSM6DS3_ACC_GYRO_driver.o
                0x080054ac                LSM6DS3_ACC_GYRO_R_DSD_YL
 .text.LSM6DS3_ACC_GYRO_R_DSD_YH
                0x080054cc       0x20 hardware/iks01a1/drivers/BSP/Components/lsm6ds3/LSM6DS3_ACC_GYRO_driver.o
                0x080054cc                LSM6DS3_ACC_GYRO_R_DSD_YH
 .text.LSM6DS3_ACC_GYRO_R_DSD_ZL
                0x080054ec       0x20 hardware/iks01a1/drivers/BSP/Components/lsm6ds3/LSM6DS3_ACC_GYRO_driver.o
                0x080054ec                LSM6DS3_ACC_GYRO_R_DSD_ZL
 .text.LSM6DS3_ACC_GYRO_R_DSD_ZH
                0x0800550c       0x20 hardware/iks01a1/drivers/BSP/Components/lsm6ds3/LSM6DS3_ACC_GYRO_driver.o
                0x0800550c                LSM6DS3_ACC_GYRO_R_DSD_ZH
 .text.LSM6DS3_ACC_GYRO_R_D6D_EV_STATUS
                0x0800552c       0x20 hardware/iks01a1/drivers/BSP/Components/lsm6ds3/LSM6DS3_ACC_GYRO_driver.o
                0x0800552c                LSM6DS3_ACC_GYRO_R_D6D_EV_STATUS
 .text.LSM6DS3_ACC_GYRO_R_XLDA
                0x0800554c       0x20 hardware/iks01a1/drivers/BSP/Components/lsm6ds3/LSM6DS3_ACC_GYRO_driver.o
                0x0800554c                LSM6DS3_ACC_GYRO_R_XLDA
 .text.LSM6DS3_ACC_GYRO_R_GDA
                0x0800556c       0x20 hardware/iks01a1/drivers/BSP/Components/lsm6ds3/LSM6DS3_ACC_GYRO_driver.o
                0x0800556c                LSM6DS3_ACC_GYRO_R_GDA
 .text.LSM6DS3_ACC_GYRO_R_FIFONumOfEntries
                0x0800558c       0x44 hardware/iks01a1/drivers/BSP/Components/lsm6ds3/LSM6DS3_ACC_GYRO_driver.o
                0x0800558c                LSM6DS3_ACC_GYRO_R_FIFONumOfEntries
 .text.LSM6DS3_ACC_GYRO_R_FIFOEmpty
                0x080055d0       0x20 hardware/iks01a1/drivers/BSP/Components/lsm6ds3/LSM6DS3_ACC_GYRO_driver.o
                0x080055d0                LSM6DS3_ACC_GYRO_R_FIFOEmpty
 .text.LSM6DS3_ACC_GYRO_R_FIFOFull
                0x080055f0       0x20 hardware/iks01a1/drivers/BSP/Components/lsm6ds3/LSM6DS3_ACC_GYRO_driver.o
                0x080055f0                LSM6DS3_ACC_GYRO_R_FIFOFull
 .text.LSM6DS3_ACC_GYRO_R_OVERRUN
                0x08005610       0x20 hardware/iks01a1/drivers/BSP/Components/lsm6ds3/LSM6DS3_ACC_GYRO_driver.o
                0x08005610                LSM6DS3_ACC_GYRO_R_OVERRUN
 .text.LSM6DS3_ACC_GYRO_R_FIFOPattern
                0x08005630       0x44 hardware/iks01a1/drivers/BSP/Components/lsm6ds3/LSM6DS3_ACC_GYRO_driver.o
                0x08005630                LSM6DS3_ACC_GYRO_R_FIFOPattern
 .text.LSM6DS3_ACC_GYRO_R_PEDO_EV_STATUS
                0x08005674       0x20 hardware/iks01a1/drivers/BSP/Components/lsm6ds3/LSM6DS3_ACC_GYRO_driver.o
                0x08005674                LSM6DS3_ACC_GYRO_R_PEDO_EV_STATUS
 .text.LSM6DS3_ACC_GYRO_R_TILT_EV_STATUS
                0x08005694       0x20 hardware/iks01a1/drivers/BSP/Components/lsm6ds3/LSM6DS3_ACC_GYRO_driver.o
                0x08005694                LSM6DS3_ACC_GYRO_R_TILT_EV_STATUS
 .text.LSM6DS3_ACC_GYRO_W_LIR
                0x080056b4       0x40 hardware/iks01a1/drivers/BSP/Components/lsm6ds3/LSM6DS3_ACC_GYRO_driver.o
                0x080056b4                LSM6DS3_ACC_GYRO_W_LIR
 .text.LSM6DS3_ACC_GYRO_W_TAP_Z_EN
                0x080056f4       0x40 hardware/iks01a1/drivers/BSP/Components/lsm6ds3/LSM6DS3_ACC_GYRO_driver.o
                0x080056f4                LSM6DS3_ACC_GYRO_W_TAP_Z_EN
 .text.LSM6DS3_ACC_GYRO_W_TAP_Y_EN
                0x08005734       0x40 hardware/iks01a1/drivers/BSP/Components/lsm6ds3/LSM6DS3_ACC_GYRO_driver.o
                0x08005734                LSM6DS3_ACC_GYRO_W_TAP_Y_EN
 .text.LSM6DS3_ACC_GYRO_W_TAP_X_EN
                0x08005774       0x40 hardware/iks01a1/drivers/BSP/Components/lsm6ds3/LSM6DS3_ACC_GYRO_driver.o
                0x08005774                LSM6DS3_ACC_GYRO_W_TAP_X_EN
 .text.LSM6DS3_ACC_GYRO_W_TILT_EN
                0x080057b4       0x40 hardware/iks01a1/drivers/BSP/Components/lsm6ds3/LSM6DS3_ACC_GYRO_driver.o
                0x080057b4                LSM6DS3_ACC_GYRO_W_TILT_EN
 .text.LSM6DS3_ACC_GYRO_W_PEDO_EN
                0x080057f4       0x40 hardware/iks01a1/drivers/BSP/Components/lsm6ds3/LSM6DS3_ACC_GYRO_driver.o
                0x080057f4                LSM6DS3_ACC_GYRO_W_PEDO_EN
 .text.LSM6DS3_ACC_GYRO_W_TAP_THS
                0x08005834       0x40 hardware/iks01a1/drivers/BSP/Components/lsm6ds3/LSM6DS3_ACC_GYRO_driver.o
                0x08005834                LSM6DS3_ACC_GYRO_W_TAP_THS
 .text.LSM6DS3_ACC_GYRO_W_SIXD_THS
                0x08005874       0x40 hardware/iks01a1/drivers/BSP/Components/lsm6ds3/LSM6DS3_ACC_GYRO_driver.o
                0x08005874                LSM6DS3_ACC_GYRO_W_SIXD_THS
 .text.LSM6DS3_ACC_GYRO_W_SHOCK_Duration
                0x080058b4       0x40 hardware/iks01a1/drivers/BSP/Components/lsm6ds3/LSM6DS3_ACC_GYRO_driver.o
                0x080058b4                LSM6DS3_ACC_GYRO_W_SHOCK_Duration
 .text.LSM6DS3_ACC_GYRO_W_QUIET_Duration
                0x080058f4       0x44 hardware/iks01a1/drivers/BSP/Components/lsm6ds3/LSM6DS3_ACC_GYRO_driver.o
                0x080058f4                LSM6DS3_ACC_GYRO_W_QUIET_Duration
 .text.LSM6DS3_ACC_GYRO_W_DUR
                0x08005938       0x40 hardware/iks01a1/drivers/BSP/Components/lsm6ds3/LSM6DS3_ACC_GYRO_driver.o
                0x08005938                LSM6DS3_ACC_GYRO_W_DUR
 .text.LSM6DS3_ACC_GYRO_W_WK_THS
                0x08005978       0x40 hardware/iks01a1/drivers/BSP/Components/lsm6ds3/LSM6DS3_ACC_GYRO_driver.o
                0x08005978                LSM6DS3_ACC_GYRO_W_WK_THS
 .text.LSM6DS3_ACC_GYRO_W_SINGLE_DOUBLE_TAP_EV
                0x080059b8       0x40 hardware/iks01a1/drivers/BSP/Components/lsm6ds3/LSM6DS3_ACC_GYRO_driver.o
                0x080059b8                LSM6DS3_ACC_GYRO_W_SINGLE_DOUBLE_TAP_EV
 .text.LSM6DS3_ACC_GYRO_W_SLEEP_DUR
                0x080059f8       0x40 hardware/iks01a1/drivers/BSP/Components/lsm6ds3/LSM6DS3_ACC_GYRO_driver.o
                0x080059f8                LSM6DS3_ACC_GYRO_W_SLEEP_DUR
 .text.LSM6DS3_ACC_GYRO_W_TIMER_HR
                0x08005a38       0x40 hardware/iks01a1/drivers/BSP/Components/lsm6ds3/LSM6DS3_ACC_GYRO_driver.o
                0x08005a38                LSM6DS3_ACC_GYRO_W_TIMER_HR
 .text.LSM6DS3_ACC_GYRO_W_WAKE_DUR
                0x08005a78       0x44 hardware/iks01a1/drivers/BSP/Components/lsm6ds3/LSM6DS3_ACC_GYRO_driver.o
                0x08005a78                LSM6DS3_ACC_GYRO_W_WAKE_DUR
 .text.LSM6DS3_ACC_GYRO_W_FF_THS
                0x08005abc       0x40 hardware/iks01a1/drivers/BSP/Components/lsm6ds3/LSM6DS3_ACC_GYRO_driver.o
                0x08005abc                LSM6DS3_ACC_GYRO_W_FF_THS
 .text.LSM6DS3_ACC_GYRO_W_FF_Duration
                0x08005afc       0x78 hardware/iks01a1/drivers/BSP/Components/lsm6ds3/LSM6DS3_ACC_GYRO_driver.o
                0x08005afc                LSM6DS3_ACC_GYRO_W_FF_Duration
 .text.LSM6DS3_ACC_GYRO_W_TiltEvOnInt1
                0x08005b74       0x40 hardware/iks01a1/drivers/BSP/Components/lsm6ds3/LSM6DS3_ACC_GYRO_driver.o
                0x08005b74                LSM6DS3_ACC_GYRO_W_TiltEvOnInt1
 .text.LSM6DS3_ACC_GYRO_W_6DEvOnInt1
                0x08005bb4       0x40 hardware/iks01a1/drivers/BSP/Components/lsm6ds3/LSM6DS3_ACC_GYRO_driver.o
                0x08005bb4                LSM6DS3_ACC_GYRO_W_6DEvOnInt1
 .text.LSM6DS3_ACC_GYRO_W_TapEvOnInt1
                0x08005bf4       0x40 hardware/iks01a1/drivers/BSP/Components/lsm6ds3/LSM6DS3_ACC_GYRO_driver.o
                0x08005bf4                LSM6DS3_ACC_GYRO_W_TapEvOnInt1
 .text.LSM6DS3_ACC_GYRO_W_FFEvOnInt1
                0x08005c34       0x40 hardware/iks01a1/drivers/BSP/Components/lsm6ds3/LSM6DS3_ACC_GYRO_driver.o
                0x08005c34                LSM6DS3_ACC_GYRO_W_FFEvOnInt1
 .text.LSM6DS3_ACC_GYRO_W_WUEvOnInt1
                0x08005c74       0x40 hardware/iks01a1/drivers/BSP/Components/lsm6ds3/LSM6DS3_ACC_GYRO_driver.o
                0x08005c74                LSM6DS3_ACC_GYRO_W_WUEvOnInt1
 .text.LSM6DS3_ACC_GYRO_W_SingleTapOnInt1
                0x08005cb4       0x40 hardware/iks01a1/drivers/BSP/Components/lsm6ds3/LSM6DS3_ACC_GYRO_driver.o
                0x08005cb4                LSM6DS3_ACC_GYRO_W_SingleTapOnInt1
 .text.LSM6DS3_ACC_GYRO_Get_GetFIFOData
                0x08005cf4       0x44 hardware/iks01a1/drivers/BSP/Components/lsm6ds3/LSM6DS3_ACC_GYRO_driver.o
                0x08005cf4                LSM6DS3_ACC_GYRO_Get_GetFIFOData
 .text.LSM6DS3_ACC_GYRO_Get_GetStepCounter
                0x08005d38       0x44 hardware/iks01a1/drivers/BSP/Components/lsm6ds3/LSM6DS3_ACC_GYRO_driver.o
                0x08005d38                LSM6DS3_ACC_GYRO_Get_GetStepCounter
 .text.LSM6DS3_ACC_GYRO_W_PedoThreshold
                0x08005d7c       0x4c hardware/iks01a1/drivers/BSP/Components/lsm6ds3/LSM6DS3_ACC_GYRO_driver.o
                0x08005d7c                LSM6DS3_ACC_GYRO_W_PedoThreshold
 .text.LSM6DS3_X_Set_ODR_When_Disabled
                0x08005dc8       0x50 hardware/iks01a1/drivers/BSP/Components/lsm6ds3/LSM6DS3_ACC_GYRO_driver_HL.o
 .text.LSM6DS3_X_Set_ODR_Value_When_Disabled
                0x08005e18       0xf0 hardware/iks01a1/drivers/BSP/Components/lsm6ds3/LSM6DS3_ACC_GYRO_driver_HL.o
 .text.LSM6DS3_G_Set_ODR_When_Disabled
                0x08005f08       0x50 hardware/iks01a1/drivers/BSP/Components/lsm6ds3/LSM6DS3_ACC_GYRO_driver_HL.o
 .text.LSM6DS3_G_Set_ODR_Value_When_Disabled
                0x08005f58       0xbc hardware/iks01a1/drivers/BSP/Components/lsm6ds3/LSM6DS3_ACC_GYRO_driver_HL.o
 .text.LSM6DS3_X_Set_SelfTest
                0x08006014       0x18 hardware/iks01a1/drivers/BSP/Components/lsm6ds3/LSM6DS3_ACC_GYRO_driver_HL.o
 .text.LSM6DS3_Set_Interrupt_Latch
                0x0800602c       0x18 hardware/iks01a1/drivers/BSP/Components/lsm6ds3/LSM6DS3_ACC_GYRO_driver_HL.o
 .text.LSM6DS3_X_Set_Interrupt_Latch
                0x08006044        0x8 hardware/iks01a1/drivers/BSP/Components/lsm6ds3/LSM6DS3_ACC_GYRO_driver_HL.o
 .text.LSM6DS3_G_Set_Interrupt_Latch
                0x0800604c        0x8 hardware/iks01a1/drivers/BSP/Components/lsm6ds3/LSM6DS3_ACC_GYRO_driver_HL.o
 .text.LSM6DS3_FIFO_Set_Stop_On_Fth
                0x08006054       0x18 hardware/iks01a1/drivers/BSP/Components/lsm6ds3/LSM6DS3_ACC_GYRO_driver_HL.o
 .text.LSM6DS3_FIFO_Set_Watermark_Level
                0x0800606c       0x10 hardware/iks01a1/drivers/BSP/Components/lsm6ds3/LSM6DS3_ACC_GYRO_driver_HL.o
 .text.LSM6DS3_FIFO_Set_INT1_FIFO_Full
                0x0800607c       0x20 hardware/iks01a1/drivers/BSP/Components/lsm6ds3/LSM6DS3_ACC_GYRO_driver_HL.o
 .text.LSM6DS3_FIFO_Set_Mode
                0x0800609c       0x24 hardware/iks01a1/drivers/BSP/Components/lsm6ds3/LSM6DS3_ACC_GYRO_driver_HL.o
 .text.LSM6DS3_X_Get_Sensitivity
                0x080060c0       0x6c hardware/iks01a1/drivers/BSP/Components/lsm6ds3/LSM6DS3_ACC_GYRO_driver_HL.o
 .text.LSM6DS3_X_Get_FS
                0x0800612c       0x64 hardware/iks01a1/drivers/BSP/Components/lsm6ds3/LSM6DS3_ACC_GYRO_driver_HL.o
 .text.LSM6DS3_FIFO_X_Set_Decimation
                0x08006190       0x18 hardware/iks01a1/drivers/BSP/Components/lsm6ds3/LSM6DS3_ACC_GYRO_driver_HL.o
 .text.LSM6DS3_FIFO_Get_Num_Of_Samples
                0x080061a8       0x10 hardware/iks01a1/drivers/BSP/Components/lsm6ds3/LSM6DS3_ACC_GYRO_driver_HL.o
 .text.LSM6DS3_FIFO_Get_Data
                0x080061b8       0x10 hardware/iks01a1/drivers/BSP/Components/lsm6ds3/LSM6DS3_ACC_GYRO_driver_HL.o
 .text.LSM6DS3_FIFO_X_Get_Axis
                0x080061c8       0x50 hardware/iks01a1/drivers/BSP/Components/lsm6ds3/LSM6DS3_ACC_GYRO_driver_HL.o
 .text.LSM6DS3_FIFO_Get_Pattern
                0x08006218       0x10 hardware/iks01a1/drivers/BSP/Components/lsm6ds3/LSM6DS3_ACC_GYRO_driver_HL.o
 .text.LSM6DS3_FIFO_Get_Overrun_Status
                0x08006228       0x34 hardware/iks01a1/drivers/BSP/Components/lsm6ds3/LSM6DS3_ACC_GYRO_driver_HL.o
 .text.LSM6DS3_FIFO_Get_Empty_Status
                0x0800625c       0x34 hardware/iks01a1/drivers/BSP/Components/lsm6ds3/LSM6DS3_ACC_GYRO_driver_HL.o
 .text.LSM6DS3_FIFO_Get_Full_Status
                0x08006290       0x34 hardware/iks01a1/drivers/BSP/Components/lsm6ds3/LSM6DS3_ACC_GYRO_driver_HL.o
 .text.LSM6DS3_FIFO_Set_ODR_Value
                0x080062c4       0xd0 hardware/iks01a1/drivers/BSP/Components/lsm6ds3/LSM6DS3_ACC_GYRO_driver_HL.o
 .text.LSM6DS3_X_Get_6D_Orientation_ZH
                0x08006394       0x34 hardware/iks01a1/drivers/BSP/Components/lsm6ds3/LSM6DS3_ACC_GYRO_driver_HL.o
 .text.LSM6DS3_X_Get_6D_Orientation_ZL
                0x080063c8       0x34 hardware/iks01a1/drivers/BSP/Components/lsm6ds3/LSM6DS3_ACC_GYRO_driver_HL.o
 .text.LSM6DS3_X_Get_6D_Orientation_YH
                0x080063fc       0x34 hardware/iks01a1/drivers/BSP/Components/lsm6ds3/LSM6DS3_ACC_GYRO_driver_HL.o
 .text.LSM6DS3_X_Get_6D_Orientation_YL
                0x08006430       0x34 hardware/iks01a1/drivers/BSP/Components/lsm6ds3/LSM6DS3_ACC_GYRO_driver_HL.o
 .text.LSM6DS3_X_Get_6D_Orientation_XH
                0x08006464       0x34 hardware/iks01a1/drivers/BSP/Components/lsm6ds3/LSM6DS3_ACC_GYRO_driver_HL.o
 .text.LSM6DS3_X_Get_6D_Orientation_XL
                0x08006498       0x30 hardware/iks01a1/drivers/BSP/Components/lsm6ds3/LSM6DS3_ACC_GYRO_driver_HL.o
 .text.LSM6DS3_X_Get_6D_Orientation_Status
                0x080064c8       0x34 hardware/iks01a1/drivers/BSP/Components/lsm6ds3/LSM6DS3_ACC_GYRO_driver_HL.o
 .text.LSM6DS3_X_Disable_6D_Orientation
                0x080064fc       0x24 hardware/iks01a1/drivers/BSP/Components/lsm6ds3/LSM6DS3_ACC_GYRO_driver_HL.o
 .text.LSM6DS3_X_Set_FS_Value
                0x08006520       0x48 hardware/iks01a1/drivers/BSP/Components/lsm6ds3/LSM6DS3_ACC_GYRO_driver_HL.o
 .text.LSM6DS3_X_Set_FS
                0x08006568       0x28 hardware/iks01a1/drivers/BSP/Components/lsm6ds3/LSM6DS3_ACC_GYRO_driver_HL.o
 .text.LSM6DS3_X_Set_ODR_Value_When_Enabled
                0x08006590       0xd0 hardware/iks01a1/drivers/BSP/Components/lsm6ds3/LSM6DS3_ACC_GYRO_driver_HL.o
 .text.LSM6DS3_X_Set_ODR_Value
                0x08006660       0x24 hardware/iks01a1/drivers/BSP/Components/lsm6ds3/LSM6DS3_ACC_GYRO_driver_HL.o
 .text.LSM6DS3_X_Enable_6D_Orientation
                0x08006684       0x44 hardware/iks01a1/drivers/BSP/Components/lsm6ds3/LSM6DS3_ACC_GYRO_driver_HL.o
 .text.LSM6DS3_X_Sensor_Enable
                0x080066c8       0x28 hardware/iks01a1/drivers/BSP/Components/lsm6ds3/LSM6DS3_ACC_GYRO_driver_HL.o
 .text.LSM6DS3_X_Set_ODR_When_Enabled
                0x080066f0       0x30 hardware/iks01a1/drivers/BSP/Components/lsm6ds3/LSM6DS3_ACC_GYRO_driver_HL.o
 .text.LSM6DS3_X_Set_ODR
                0x08006720       0x24 hardware/iks01a1/drivers/BSP/Components/lsm6ds3/LSM6DS3_ACC_GYRO_driver_HL.o
 .text.LSM6DS3_X_Set_Tap_Duration_Time
                0x08006744       0x10 hardware/iks01a1/drivers/BSP/Components/lsm6ds3/LSM6DS3_ACC_GYRO_driver_HL.o
 .text.LSM6DS3_X_Set_Tap_Quiet_Time
                0x08006754       0x10 hardware/iks01a1/drivers/BSP/Components/lsm6ds3/LSM6DS3_ACC_GYRO_driver_HL.o
 .text.LSM6DS3_X_Set_Tap_Shock_Time
                0x08006764       0x10 hardware/iks01a1/drivers/BSP/Components/lsm6ds3/LSM6DS3_ACC_GYRO_driver_HL.o
 .text.LSM6DS3_X_Set_Tap_Threshold
                0x08006774       0x10 hardware/iks01a1/drivers/BSP/Components/lsm6ds3/LSM6DS3_ACC_GYRO_driver_HL.o
 .text.LSM6DS3_X_Get_Double_Tap_Detection_Status
                0x08006784       0x34 hardware/iks01a1/drivers/BSP/Components/lsm6ds3/LSM6DS3_ACC_GYRO_driver_HL.o
 .text.LSM6DS3_X_Disable_Double_Tap_Detection
                0x080067b8       0x7c hardware/iks01a1/drivers/BSP/Components/lsm6ds3/LSM6DS3_ACC_GYRO_driver_HL.o
 .text.LSM6DS3_X_Enable_Double_Tap_Detection
                0x08006834       0x9c hardware/iks01a1/drivers/BSP/Components/lsm6ds3/LSM6DS3_ACC_GYRO_driver_HL.o
 .text.LSM6DS3_X_Get_Single_Tap_Detection_Status
                0x080068d0       0x34 hardware/iks01a1/drivers/BSP/Components/lsm6ds3/LSM6DS3_ACC_GYRO_driver_HL.o
 .text.LSM6DS3_X_Disable_Single_Tap_Detection
                0x08006904       0x64 hardware/iks01a1/drivers/BSP/Components/lsm6ds3/LSM6DS3_ACC_GYRO_driver_HL.o
 .text.LSM6DS3_X_Enable_Single_Tap_Detection
                0x08006968       0x84 hardware/iks01a1/drivers/BSP/Components/lsm6ds3/LSM6DS3_ACC_GYRO_driver_HL.o
 .text.LSM6DS3_X_Set_Wake_Up_Threshold
                0x080069ec       0x10 hardware/iks01a1/drivers/BSP/Components/lsm6ds3/LSM6DS3_ACC_GYRO_driver_HL.o
 .text.LSM6DS3_X_Get_Wake_Up_Detection_Status
                0x080069fc       0x34 hardware/iks01a1/drivers/BSP/Components/lsm6ds3/LSM6DS3_ACC_GYRO_driver_HL.o
 .text.LSM6DS3_X_Disable_Wake_Up_Detection
                0x08006a30       0x30 hardware/iks01a1/drivers/BSP/Components/lsm6ds3/LSM6DS3_ACC_GYRO_driver_HL.o
 .text.LSM6DS3_X_Enable_Wake_Up_Detection
                0x08006a60       0x50 hardware/iks01a1/drivers/BSP/Components/lsm6ds3/LSM6DS3_ACC_GYRO_driver_HL.o
 .text.LSM6DS3_X_Get_Tilt_Detection_Status
                0x08006ab0       0x34 hardware/iks01a1/drivers/BSP/Components/lsm6ds3/LSM6DS3_ACC_GYRO_driver_HL.o
 .text.LSM6DS3_X_Disable_Tilt_Detection
                0x08006ae4       0x30 hardware/iks01a1/drivers/BSP/Components/lsm6ds3/LSM6DS3_ACC_GYRO_driver_HL.o
 .text.LSM6DS3_X_Enable_Tilt_Detection
                0x08006b14       0x4c hardware/iks01a1/drivers/BSP/Components/lsm6ds3/LSM6DS3_ACC_GYRO_driver_HL.o
 .text.LSM6DS3_X_Set_Pedometer_Threshold
                0x08006b60       0x10 hardware/iks01a1/drivers/BSP/Components/lsm6ds3/LSM6DS3_ACC_GYRO_driver_HL.o
 .text.LSM6DS3_X_Disable_Step_Counter_Reset
                0x08006b70       0x14 hardware/iks01a1/drivers/BSP/Components/lsm6ds3/LSM6DS3_ACC_GYRO_driver_HL.o
 .text.LSM6DS3_X_Enable_Step_Counter_Reset
                0x08006b84       0x14 hardware/iks01a1/drivers/BSP/Components/lsm6ds3/LSM6DS3_ACC_GYRO_driver_HL.o
 .text.LSM6DS3_X_Get_Step_Count
                0x08006b98       0x10 hardware/iks01a1/drivers/BSP/Components/lsm6ds3/LSM6DS3_ACC_GYRO_driver_HL.o
 .text.LSM6DS3_X_Get_Pedometer_Status
                0x08006ba8       0x34 hardware/iks01a1/drivers/BSP/Components/lsm6ds3/LSM6DS3_ACC_GYRO_driver_HL.o
 .text.LSM6DS3_X_Disable_Pedometer
                0x08006bdc       0x40 hardware/iks01a1/drivers/BSP/Components/lsm6ds3/LSM6DS3_ACC_GYRO_driver_HL.o
 .text.LSM6DS3_X_Enable_Pedometer
                0x08006c1c       0x58 hardware/iks01a1/drivers/BSP/Components/lsm6ds3/LSM6DS3_ACC_GYRO_driver_HL.o
 .text.LSM6DS3_X_Set_Free_Fall_Threshold
                0x08006c74       0x10 hardware/iks01a1/drivers/BSP/Components/lsm6ds3/LSM6DS3_ACC_GYRO_driver_HL.o
 .text.LSM6DS3_X_Get_Free_Fall_Detection_Status
                0x08006c84       0x34 hardware/iks01a1/drivers/BSP/Components/lsm6ds3/LSM6DS3_ACC_GYRO_driver_HL.o
 .text.LSM6DS3_X_Disable_Free_Fall_Detection
                0x08006cb8       0x30 hardware/iks01a1/drivers/BSP/Components/lsm6ds3/LSM6DS3_ACC_GYRO_driver_HL.o
 .text.LSM6DS3_X_Enable_Free_Fall_Detection
                0x08006ce8       0x78 hardware/iks01a1/drivers/BSP/Components/lsm6ds3/LSM6DS3_ACC_GYRO_driver_HL.o
 .text.LSM6DS3_G_Set_SelfTest
                0x08006d60       0x2c hardware/iks01a1/drivers/BSP/Components/lsm6ds3/LSM6DS3_ACC_GYRO_driver_HL.o
 .text.LSM6DS3_G_Get_Sensitivity
                0x08006d8c       0x94 hardware/iks01a1/drivers/BSP/Components/lsm6ds3/LSM6DS3_ACC_GYRO_driver_HL.o
 .text.LSM6DS3_FIFO_G_Get_Axis
                0x08006e20       0x50 hardware/iks01a1/drivers/BSP/Components/lsm6ds3/LSM6DS3_ACC_GYRO_driver_HL.o
 .text.LSM6DS3_G_Get_FS
                0x08006e70       0x94 hardware/iks01a1/drivers/BSP/Components/lsm6ds3/LSM6DS3_ACC_GYRO_driver_HL.o
 .text.LSM6DS3_FIFO_G_Set_Decimation
                0x08006f04       0x58 hardware/iks01a1/drivers/BSP/Components/lsm6ds3/LSM6DS3_ACC_GYRO_driver_HL.o
 .text.LSM6DS3_X_Get_DRDY_Status
                0x08006f5c       0x30 hardware/iks01a1/drivers/BSP/Components/lsm6ds3/LSM6DS3_ACC_GYRO_driver_HL.o
 .text.LSM6DS3_Write_Reg
                0x08006f8c       0x20 hardware/iks01a1/drivers/BSP/Components/lsm6ds3/LSM6DS3_ACC_GYRO_driver_HL.o
 .text.LSM6DS3_X_Write_Reg
                0x08006fac       0x10 hardware/iks01a1/drivers/BSP/Components/lsm6ds3/LSM6DS3_ACC_GYRO_driver_HL.o
 .text.LSM6DS3_G_Write_Reg
                0x08006fbc       0x10 hardware/iks01a1/drivers/BSP/Components/lsm6ds3/LSM6DS3_ACC_GYRO_driver_HL.o
 .text.LSM6DS3_Read_Reg
                0x08006fcc       0x14 hardware/iks01a1/drivers/BSP/Components/lsm6ds3/LSM6DS3_ACC_GYRO_driver_HL.o
 .text.LSM6DS3_X_Read_Reg
                0x08006fe0       0x10 hardware/iks01a1/drivers/BSP/Components/lsm6ds3/LSM6DS3_ACC_GYRO_driver_HL.o
 .text.LSM6DS3_G_Read_Reg
                0x08006ff0       0x10 hardware/iks01a1/drivers/BSP/Components/lsm6ds3/LSM6DS3_ACC_GYRO_driver_HL.o
 .text.LSM6DS3_X_Set_Axes_Status
                0x08007000       0x54 hardware/iks01a1/drivers/BSP/Components/lsm6ds3/LSM6DS3_ACC_GYRO_driver_HL.o
 .text.LSM6DS3_X_Get_Axes_Status
                0x08007054       0x68 hardware/iks01a1/drivers/BSP/Components/lsm6ds3/LSM6DS3_ACC_GYRO_driver_HL.o
 .text.LSM6DS3_X_Get_ODR
                0x080070bc       0xe0 hardware/iks01a1/drivers/BSP/Components/lsm6ds3/LSM6DS3_ACC_GYRO_driver_HL.o
 .text.LSM6DS3_X_Sensor_Disable
                0x0800719c       0x2c hardware/iks01a1/drivers/BSP/Components/lsm6ds3/LSM6DS3_ACC_GYRO_driver_HL.o
 .text.LSM6DS3_X_Get_Axes_Raw
                0x080071c8       0x4c hardware/iks01a1/drivers/BSP/Components/lsm6ds3/LSM6DS3_ACC_GYRO_driver_HL.o
 .text.LSM6DS3_X_Get_AxesRaw
                0x08007214       0x28 hardware/iks01a1/drivers/BSP/Components/lsm6ds3/LSM6DS3_ACC_GYRO_driver_HL.o
 .text.LSM6DS3_X_Get_Axes
                0x0800723c       0x74 hardware/iks01a1/drivers/BSP/Components/lsm6ds3/LSM6DS3_ACC_GYRO_driver_HL.o
 .text.LSM6DS3_Get_WhoAmI
                0x080072b0       0x10 hardware/iks01a1/drivers/BSP/Components/lsm6ds3/LSM6DS3_ACC_GYRO_driver_HL.o
 .text.LSM6DS3_Check_WhoAmI
                0x080072c0       0x2c hardware/iks01a1/drivers/BSP/Components/lsm6ds3/LSM6DS3_ACC_GYRO_driver_HL.o
 .text.LSM6DS3_X_Check_WhoAmI
                0x080072ec        0x8 hardware/iks01a1/drivers/BSP/Components/lsm6ds3/LSM6DS3_ACC_GYRO_driver_HL.o
 .text.LSM6DS3_X_DeInit
                0x080072f4       0x6c hardware/iks01a1/drivers/BSP/Components/lsm6ds3/LSM6DS3_ACC_GYRO_driver_HL.o
 .text.LSM6DS3_G_Check_WhoAmI
                0x08007360        0x8 hardware/iks01a1/drivers/BSP/Components/lsm6ds3/LSM6DS3_ACC_GYRO_driver_HL.o
 .text.LSM6DS3_X_Get_WhoAmI
                0x08007368        0x8 hardware/iks01a1/drivers/BSP/Components/lsm6ds3/LSM6DS3_ACC_GYRO_driver_HL.o
 .text.LSM6DS3_G_Get_WhoAmI
                0x08007370        0x8 hardware/iks01a1/drivers/BSP/Components/lsm6ds3/LSM6DS3_ACC_GYRO_driver_HL.o
 .text.LSM6DS3_X_Init
                0x08007378       0x88 hardware/iks01a1/drivers/BSP/Components/lsm6ds3/LSM6DS3_ACC_GYRO_driver_HL.o
 .text.LSM6DS3_G_Get_DRDY_Status
                0x08007400       0x34 hardware/iks01a1/drivers/BSP/Components/lsm6ds3/LSM6DS3_ACC_GYRO_driver_HL.o
 .text.LSM6DS3_G_Set_Axes_Status
                0x08007434       0x54 hardware/iks01a1/drivers/BSP/Components/lsm6ds3/LSM6DS3_ACC_GYRO_driver_HL.o
 .text.LSM6DS3_G_Get_Axes_Status
                0x08007488       0x68 hardware/iks01a1/drivers/BSP/Components/lsm6ds3/LSM6DS3_ACC_GYRO_driver_HL.o
 .text.LSM6DS3_G_Set_FS_Value
                0x080074f0       0x8c hardware/iks01a1/drivers/BSP/Components/lsm6ds3/LSM6DS3_ACC_GYRO_driver_HL.o
 .text.LSM6DS3_G_Set_FS
                0x0800757c       0x28 hardware/iks01a1/drivers/BSP/Components/lsm6ds3/LSM6DS3_ACC_GYRO_driver_HL.o
 .text.LSM6DS3_G_Set_ODR_Value_When_Enabled
                0x080075a4       0xa4 hardware/iks01a1/drivers/BSP/Components/lsm6ds3/LSM6DS3_ACC_GYRO_driver_HL.o
 .text.LSM6DS3_G_Set_ODR_Value
                0x08007648       0x24 hardware/iks01a1/drivers/BSP/Components/lsm6ds3/LSM6DS3_ACC_GYRO_driver_HL.o
 .text.LSM6DS3_G_Sensor_Enable
                0x0800766c       0x28 hardware/iks01a1/drivers/BSP/Components/lsm6ds3/LSM6DS3_ACC_GYRO_driver_HL.o
 .text.LSM6DS3_G_Set_ODR_When_Enabled
                0x08007694       0x30 hardware/iks01a1/drivers/BSP/Components/lsm6ds3/LSM6DS3_ACC_GYRO_driver_HL.o
 .text.LSM6DS3_G_Set_ODR
                0x080076c4       0x24 hardware/iks01a1/drivers/BSP/Components/lsm6ds3/LSM6DS3_ACC_GYRO_driver_HL.o
 .text.LSM6DS3_G_Init
                0x080076e8       0x88 hardware/iks01a1/drivers/BSP/Components/lsm6ds3/LSM6DS3_ACC_GYRO_driver_HL.o
 .text.LSM6DS3_G_Get_ODR
                0x08007770       0xc0 hardware/iks01a1/drivers/BSP/Components/lsm6ds3/LSM6DS3_ACC_GYRO_driver_HL.o
 .text.LSM6DS3_G_Sensor_Disable
                0x08007830       0x2c hardware/iks01a1/drivers/BSP/Components/lsm6ds3/LSM6DS3_ACC_GYRO_driver_HL.o
 .text.LSM6DS3_G_DeInit
                0x0800785c       0x24 hardware/iks01a1/drivers/BSP/Components/lsm6ds3/LSM6DS3_ACC_GYRO_driver_HL.o
 .text.LSM6DS3_G_Get_Axes_Raw
                0x08007880       0x4c hardware/iks01a1/drivers/BSP/Components/lsm6ds3/LSM6DS3_ACC_GYRO_driver_HL.o
 .text.LSM6DS3_G_Get_AxesRaw
                0x080078cc       0x28 hardware/iks01a1/drivers/BSP/Components/lsm6ds3/LSM6DS3_ACC_GYRO_driver_HL.o
 .text.LSM6DS3_G_Get_Axes
                0x080078f4       0x74 hardware/iks01a1/drivers/BSP/Components/lsm6ds3/LSM6DS3_ACC_GYRO_driver_HL.o
 .text.I2C_EXPBD_MspInit
                0x08007968       0x88 hardware/iks01a1/drivers/BSP/X_NUCLEO_IKS01A1/x_nucleo_iks01a1.o
 .text.I2C_EXPBD_Init
                0x080079f0       0x4c hardware/iks01a1/drivers/BSP/X_NUCLEO_IKS01A1/x_nucleo_iks01a1.o
 .text.I2C_EXPBD_Error
                0x08007a3c       0x14 hardware/iks01a1/drivers/BSP/X_NUCLEO_IKS01A1/x_nucleo_iks01a1.o
 .text.I2C_EXPBD_WriteData
                0x08007a50       0x34 hardware/iks01a1/drivers/BSP/X_NUCLEO_IKS01A1/x_nucleo_iks01a1.o
 .text.I2C_EXPBD_ReadData
                0x08007a84       0x34 hardware/iks01a1/drivers/BSP/X_NUCLEO_IKS01A1/x_nucleo_iks01a1.o
 .text.Sensor_IO_Init
                0x08007ab8       0x10 hardware/iks01a1/drivers/BSP/X_NUCLEO_IKS01A1/x_nucleo_iks01a1.o
                0x08007ab8                Sensor_IO_Init
 .text.LSM6DS0_Sensor_IO_ITConfig
                0x08007ac8        0x4 hardware/iks01a1/drivers/BSP/X_NUCLEO_IKS01A1/x_nucleo_iks01a1.o
                0x08007ac8                LSM6DS0_Sensor_IO_ITConfig
 .text.LSM6DS3_Sensor_IO_ITConfig
                0x08007acc       0x8c hardware/iks01a1/drivers/BSP/X_NUCLEO_IKS01A1/x_nucleo_iks01a1.o
                0x08007acc                LSM6DS3_Sensor_IO_ITConfig
 .text.Sensor_IO_Write
                0x08007b58       0x14 hardware/iks01a1/drivers/BSP/X_NUCLEO_IKS01A1/x_nucleo_iks01a1.o
                0x08007b58                Sensor_IO_Write
 .text.Sensor_IO_Read
                0x08007b6c       0x14 hardware/iks01a1/drivers/BSP/X_NUCLEO_IKS01A1/x_nucleo_iks01a1.o
                0x08007b6c                Sensor_IO_Read
 .text.BSP_LSM6DS0_ACCELERO_Init
                0x08007b80       0x94 hardware/iks01a1/drivers/BSP/X_NUCLEO_IKS01A1/x_nucleo_iks01a1_accelero.o
 .text.BSP_LSM6DS3_ACCELERO_Init
                0x08007c14       0x98 hardware/iks01a1/drivers/BSP/X_NUCLEO_IKS01A1/x_nucleo_iks01a1_accelero.o
 .text.BSP_ACCELERO_Init
                0x08007cac       0x4c hardware/iks01a1/drivers/BSP/X_NUCLEO_IKS01A1/x_nucleo_iks01a1_accelero.o
                0x08007cac                BSP_ACCELERO_Init
 .text.BSP_ACCELERO_Sensor_Enable
                0x08007cf8       0x20 hardware/iks01a1/drivers/BSP/X_NUCLEO_IKS01A1/x_nucleo_iks01a1_accelero.o
                0x08007cf8                BSP_ACCELERO_Sensor_Enable
 .text.BSP_ACCELERO_IsInitialized
                0x08007d18       0x14 hardware/iks01a1/drivers/BSP/X_NUCLEO_IKS01A1/x_nucleo_iks01a1_accelero.o
                0x08007d18                BSP_ACCELERO_IsInitialized
 .text.BSP_ACCELERO_Get_Axes
                0x08007d2c       0x24 hardware/iks01a1/drivers/BSP/X_NUCLEO_IKS01A1/x_nucleo_iks01a1_accelero.o
                0x08007d2c                BSP_ACCELERO_Get_Axes
 .text.Reset_Handler
                0x08007d50       0x50 startup/startup_stm32f401xe.o
                0x08007d50                Reset_Handler
 .text.Default_Handler
                0x08007da0        0x2 startup/startup_stm32f401xe.o
                0x08007da0                RTC_Alarm_IRQHandler
                0x08007da0                EXTI2_IRQHandler
                0x08007da0                DebugMon_Handler
                0x08007da0                SPI4_IRQHandler
                0x08007da0                TIM1_CC_IRQHandler
                0x08007da0                DMA2_Stream5_IRQHandler
                0x08007da0                HardFault_Handler
                0x08007da0                DMA1_Stream5_IRQHandler
                0x08007da0                PVD_IRQHandler
                0x08007da0                SDIO_IRQHandler
                0x08007da0                TAMP_STAMP_IRQHandler
                0x08007da0                PendSV_Handler
                0x08007da0                NMI_Handler
                0x08007da0                EXTI3_IRQHandler
                0x08007da0                TIM1_UP_TIM10_IRQHandler
                0x08007da0                EXTI0_IRQHandler
                0x08007da0                I2C2_EV_IRQHandler
                0x08007da0                DMA1_Stream2_IRQHandler
                0x08007da0                FPU_IRQHandler
                0x08007da0                UsageFault_Handler
                0x08007da0                DMA2_Stream2_IRQHandler
                0x08007da0                SPI1_IRQHandler
                0x08007da0                TIM1_BRK_TIM9_IRQHandler
                0x08007da0                DMA2_Stream3_IRQHandler
                0x08007da0                USART6_IRQHandler
                0x08007da0                DMA2_Stream0_IRQHandler
                0x08007da0                TIM4_IRQHandler
                0x08007da0                I2C1_EV_IRQHandler
                0x08007da0                DMA1_Stream6_IRQHandler
                0x08007da0                DMA1_Stream1_IRQHandler
                0x08007da0                TIM3_IRQHandler
                0x08007da0                RCC_IRQHandler
                0x08007da0                Default_Handler
                0x08007da0                ADC_IRQHandler
                0x08007da0                DMA1_Stream7_IRQHandler
                0x08007da0                TIM5_IRQHandler
                0x08007da0                DMA2_Stream7_IRQHandler
                0x08007da0                EXTI9_5_IRQHandler
                0x08007da0                RTC_WKUP_IRQHandler
                0x08007da0                SPI2_IRQHandler
                0x08007da0                MemManage_Handler
                0x08007da0                DMA1_Stream0_IRQHandler
                0x08007da0                SVC_Handler
                0x08007da0                EXTI4_IRQHandler
                0x08007da0                WWDG_IRQHandler
                0x08007da0                TIM2_IRQHandler
                0x08007da0                OTG_FS_WKUP_IRQHandler
                0x08007da0                TIM1_TRG_COM_TIM11_IRQHandler
                0x08007da0                EXTI1_IRQHandler
                0x08007da0                USART2_IRQHandler
                0x08007da0                I2C2_ER_IRQHandler
                0x08007da0                DMA2_Stream1_IRQHandler
                0x08007da0                FLASH_IRQHandler
                0x08007da0                DMA2_Stream4_IRQHandler
                0x08007da0                BusFault_Handler
                0x08007da0                USART1_IRQHandler
                0x08007da0                OTG_FS_IRQHandler
                0x08007da0                SPI3_IRQHandler
                0x08007da0                DMA1_Stream4_IRQHandler
                0x08007da0                I2C1_ER_IRQHandler
                0x08007da0                DMA2_Stream6_IRQHandler
                0x08007da0                DMA1_Stream3_IRQHandler
 *fill*         0x08007da2        0x2 
 .text.__libc_init_array
                0x08007da4       0x4c e:/ac6/systemworkbench20/plugins/fr.ac6.mcu.externaltools.arm-none.win32_1.13.2.201705091103/tools/compiler/bin/../lib/gcc/arm-none-eabi/5.4.1/../../../../arm-none-eabi/lib/armv7e-m/fpu\libc_nano.a(lib_a-init.o)
                0x08007da4                __libc_init_array
 .text.sprintf  0x08007df0       0x48 e:/ac6/systemworkbench20/plugins/fr.ac6.mcu.externaltools.arm-none.win32_1.13.2.201705091103/tools/compiler/bin/../lib/gcc/arm-none-eabi/5.4.1/../../../../arm-none-eabi/lib/armv7e-m/fpu\libc_nano.a(lib_a-sprintf.o)
                0x08007df0                siprintf
                0x08007df0                sprintf
 .text.__ssputs_r
                0x08007e38       0xb2 e:/ac6/systemworkbench20/plugins/fr.ac6.mcu.externaltools.arm-none.win32_1.13.2.201705091103/tools/compiler/bin/../lib/gcc/arm-none-eabi/5.4.1/../../../../arm-none-eabi/lib/armv7e-m/fpu\libc_nano.a(lib_a-nano-svfprintf.o)
                0x08007e38                __ssputs_r
 *fill*         0x08007eea        0x2 
 .text._svfprintf_r
                0x08007eec      0x1e8 e:/ac6/systemworkbench20/plugins/fr.ac6.mcu.externaltools.arm-none.win32_1.13.2.201705091103/tools/compiler/bin/../lib/gcc/arm-none-eabi/5.4.1/../../../../arm-none-eabi/lib/armv7e-m/fpu\libc_nano.a(lib_a-nano-svfprintf.o)
                0x08007eec                _svfiprintf_r
                0x08007eec                _svfprintf_r
 .text._printf_common
                0x080080d4       0xec e:/ac6/systemworkbench20/plugins/fr.ac6.mcu.externaltools.arm-none.win32_1.13.2.201705091103/tools/compiler/bin/../lib/gcc/arm-none-eabi/5.4.1/../../../../arm-none-eabi/lib/armv7e-m/fpu\libc_nano.a(lib_a-nano-vfprintf_i.o)
                0x080080d4                _printf_common
 .text._printf_i
                0x080081c0      0x24c e:/ac6/systemworkbench20/plugins/fr.ac6.mcu.externaltools.arm-none.win32_1.13.2.201705091103/tools/compiler/bin/../lib/gcc/arm-none-eabi/5.4.1/../../../../arm-none-eabi/lib/armv7e-m/fpu\libc_nano.a(lib_a-nano-vfprintf_i.o)
                0x080081c0                _printf_i
 .text.memcpy   0x0800840c       0x16 e:/ac6/systemworkbench20/plugins/fr.ac6.mcu.externaltools.arm-none.win32_1.13.2.201705091103/tools/compiler/bin/../lib/gcc/arm-none-eabi/5.4.1/../../../../arm-none-eabi/lib/armv7e-m/fpu\libc_nano.a(lib_a-memcpy-stub.o)
                0x0800840c                memcpy
 .text.memmove  0x08008422       0x36 e:/ac6/systemworkbench20/plugins/fr.ac6.mcu.externaltools.arm-none.win32_1.13.2.201705091103/tools/compiler/bin/../lib/gcc/arm-none-eabi/5.4.1/../../../../arm-none-eabi/lib/armv7e-m/fpu\libc_nano.a(lib_a-memmove.o)
                0x08008422                memmove
 .text._free_r  0x08008458       0x9c e:/ac6/systemworkbench20/plugins/fr.ac6.mcu.externaltools.arm-none.win32_1.13.2.201705091103/tools/compiler/bin/../lib/gcc/arm-none-eabi/5.4.1/../../../../arm-none-eabi/lib/armv7e-m/fpu\libc_nano.a(lib_a-nano-freer.o)
                0x08008458                _free_r
 .text._malloc_r
                0x080084f4       0xbc e:/ac6/systemworkbench20/plugins/fr.ac6.mcu.externaltools.arm-none.win32_1.13.2.201705091103/tools/compiler/bin/../lib/gcc/arm-none-eabi/5.4.1/../../../../arm-none-eabi/lib/armv7e-m/fpu\libc_nano.a(lib_a-nano-mallocr.o)
                0x080084f4                _malloc_r
 .text._realloc_r
                0x080085b0       0x4c e:/ac6/systemworkbench20/plugins/fr.ac6.mcu.externaltools.arm-none.win32_1.13.2.201705091103/tools/compiler/bin/../lib/gcc/arm-none-eabi/5.4.1/../../../../arm-none-eabi/lib/armv7e-m/fpu\libc_nano.a(lib_a-nano-reallocr.o)
                0x080085b0                _realloc_r
 .text._sbrk_r  0x080085fc       0x20 e:/ac6/systemworkbench20/plugins/fr.ac6.mcu.externaltools.arm-none.win32_1.13.2.201705091103/tools/compiler/bin/../lib/gcc/arm-none-eabi/5.4.1/../../../../arm-none-eabi/lib/armv7e-m/fpu\libc_nano.a(lib_a-sbrkr.o)
                0x080085fc                _sbrk_r
 .text.__malloc_lock
                0x0800861c        0x2 e:/ac6/systemworkbench20/plugins/fr.ac6.mcu.externaltools.arm-none.win32_1.13.2.201705091103/tools/compiler/bin/../lib/gcc/arm-none-eabi/5.4.1/../../../../arm-none-eabi/lib/armv7e-m/fpu\libc_nano.a(lib_a-mlock.o)
                0x0800861c                __malloc_lock
 .text.__malloc_unlock
                0x0800861e        0x2 e:/ac6/systemworkbench20/plugins/fr.ac6.mcu.externaltools.arm-none.win32_1.13.2.201705091103/tools/compiler/bin/../lib/gcc/arm-none-eabi/5.4.1/../../../../arm-none-eabi/lib/armv7e-m/fpu\libc_nano.a(lib_a-mlock.o)
                0x0800861e                __malloc_unlock
 .text._malloc_usable_size_r
                0x08008620       0x14 e:/ac6/systemworkbench20/plugins/fr.ac6.mcu.externaltools.arm-none.win32_1.13.2.201705091103/tools/compiler/bin/../lib/gcc/arm-none-eabi/5.4.1/../../../../arm-none-eabi/lib/armv7e-m/fpu\libc_nano.a(lib_a-nano-msizer.o)
                0x08008620                _malloc_usable_size_r
 .text._sbrk    0x08008634       0x1c e:/ac6/systemworkbench20/plugins/fr.ac6.mcu.externaltools.arm-none.win32_1.13.2.201705091103/tools/compiler/bin/../lib/gcc/arm-none-eabi/5.4.1/../../../../arm-none-eabi/lib/armv7e-m/fpu\libnosys.a(sbrk.o)
                0x08008634                _sbrk
 *(.glue_7)
 .glue_7        0x08008650        0x0 linker stubs
 *(.glue_7t)
 .glue_7t       0x08008650        0x0 linker stubs
 *(.eh_frame)
 .eh_frame      0x08008650        0x0 e:/ac6/systemworkbench20/plugins/fr.ac6.mcu.externaltools.arm-none.win32_1.13.2.201705091103/tools/compiler/bin/../lib/gcc/arm-none-eabi/5.4.1/armv7e-m/fpu/crtbegin.o
 *(.init)
 .init          0x08008650        0x4 e:/ac6/systemworkbench20/plugins/fr.ac6.mcu.externaltools.arm-none.win32_1.13.2.201705091103/tools/compiler/bin/../lib/gcc/arm-none-eabi/5.4.1/armv7e-m/fpu/crti.o
                0x08008650                _init
 .init          0x08008654        0x8 e:/ac6/systemworkbench20/plugins/fr.ac6.mcu.externaltools.arm-none.win32_1.13.2.201705091103/tools/compiler/bin/../lib/gcc/arm-none-eabi/5.4.1/armv7e-m/fpu/crtn.o
 *(.fini)
 .fini          0x0800865c        0x4 e:/ac6/systemworkbench20/plugins/fr.ac6.mcu.externaltools.arm-none.win32_1.13.2.201705091103/tools/compiler/bin/../lib/gcc/arm-none-eabi/5.4.1/armv7e-m/fpu/crti.o
                0x0800865c                _fini
 .fini          0x08008660        0x8 e:/ac6/systemworkbench20/plugins/fr.ac6.mcu.externaltools.arm-none.win32_1.13.2.201705091103/tools/compiler/bin/../lib/gcc/arm-none-eabi/5.4.1/armv7e-m/fpu/crtn.o
                0x08008668                . = ALIGN (0x4)
                0x08008668                _etext = .

.vfp11_veneer   0x08008668        0x0
 .vfp11_veneer  0x08008668        0x0 linker stubs

.v4_bx          0x08008668        0x0
 .v4_bx         0x08008668        0x0 linker stubs

.iplt           0x08008668        0x0
 .iplt          0x08008668        0x0 e:/ac6/systemworkbench20/plugins/fr.ac6.mcu.externaltools.arm-none.win32_1.13.2.201705091103/tools/compiler/bin/../lib/gcc/arm-none-eabi/5.4.1/armv7e-m/fpu/crtbegin.o

.rodata         0x08008668       0x84
                0x08008668                . = ALIGN (0x4)
 *(.rodata)
 .rodata        0x08008668       0x30 Src/main.o
 .rodata        0x08008698       0x18 Src/system_stm32f4xx.o
                0x08008698                AHBPrescTable
                0x080086a8                APBPrescTable
 .rodata        0x080086b0        0x3 hardware/iks01a1/drivers/BSP/Components/lsm6ds0/LSM6DS0_ACC_GYRO_driver_HL.o
 *fill*         0x080086b3        0x1 
 .rodata        0x080086b4        0x3 hardware/iks01a1/drivers/BSP/Components/lsm6ds3/LSM6DS3_ACC_GYRO_driver_HL.o
 *(.rodata*)
 .rodata.str1.1
                0x080086b7       0x11 e:/ac6/systemworkbench20/plugins/fr.ac6.mcu.externaltools.arm-none.win32_1.13.2.201705091103/tools/compiler/bin/../lib/gcc/arm-none-eabi/5.4.1/../../../../arm-none-eabi/lib/armv7e-m/fpu\libc_nano.a(lib_a-nano-svfprintf.o)
 .rodata.str1.1
                0x080086c8       0x22 e:/ac6/systemworkbench20/plugins/fr.ac6.mcu.externaltools.arm-none.win32_1.13.2.201705091103/tools/compiler/bin/../lib/gcc/arm-none-eabi/5.4.1/../../../../arm-none-eabi/lib/armv7e-m/fpu\libc_nano.a(lib_a-nano-vfprintf_i.o)
                0x080086ec                . = ALIGN (0x4)
 *fill*         0x080086ea        0x2 

.rel.dyn        0x080086ec        0x0
 .rel.iplt      0x080086ec        0x0 e:/ac6/systemworkbench20/plugins/fr.ac6.mcu.externaltools.arm-none.win32_1.13.2.201705091103/tools/compiler/bin/../lib/gcc/arm-none-eabi/5.4.1/armv7e-m/fpu/crtbegin.o

.ARM.extab
 *(.ARM.extab* .gnu.linkonce.armextab.*)

.ARM            0x080086ec        0x0
                0x080086ec                __exidx_start = .
 *(.ARM.exidx*)
                0x080086ec                __exidx_end = .

.preinit_array  0x080086ec        0x0
                0x080086ec                PROVIDE (__preinit_array_start, .)
 *(.preinit_array*)
                0x080086ec                PROVIDE (__preinit_array_end, .)

.init_array     0x080086ec        0x8
                0x080086ec                PROVIDE (__init_array_start, .)
 *(SORT(.init_array.*))
 *(.init_array*)
 .init_array    0x080086ec        0x4 e:/ac6/systemworkbench20/plugins/fr.ac6.mcu.externaltools.arm-none.win32_1.13.2.201705091103/tools/compiler/bin/../lib/gcc/arm-none-eabi/5.4.1/armv7e-m/fpu/crtbegin.o
 .init_array    0x080086f0        0x4 Src/main.o
                0x080086f4                PROVIDE (__init_array_end, .)

.fini_array     0x080086f4        0x4
                [!provide]                PROVIDE (__fini_array_start, .)
 *(SORT(.fini_array.*))
 *(.fini_array*)
 .fini_array    0x080086f4        0x4 e:/ac6/systemworkbench20/plugins/fr.ac6.mcu.externaltools.arm-none.win32_1.13.2.201705091103/tools/compiler/bin/../lib/gcc/arm-none-eabi/5.4.1/armv7e-m/fpu/crtbegin.o
                [!provide]                PROVIDE (__fini_array_end, .)
                0x080086f8                _sidata = LOADADDR (.data)

.data           0x20000000      0x2b4 load address 0x080086f8
                0x20000000                . = ALIGN (0x4)
                0x20000000                _sdata = .
 *(.data)
 .data          0x20000000        0x4 Src/system_stm32f4xx.o
                0x20000000                SystemCoreClock
 .data          0x20000004       0xa0 hardware/iks01a1/drivers/BSP/Components/lsm6ds0/LSM6DS0_ACC_GYRO_driver_HL.o
                0x20000004                LSM6DS0_G_Drv
                0x20000054                LSM6DS0_X_Drv
 .data          0x200000a4      0x1ac hardware/iks01a1/drivers/BSP/Components/lsm6ds3/LSM6DS3_ACC_GYRO_driver_HL.o
                0x200000a4                LSM6DS3_G_Drv
                0x200000f4                LSM6DS3_X_Drv
                0x20000144                LSM6DS3_G_ExtDrv
                0x20000180                LSM6DS3_X_ExtDrv
 *(.data*)
 .data.impure_data
                0x20000250       0x60 e:/ac6/systemworkbench20/plugins/fr.ac6.mcu.externaltools.arm-none.win32_1.13.2.201705091103/tools/compiler/bin/../lib/gcc/arm-none-eabi/5.4.1/../../../../arm-none-eabi/lib/armv7e-m/fpu\libc_nano.a(lib_a-impure.o)
 .data._impure_ptr